Archive member included to satisfy reference by file (symbol)

/opt/devkitpro/libctru/lib/libctru.a(os.o)
                              main.o (osSetSpeedupEnable)
/opt/devkitpro/libctru/lib/libctru.a(console.o)
                              main.o (consoleInit)
/opt/devkitpro/libctru/lib/libctru.a(os-versionbin.o)
                              kernel.o (osGetSystemVersionData)
/opt/devkitpro/libctru/lib/libctru.a(srv.o)
                              ac.o (srvGetServiceHandle)
/opt/devkitpro/libctru/lib/libctru.a(gfx.o)
                              /opt/devkitpro/libctru/lib/libctru.a(console.o) (gfxSetScreenFormat)
/opt/devkitpro/libctru/lib/libctru.a(gx.o)
                              /opt/devkitpro/libctru/lib/libctru.a(gfx.o) (gxCmdBuf)
/opt/devkitpro/libctru/lib/libctru.a(cfgu.o)
                              main.o (cfguInit)
/opt/devkitpro/libctru/lib/libctru.a(srvpm.o)
                              /opt/devkitpro/libctru/lib/libctru.a(srv.o) (srvPmGetSessionHandle)
/opt/devkitpro/libctru/lib/libctru.a(dsp.o)
                              main.o (dspExit)
/opt/devkitpro/libctru/lib/libctru.a(gspgpu.o)
                              hardware.o (gspInit)
/opt/devkitpro/libctru/lib/libctru.a(mcuhwc.o)
                              main.o (mcuHwcInit)
/opt/devkitpro/libctru/lib/libctru.a(ac.o)
                              main.o (acExit)
/opt/devkitpro/libctru/lib/libctru.a(am.o)
                              main.o (amInit)
/opt/devkitpro/libctru/lib/libctru.a(apt.o)
                              main.o (aptMainLoop)
/opt/devkitpro/libctru/lib/libctru.a(ptmu.o)
                              main.o (ptmuInit)
/opt/devkitpro/libctru/lib/libctru.a(hid.o)
                              main.o (hidScanInput)
/opt/devkitpro/libctru/lib/libctru.a(ptmsysm.o)
                              /opt/devkitpro/libctru/lib/libctru.a(os.o) (ptmSysmInit)
/opt/devkitpro/libctru/lib/libctru.a(gsplcd.o)
                              system.o (gspLcdInit)
/opt/devkitpro/libctru/lib/libctru.a(fs.o)
                              screenshot.o (fsMakePath)
/opt/devkitpro/libctru/lib/libctru.a(soc_gethostid.o)
                              main.o (gethostid)
/opt/devkitpro/libctru/lib/libctru.a(soc_init.o)
                              main.o (socInit)
/opt/devkitpro/libctru/lib/libctru.a(soc_recvfrom.o)
                              /opt/devkitpro/libctru/lib/libctru.a(soc_init.o) (soc_recvfrom)
/opt/devkitpro/libctru/lib/libctru.a(soc_sendto.o)
                              /opt/devkitpro/libctru/lib/libctru.a(soc_init.o) (soc_sendto)
/opt/devkitpro/libctru/lib/libctru.a(utf16_to_utf8.o)
                              utils.o (utf16_to_utf8)
/opt/devkitpro/libctru/lib/libctru.a(decode_utf16.o)
                              /opt/devkitpro/libctru/lib/libctru.a(utf16_to_utf8.o) (decode_utf16)
/opt/devkitpro/libctru/lib/libctru.a(utf8_to_utf16.o)
                              /opt/devkitpro/libctru/lib/libctru.a(am.o) (utf8_to_utf16)
/opt/devkitpro/libctru/lib/libctru.a(initSystem.o)
                              /opt/devkitpro/libctru/lib/libctru.a(apt.o) (__system_retAddr)
/opt/devkitpro/libctru/lib/libctru.a(syscalls.o)
                              /opt/devkitpro/libctru/lib/libctru.a(initSystem.o) (__system_initSyscalls)
/opt/devkitpro/libctru/lib/libctru.a(allocateHeaps.o)
                              /opt/devkitpro/libctru/lib/libctru.a(initSystem.o) (__system_allocateHeaps)
/opt/devkitpro/libctru/lib/libctru.a(initArgv.o)
                              /opt/devkitpro/libctru/lib/libctru.a(initSystem.o) (__system_initArgv)
/opt/devkitpro/libctru/lib/libctru.a(svc.o)
                              /opt/devkitpro/libctru/lib/libctru.a(allocateHeaps.o) (svcControlMemory)
/opt/devkitpro/libctru/lib/libctru.a(stack_adjust.o)
                              /opt/devkitpro/devkitARM/lib/gcc/arm-none-eabi/8.1.0/../../../../arm-none-eabi/lib/armv6k/fpu/3dsx_crt0.o (initSystem)
/opt/devkitpro/libctru/lib/libctru.a(default_font.bin.o)
                              /opt/devkitpro/libctru/lib/libctru.a(console.o) (default_font_bin)
/opt/devkitpro/libctru/lib/libctru.a(vram.o)
                              /opt/devkitpro/libctru/lib/libctru.a(gfx.o) (vramAlloc)
/opt/devkitpro/libctru/lib/libctru.a(mappable.o)
                              /opt/devkitpro/libctru/lib/libctru.a(gfx.o) (mappableAlloc)
/opt/devkitpro/libctru/lib/libctru.a(linear.o)
                              /opt/devkitpro/libctru/lib/libctru.a(gfx.o) (linearAlloc)
/opt/devkitpro/libctru/lib/libctru.a(mem_pool.o)
                              /opt/devkitpro/libctru/lib/libctru.a(vram.o) (MemPool::Allocate(MemChunk&, unsigned long, int))
/opt/devkitpro/libctru/lib/libctru.a(romfs_dev.o)
                              /opt/devkitpro/libctru/lib/libctru.a(os-versionbin.o) (romfsMountFromFile)
/opt/devkitpro/libctru/lib/libctru.a(synchronization.o)
                              /opt/devkitpro/libctru/lib/libctru.a(initSystem.o) (__sync_init)
[...]
Memory Configuration

Name             Origin             Length             Attributes
*default*        0x0000000000000000 0xffffffffffffffff

Linker script and memory map

                0x0000000000100000                PROVIDE (__start__ = 0x100000)
                0x0000000000100000                . = __start__

.text           0x0000000000100000    0x22a04
 *(.crt0)
 .crt0          0x0000000000100000       0x94 /opt/devkitpro/devkitARM/lib/gcc/arm-none-eabi/8.1.0/../../../../arm-none-eabi/lib/armv6k/fpu/3dsx_crt0.o
                0x0000000000100000                _start
                0x0000000000100008                __service_ptr
                0x000000000010000c                __apt_appid
                0x0000000000100010                __heap_size
                0x0000000000100014                __linear_heap_size
                0x0000000000100018                __system_arglist
                0x000000000010001c                __system_runflags
 *(.init)
 .init          0x0000000000100094        0xc /opt/devkitpro/devkitARM/lib/gcc/arm-none-eabi/8.1.0/armv6k/fpu/crti.o
                0x0000000000100094                _init
 .init          0x00000000001000a0        0xc /opt/devkitpro/devkitARM/lib/gcc/arm-none-eabi/8.1.0/armv6k/fpu/crtn.o
                0x00000000001000ac                . = ALIGN (0x4)
 *(.text)
 .text          0x00000000001000ac       0x64 /opt/devkitpro/libctru/lib/libctru.a(stack_adjust.o)
                0x00000000001000ac                initSystem
                0x00000000001000f0                __ctru_exit
 .text          0x0000000000100110      0x20c /opt/devkitpro/devkitARM/lib/gcc/arm-none-eabi/8.1.0/armv6k/fpu/libgcc.a(_udivsi3.o)
                0x0000000000100110                __udivsi3
                0x0000000000100110                __aeabi_uidiv
                0x00000000001002fc                __aeabi_uidivmod
 .text          0x000000000010031c      0x240 /opt/devkitpro/devkitARM/lib/gcc/arm-none-eabi/8.1.0/armv6k/fpu/libgcc.a(_divsi3.o)
                0x000000000010031c                __aeabi_idiv
                0x000000000010031c                __divsi3
                0x000000000010053c                __aeabi_idivmod
 .text          0x000000000010055c        0x4 /opt/devkitpro/devkitARM/lib/gcc/arm-none-eabi/8.1.0/armv6k/fpu/libgcc.a(_dvmd_tls.o)
                0x000000000010055c                __aeabi_ldiv0
                0x000000000010055c                __aeabi_idiv0
 .text          0x0000000000100560      0x3c0 /opt/devkitpro/devkitARM/lib/gcc/arm-none-eabi/8.1.0/armv6k/fpu/libgcc.a(_arm_addsubdf3.o)
                0x0000000000100560                __aeabi_drsub
                0x0000000000100568                __aeabi_dsub
                0x0000000000100568                __subdf3
                0x000000000010056c                __adddf3
                0x000000000010056c                __aeabi_dadd
                0x0000000000100818                __aeabi_ui2d
                0x0000000000100818                __floatunsidf
                0x000000000010083c                __floatsidf
                0x000000000010083c                __aeabi_i2d
                0x0000000000100864                __extendsfdf2
                0x0000000000100864                __aeabi_f2d
                0x00000000001008ac                __aeabi_ul2d
                0x00000000001008ac                __floatundidf
                0x00000000001008c0                __floatdidf
                0x00000000001008c0                __aeabi_l2d
 .text          0x0000000000100920       0x3c /opt/devkitpro/devkitARM/lib/gcc/arm-none-eabi/8.1.0/armv6k/fpu/libgcc.a(_aeabi_uldivmod.o)
                0x0000000000100920                __aeabi_uldivmod
 *fill*         0x000000000010095c        0x4 
 .text          0x0000000000100960      0x390 /opt/devkitpro/devkitARM/lib/gcc/arm-none-eabi/8.1.0/../../../../arm-none-eabi/lib/armv6k/fpu/libg.a(lib_a-strcmp.o)
                0x0000000000100968                strcmp
 .text          0x0000000000100cf0       0xd4 /opt/devkitpro/devkitARM/lib/gcc/arm-none-eabi/8.1.0/armv6k/fpu/libgcc.a(_aeabi_ldivmod.o)
                0x0000000000100cf0                __aeabi_ldivmod
 *(.text.*)
 .text.deregister_tm_clones
                0x0000000000100dc4       0x2c /opt/devkitpro/devkitARM/lib/gcc/arm-none-eabi/8.1.0/armv6k/fpu/crtbegin.o
 .text.register_tm_clones
                0x0000000000100df0       0x38 /opt/devkitpro/devkitARM/lib/gcc/arm-none-eabi/8.1.0/armv6k/fpu/crtbegin.o
 .text.__do_global_dtors_aux
                0x0000000000100e28       0x44 /opt/devkitpro/devkitARM/lib/gcc/arm-none-eabi/8.1.0/armv6k/fpu/crtbegin.o
 .text.frame_dummy
                0x0000000000100e6c       0x34 /opt/devkitpro/devkitARM/lib/gcc/arm-none-eabi/8.1.0/armv6k/fpu/crtbegin.o
 .text.Init_Services
                0x0000000000100ea0       0x7c main.o
                0x0000000000100ea0                Init_Services
 .text.Term_Services
                0x0000000000100f1c       0x70 main.o
                0x0000000000100f1c                Term_Services
 *fill*         0x0000000000100f8c        0x4 
 .text.startup.main
                0x0000000000100f90      0x900 main.o
                0x0000000000100f90                main
 .text.Hardware_GetBrightness
                0x0000000000101890       0x8c hardware.o
                0x0000000000101890                Hardware_GetBrightness
 .text.System_GetModel
                0x000000000010191c       0x6c system.o
                0x000000000010191c                System_GetModel
 .text.System_GetRegion
                0x0000000000101988       0x6c system.o
                0x0000000000101988                System_GetRegion
 .text.System_GetFirmRegion
                0x00000000001019f4       0xf8 system.o
                0x00000000001019f4                System_GetFirmRegion
 .text.System_GetLang
                0x0000000000101aec       0x74 system.o
                0x0000000000101aec                System_GetLang
 .text.System_GetMacAddress
                0x0000000000101b60       0x64 system.o
                0x0000000000101b60                System_GetMacAddress
 .text.System_GetRunningHW
                0x0000000000101bc4       0x38 system.o
                0x0000000000101bc4                System_GetRunningHW
 .text.System_GetScreenType
                0x0000000000101bfc      0x180 system.o
                0x0000000000101bfc                System_GetScreenType
 .text.System_GetLocalFriendCodeSeed
                0x0000000000101d7c       0x38 system.o
                0x0000000000101d7c                System_GetLocalFriendCodeSeed
 .text.System_GetSerialNumber
                0x0000000000101db4       0x24 system.o
                0x0000000000101db4                System_GetSerialNumber
 .text.System_GetSoapId
                0x0000000000101dd8       0x34 system.o
                0x0000000000101dd8                System_GetSoapId
 .text.Storage_GetFreeStorage
                0x0000000000101e0c       0x48 storage.o
                0x0000000000101e0c                Storage_GetFreeStorage
 .text.Storage_GetTotalStorage
                0x0000000000101e54       0x48 storage.o
                0x0000000000101e54                Storage_GetTotalStorage
 *fill*         0x0000000000101e9c        0x4 
 .text.Utils_GetSizeString
                0x0000000000101ea0       0x9c utils.o
                0x0000000000101ea0                Utils_GetSizeString
 .text.Utils_IsN3DS
                0x0000000000101f3c       0x2c utils.o
                0x0000000000101f3c                Utils_IsN3DS
 .text.Utils_ExtractBetween
                0x0000000000101f68       0x70 utils.o
                0x0000000000101f68                Utils_ExtractBetween
 .text.generateScreenshotFileName.constprop.0
                0x0000000000101fd8       0xa8 screenshot.o
 .text.Screenshot_Capture
                0x0000000000102080      0x2d4 screenshot.o
                0x0000000000102080                Screenshot_Capture
 .text.Misc_TitleCount
                0x0000000000102354       0x2c misc.o
                0x0000000000102354                Misc_TitleCount
 .text.WiFi_GetSecurityMode
                0x0000000000102380       0x5c wifi.o
                0x0000000000102380                WiFi_GetSecurityMode
 .text.Kernel_GetInitalVersion
                0x00000000001023dc      0x1b0 kernel.o
                0x00000000001023dc                Kernel_GetInitalVersion
 .text.Kernel_GetVersion
                0x000000000010258c      0x188 kernel.o
                0x000000000010258c                Kernel_GetVersion
 .text.Kernel_GetSDMCCID
                0x0000000000102714       0xbc kernel.o
                0x0000000000102714                Kernel_GetSDMCCID
 .text.Kernel_GetNANDCID
                0x00000000001027d0       0xbc kernel.o
                0x00000000001027d0                Kernel_GetNANDCID
 .text.Kernel_GetDeviceId
                0x000000000010288c       0x2c kernel.o
                0x000000000010288c                Kernel_GetDeviceId
 .text.FS_OpenArchive
                0x00000000001028b8       0x4c fs.o
                0x00000000001028b8                FS_OpenArchive
 .text.FS_CloseArchive
                0x0000000000102904       0x10 fs.o
                0x0000000000102904                FS_CloseArchive
 .text.FS_MakeDir
                0x0000000000102914       0x48 fs.o
                0x0000000000102914                FS_MakeDir
 .text.FS_FileExists
                0x000000000010295c       0x70 fs.o
                0x000000000010295c                FS_FileExists
 .text.FS_DirExists
                0x00000000001029cc       0x5c fs.o
                0x00000000001029cc                FS_DirExists
 .text.aciInit  0x0000000000102a28       0x14 ac.o
                0x0000000000102a28                aciInit
 .text.aciExit  0x0000000000102a3c       0x10 ac.o
                0x0000000000102a3c                aciExit
 .text.ACI_LoadWiFiSlot
                0x0000000000102a4c       0x34 ac.o
                0x0000000000102a4c                ACI_LoadWiFiSlot
 .text.ACI_GetSSID
                0x0000000000102a80       0x40 ac.o
                0x0000000000102a80                ACI_GetSSID
 .text.ACI_GetPassphrase
                0x0000000000102ac0       0x40 ac.o
                0x0000000000102ac0                ACI_GetPassphrase
 .text.ACI_GetSecurityMode
                0x0000000000102b00       0x3c ac.o
                0x0000000000102b00                ACI_GetSecurityMode
 .text.actInit  0x0000000000102b3c       0x88 actu.o
                0x0000000000102b3c                actInit
 .text.actExit  0x0000000000102bc4       0x34 actu.o
                0x0000000000102bc4                actExit
 .text.ACTU_GetAccountDataBlock
                0x0000000000102bf8       0x50 actu.o
                0x0000000000102bf8                ACTU_GetAccountDataBlock
 .text.getSysTime
                0x0000000000102c48       0x58 /opt/devkitpro/libctru/lib/libctru.a(os.o)
 .text.__ctru_speedup_config.part.0
                0x0000000000102ca0       0x28 /opt/devkitpro/libctru/lib/libctru.a(os.o)
 .text.osGetMemRegionUsed
                0x0000000000102cc8       0x24 /opt/devkitpro/libctru/lib/libctru.a(os.o)
                0x0000000000102cc8                osGetMemRegionUsed
 *fill*         0x0000000000102cec        0x4 
 .text.__libctru_gtod
                0x0000000000102cf0      0x128 /opt/devkitpro/libctru/lib/libctru.a(os.o)
                0x0000000000102cf0                __libctru_gtod
 .text.__ctru_speedup_config
                0x0000000000102e18       0x18 /opt/devkitpro/libctru/lib/libctru.a(os.o)
                0x0000000000102e18                __ctru_speedup_config
 .text.osSetSpeedupEnable
                0x0000000000102e30       0x24 /opt/devkitpro/libctru/lib/libctru.a(os.o)
                0x0000000000102e30                osSetSpeedupEnable
 .text.consoleDrawChar
                0x0000000000102e54      0x1b8 /opt/devkitpro/libctru/lib/libctru.a(console.o)
                0x0000000000102e54                consoleDrawChar
 .text.consolePrintChar
                0x000000000010300c      0x124 /opt/devkitpro/libctru/lib/libctru.a(console.o)
                0x000000000010300c                consolePrintChar
 .text.consoleCls
                0x0000000000103130      0x164 /opt/devkitpro/libctru/lib/libctru.a(console.o)
 .text.consoleInit
                0x0000000000103294      0x104 /opt/devkitpro/libctru/lib/libctru.a(console.o)
                0x0000000000103294                consoleInit
 .text.consoleClearLine
                0x0000000000103398      0x114 /opt/devkitpro/libctru/lib/libctru.a(console.o)
 .text.newRow   0x00000000001034ac       0xc4 /opt/devkitpro/libctru/lib/libctru.a(console.o)
 .text.con_write
                0x0000000000103570      0x7b8 /opt/devkitpro/libctru/lib/libctru.a(console.o)
                0x0000000000103570                con_write
 .text.__read_versionbin.constprop.0
                0x0000000000103d28       0xdc /opt/devkitpro/libctru/lib/libctru.a(os-versionbin.o)
 .text.osGetSystemVersionData
                0x0000000000103e04      0x114 /opt/devkitpro/libctru/lib/libctru.a(os-versionbin.o)
                0x0000000000103e04                osGetSystemVersionData
 .text.srvExit  0x0000000000103f18       0x58 /opt/devkitpro/libctru/lib/libctru.a(srv.o)
                0x0000000000103f18                srvExit
 .text.srvRegisterClient
                0x0000000000103f70       0x38 /opt/devkitpro/libctru/lib/libctru.a(srv.o)
                0x0000000000103f70                srvRegisterClient
 .text.srvInit  0x0000000000103fa8       0xc8 /opt/devkitpro/libctru/lib/libctru.a(srv.o)
                0x0000000000103fa8                srvInit
 .text.srvGetServiceHandleDirect
                0x0000000000104070       0x80 /opt/devkitpro/libctru/lib/libctru.a(srv.o)
                0x0000000000104070                srvGetServiceHandleDirect
 .text.srvGetServiceHandle
                0x00000000001040f0       0x38 /opt/devkitpro/libctru/lib/libctru.a(srv.o)
                0x00000000001040f0                srvGetServiceHandle
 .text.gfxSetFramebufferInfo.part.0
                0x0000000000104128       0x8c /opt/devkitpro/libctru/lib/libctru.a(gfx.o)
 .text.gfxSetFramebufferInfo
                0x00000000001041b4       0x6c /opt/devkitpro/libctru/lib/libctru.a(gfx.o)
 .text.gfxGetFramebuffer.part.1
                0x0000000000104220       0x58 /opt/devkitpro/libctru/lib/libctru.a(gfx.o)
 .text.__get_bytes_per_pixel
                0x0000000000104278       0x18 /opt/devkitpro/libctru/lib/libctru.a(gfx.o)
                0x0000000000104278                __get_bytes_per_pixel
 .text.gfxSetScreenFormat
                0x0000000000104290      0x184 /opt/devkitpro/libctru/lib/libctru.a(gfx.o)
                0x0000000000104290                gfxSetScreenFormat
 .text.gfxSetDoubleBuffering
                0x0000000000104414       0x10 /opt/devkitpro/libctru/lib/libctru.a(gfx.o)
                0x0000000000104414                gfxSetDoubleBuffering
 .text.gfxInit  0x0000000000104424      0x210 /opt/devkitpro/libctru/lib/libctru.a(gfx.o)
                0x0000000000104424                gfxInit
 .text.gfxInitDefault
                0x0000000000104634       0x10 /opt/devkitpro/libctru/lib/libctru.a(gfx.o)
                0x0000000000104634                gfxInitDefault
 .text.gfxExit  0x0000000000104644       0xe0 /opt/devkitpro/libctru/lib/libctru.a(gfx.o)
                0x0000000000104644                gfxExit
 .text.gfxGetFramebuffer
                0x0000000000104724       0x60 /opt/devkitpro/libctru/lib/libctru.a(gfx.o)
                0x0000000000104724                gfxGetFramebuffer
 .text.gfxFlushBuffers
                0x0000000000104784       0xcc /opt/devkitpro/libctru/lib/libctru.a(gfx.o)
                0x0000000000104784                gfxFlushBuffers
 .text.gfxConfigScreen
                0x0000000000104850       0xf8 /opt/devkitpro/libctru/lib/libctru.a(gfx.o)
                0x0000000000104850                gfxConfigScreen
 .text.gfxSwapBuffers
                0x0000000000104948       0x20 /opt/devkitpro/libctru/lib/libctru.a(gfx.o)
                0x0000000000104948                gfxSwapBuffers
 .text.gfxSwapBuffersGpu
                0x0000000000104968       0x20 /opt/devkitpro/libctru/lib/libctru.a(gfx.o)
                0x0000000000104968                gfxSwapBuffersGpu
 .text.cfguInit
                0x0000000000104988       0xa4 /opt/devkitpro/libctru/lib/libctru.a(cfgu.o)
                0x0000000000104988                cfguInit
 .text.cfguExit
                0x0000000000104a2c       0x3c /opt/devkitpro/libctru/lib/libctru.a(cfgu.o)
                0x0000000000104a2c                cfguExit
 .text.CFGU_SecureInfoGetRegion
                0x0000000000104a68       0x38 /opt/devkitpro/libctru/lib/libctru.a(cfgu.o)
                0x0000000000104a68                CFGU_SecureInfoGetRegion
 .text.CFGU_GetSystemModel
                0x0000000000104aa0       0x38 /opt/devkitpro/libctru/lib/libctru.a(cfgu.o)
                0x0000000000104aa0                CFGU_GetSystemModel
 .text.CFGU_GetConfigInfoBlk2
                0x0000000000104ad8       0x44 /opt/devkitpro/libctru/lib/libctru.a(cfgu.o)
                0x0000000000104ad8                CFGU_GetConfigInfoBlk2
 .text.CFGU_GetSystemLanguage
                0x0000000000104b1c       0x14 /opt/devkitpro/libctru/lib/libctru.a(cfgu.o)
                0x0000000000104b1c                CFGU_GetSystemLanguage
 .text.CFGI_SecureInfoGetSerialNumber
                0x0000000000104b30       0x44 /opt/devkitpro/libctru/lib/libctru.a(cfgu.o)
                0x0000000000104b30                CFGI_SecureInfoGetSerialNumber
 .text.CFGI_GetLocalFriendCodeSeed
                0x0000000000104b74       0x3c /opt/devkitpro/libctru/lib/libctru.a(cfgu.o)
                0x0000000000104b74                CFGI_GetLocalFriendCodeSeed
 .text.srvPmGetSessionHandle
                0x0000000000104bb0        0xc /opt/devkitpro/libctru/lib/libctru.a(srvpm.o)
                0x0000000000104bb0                srvPmGetSessionHandle
 .text.dspExit  0x0000000000104bbc       0x3c /opt/devkitpro/libctru/lib/libctru.a(dsp.o)
                0x0000000000104bbc                dspExit
 .text.DSP_UnloadComponent
                0x0000000000104bf8       0x2c /opt/devkitpro/libctru/lib/libctru.a(dsp.o)
                0x0000000000104bf8                DSP_UnloadComponent
 .text.dspInit  0x0000000000104c24       0x80 /opt/devkitpro/libctru/lib/libctru.a(dsp.o)
                0x0000000000104c24                dspInit
 .text.gspInit  0x0000000000104ca4       0x74 /opt/devkitpro/libctru/lib/libctru.a(gspgpu.o)
                0x0000000000104ca4                gspInit
 .text.gspExit  0x0000000000104d18       0x3c /opt/devkitpro/libctru/lib/libctru.a(gspgpu.o)
                0x0000000000104d18                gspExit
 .text.gspInitEventHandler
                0x0000000000104d54       0xa0 /opt/devkitpro/libctru/lib/libctru.a(gspgpu.o)
                0x0000000000104d54                gspInitEventHandler
 .text.gspExitEventHandler
                0x0000000000104df4       0x40 /opt/devkitpro/libctru/lib/libctru.a(gspgpu.o)
                0x0000000000104df4                gspExitEventHandler
 .text.gspWaitForEvent
                0x0000000000104e34       0x44 /opt/devkitpro/libctru/lib/libctru.a(gspgpu.o)
                0x0000000000104e34                gspWaitForEvent
 .text.gxCmdQueueInterrupt
                0x0000000000104e78        0x4 /opt/devkitpro/libctru/lib/libctru.a(gspgpu.o)
                0x0000000000104e78                gxCmdQueueInterrupt
 .text.gspEventThreadMain
                0x0000000000104e7c      0x178 /opt/devkitpro/libctru/lib/libctru.a(gspgpu.o)
 .text.GSPGPU_ReadHWRegs
                0x0000000000104ff4       0x68 /opt/devkitpro/libctru/lib/libctru.a(gspgpu.o)
                0x0000000000104ff4                GSPGPU_ReadHWRegs
 .text.GSPGPU_SetBufferSwap
                0x000000000010505c       0x6c /opt/devkitpro/libctru/lib/libctru.a(gspgpu.o)
                0x000000000010505c                GSPGPU_SetBufferSwap
 .text.GSPGPU_FlushDataCache
                0x00000000001050c8       0x4c /opt/devkitpro/libctru/lib/libctru.a(gspgpu.o)
                0x00000000001050c8                GSPGPU_FlushDataCache
 .text.GSPGPU_SetLcdForceBlack
                0x0000000000105114       0x34 /opt/devkitpro/libctru/lib/libctru.a(gspgpu.o)
                0x0000000000105114                GSPGPU_SetLcdForceBlack
 .text.GSPGPU_RegisterInterruptRelayQueue
                0x0000000000105148       0x64 /opt/devkitpro/libctru/lib/libctru.a(gspgpu.o)
                0x0000000000105148                GSPGPU_RegisterInterruptRelayQueue
 .text.GSPGPU_UnregisterInterruptRelayQueue
                0x00000000001051ac       0x2c /opt/devkitpro/libctru/lib/libctru.a(gspgpu.o)
                0x00000000001051ac                GSPGPU_UnregisterInterruptRelayQueue
 .text.GSPGPU_AcquireRight
                0x00000000001051d8       0x48 /opt/devkitpro/libctru/lib/libctru.a(gspgpu.o)
                0x00000000001051d8                GSPGPU_AcquireRight
 .text.GSPGPU_ReleaseRight
                0x0000000000105220       0x2c /opt/devkitpro/libctru/lib/libctru.a(gspgpu.o)
                0x0000000000105220                GSPGPU_ReleaseRight
 .text.GSPGPU_ImportDisplayCaptureInfo
                0x000000000010524c       0x80 /opt/devkitpro/libctru/lib/libctru.a(gspgpu.o)
                0x000000000010524c                GSPGPU_ImportDisplayCaptureInfo
 .text.GSPGPU_SaveVramSysArea
                0x00000000001052cc       0x2c /opt/devkitpro/libctru/lib/libctru.a(gspgpu.o)
                0x00000000001052cc                GSPGPU_SaveVramSysArea
 .text.GSPGPU_RestoreVramSysArea
                0x00000000001052f8       0x2c /opt/devkitpro/libctru/lib/libctru.a(gspgpu.o)
                0x00000000001052f8                GSPGPU_RestoreVramSysArea
 .text.mcuHwcInit
                0x0000000000105324       0x74 /opt/devkitpro/libctru/lib/libctru.a(mcuhwc.o)
                0x0000000000105324                mcuHwcInit
 .text.mcuHwcExit
                0x0000000000105398       0x3c /opt/devkitpro/libctru/lib/libctru.a(mcuhwc.o)
                0x0000000000105398                mcuHwcExit
 .text.MCUHWC_GetBatteryVoltage
                0x00000000001053d4       0x38 /opt/devkitpro/libctru/lib/libctru.a(mcuhwc.o)
                0x00000000001053d4                MCUHWC_GetBatteryVoltage
 .text.MCUHWC_GetBatteryLevel
                0x000000000010540c       0x38 /opt/devkitpro/libctru/lib/libctru.a(mcuhwc.o)
                0x000000000010540c                MCUHWC_GetBatteryLevel
 .text.MCUHWC_GetFwVerHigh
                0x0000000000105444       0x38 /opt/devkitpro/libctru/lib/libctru.a(mcuhwc.o)
                0x0000000000105444                MCUHWC_GetFwVerHigh
 .text.MCUHWC_GetFwVerLow
                0x000000000010547c       0x38 /opt/devkitpro/libctru/lib/libctru.a(mcuhwc.o)
                0x000000000010547c                MCUHWC_GetFwVerLow
 .text.acExit   0x00000000001054b4       0x3c /opt/devkitpro/libctru/lib/libctru.a(ac.o)
                0x00000000001054b4                acExit
 .text.amInit   0x00000000001054f0       0xa4 /opt/devkitpro/libctru/lib/libctru.a(am.o)
                0x00000000001054f0                amInit
 .text.amAppInit
                0x0000000000105594       0x8c /opt/devkitpro/libctru/lib/libctru.a(am.o)
                0x0000000000105594                amAppInit
 .text.amExit   0x0000000000105620       0x3c /opt/devkitpro/libctru/lib/libctru.a(am.o)
                0x0000000000105620                amExit
 .text.AM_GetTitleCount
                0x000000000010565c       0x48 /opt/devkitpro/libctru/lib/libctru.a(am.o)
                0x000000000010565c                AM_GetTitleCount
 .text.AM_GetDeviceId
                0x00000000001056a4       0x40 /opt/devkitpro/libctru/lib/libctru.a(am.o)
                0x00000000001056a4                AM_GetDeviceId
 .text._aptDebug
                0x00000000001056e4        0x4 /opt/devkitpro/libctru/lib/libctru.a(apt.o)
                0x00000000001056e4                _aptDebug
 .text.aptSendCommand
                0x00000000001056e8      0x170 /opt/devkitpro/libctru/lib/libctru.a(apt.o)
                0x00000000001056e8                aptSendCommand
 .text.aptExitProcess
                0x0000000000105858       0x3c /opt/devkitpro/libctru/lib/libctru.a(apt.o)
 .text.APT_InquireNotification
                0x0000000000105894       0x4c /opt/devkitpro/libctru/lib/libctru.a(apt.o)
                0x0000000000105894                APT_InquireNotification
 .text.aptEventHandler
                0x00000000001058e0      0x198 /opt/devkitpro/libctru/lib/libctru.a(apt.o)
 .text.APT_AppletUtility
                0x0000000000105a78       0x74 /opt/devkitpro/libctru/lib/libctru.a(apt.o)
                0x0000000000105a78                APT_AppletUtility
 .text.aptSetSleepAllowed
                0x0000000000105aec       0xb0 /opt/devkitpro/libctru/lib/libctru.a(apt.o)
                0x0000000000105aec                aptSetSleepAllowed
 .text.APT_GlanceParameter
                0x0000000000105b9c       0xb0 /opt/devkitpro/libctru/lib/libctru.a(apt.o)
                0x0000000000105b9c                APT_GlanceParameter
 .text.APT_ReceiveParameter
                0x0000000000105c4c       0xc4 /opt/devkitpro/libctru/lib/libctru.a(apt.o)
                0x0000000000105c4c                APT_ReceiveParameter
 .text.aptReceiveParameter.constprop.0
                0x0000000000105d10       0xbc /opt/devkitpro/libctru/lib/libctru.a(apt.o)
 *fill*         0x0000000000105dcc        0x4 
 .text.aptScreenTransfer
                0x0000000000105dd0      0x1e0 /opt/devkitpro/libctru/lib/libctru.a(apt.o)
 .text.aptWaitForWakeUp
                0x0000000000105fb0      0x210 /opt/devkitpro/libctru/lib/libctru.a(apt.o)
 .text.APT_CancelParameter
                0x00000000001061c0       0x70 /opt/devkitpro/libctru/lib/libctru.a(apt.o)
                0x00000000001061c0                APT_CancelParameter
 .text.aptInit  0x0000000000106230      0x25c /opt/devkitpro/libctru/lib/libctru.a(apt.o)
                0x0000000000106230                aptInit
 .text.aptClearParamQueue
                0x000000000010648c       0x88 /opt/devkitpro/libctru/lib/libctru.a(apt.o)
 .text.aptMainLoop
                0x0000000000106514      0x208 /opt/devkitpro/libctru/lib/libctru.a(apt.o)
                0x0000000000106514                aptMainLoop
 *fill*         0x000000000010671c        0x4 
 .text.aptExit  0x0000000000106720      0x23c /opt/devkitpro/libctru/lib/libctru.a(apt.o)
                0x0000000000106720                aptExit
 .text.APT_SetAppCpuTimeLimit
                0x000000000010695c       0x30 /opt/devkitpro/libctru/lib/libctru.a(apt.o)
                0x000000000010695c                APT_SetAppCpuTimeLimit
 .text.APT_GetAppCpuTimeLimit
                0x000000000010698c       0x3c /opt/devkitpro/libctru/lib/libctru.a(apt.o)
                0x000000000010698c                APT_GetAppCpuTimeLimit
 .text.APT_CheckNew3DS
                0x00000000001069c8       0x7c /opt/devkitpro/libctru/lib/libctru.a(apt.o)
                0x00000000001069c8                APT_CheckNew3DS
 .text.ptmuInit
                0x0000000000106a44       0x74 /opt/devkitpro/libctru/lib/libctru.a(ptmu.o)
                0x0000000000106a44                ptmuInit
 .text.ptmuExit
                0x0000000000106ab8       0x3c /opt/devkitpro/libctru/lib/libctru.a(ptmu.o)
                0x0000000000106ab8                ptmuExit
 .text.PTMU_GetBatteryChargeState
                0x0000000000106af4       0x38 /opt/devkitpro/libctru/lib/libctru.a(ptmu.o)
                0x0000000000106af4                PTMU_GetBatteryChargeState
 .text.PTMU_GetAdapterState
                0x0000000000106b2c       0x44 /opt/devkitpro/libctru/lib/libctru.a(ptmu.o)
                0x0000000000106b2c                PTMU_GetAdapterState
 .text.hidCheckSectionUpdateTime.part.0
                0x0000000000106b70       0x28 /opt/devkitpro/libctru/lib/libctru.a(hid.o)
 .text.hidExit  0x0000000000106b98       0xd0 /opt/devkitpro/libctru/lib/libctru.a(hid.o)
                0x0000000000106b98                hidExit
 .text.hidScanInput
                0x0000000000106c68      0x210 /opt/devkitpro/libctru/lib/libctru.a(hid.o)
                0x0000000000106c68                hidScanInput
 .text.hidKeysHeld
                0x0000000000106e78       0x10 /opt/devkitpro/libctru/lib/libctru.a(hid.o)
                0x0000000000106e78                hidKeysHeld
 .text.hidKeysDown
                0x0000000000106e88       0x10 /opt/devkitpro/libctru/lib/libctru.a(hid.o)
                0x0000000000106e88                hidKeysDown
 .text.HIDUSER_GetHandles
                0x0000000000106e98       0x90 /opt/devkitpro/libctru/lib/libctru.a(hid.o)
                0x0000000000106e98                HIDUSER_GetHandles
 .text.hidInit  0x0000000000106f28      0x1a4 /opt/devkitpro/libctru/lib/libctru.a(hid.o)
                0x0000000000106f28                hidInit
 .text.HIDUSER_GetSoundVolume
                0x00000000001070cc       0x38 /opt/devkitpro/libctru/lib/libctru.a(hid.o)
                0x00000000001070cc                HIDUSER_GetSoundVolume
 .text.ptmSysmInit
                0x0000000000107104       0x74 /opt/devkitpro/libctru/lib/libctru.a(ptmsysm.o)
                0x0000000000107104                ptmSysmInit
 .text.ptmSysmExit
                0x0000000000107178       0x3c /opt/devkitpro/libctru/lib/libctru.a(ptmsysm.o)
                0x0000000000107178                ptmSysmExit
 .text.PTMSYSM_ConfigureNew3DSCPU
                0x00000000001071b4       0x34 /opt/devkitpro/libctru/lib/libctru.a(ptmsysm.o)
                0x00000000001071b4                PTMSYSM_ConfigureNew3DSCPU
 .text.gspLcdInit
                0x00000000001071e8       0x74 /opt/devkitpro/libctru/lib/libctru.a(gsplcd.o)
                0x00000000001071e8                gspLcdInit
 .text.gspLcdExit
                0x000000000010725c       0x3c /opt/devkitpro/libctru/lib/libctru.a(gsplcd.o)
                0x000000000010725c                gspLcdExit
 .text.GSPLCD_GetVendors
                0x0000000000107298       0x40 /opt/devkitpro/libctru/lib/libctru.a(gsplcd.o)
                0x0000000000107298                GSPLCD_GetVendors
 .text.fsSessionForArchive.part.0
                0x00000000001072d8       0x28 /opt/devkitpro/libctru/lib/libctru.a(fs.o)
 .text.fsInit   0x0000000000107300       0xc4 /opt/devkitpro/libctru/lib/libctru.a(fs.o)
                0x0000000000107300                fsInit
 .text.fsExit   0x00000000001073c4       0x3c /opt/devkitpro/libctru/lib/libctru.a(fs.o)
                0x00000000001073c4                fsExit
 .text.fsExemptFromSession
                0x0000000000107400       0x64 /opt/devkitpro/libctru/lib/libctru.a(fs.o)
                0x0000000000107400                fsExemptFromSession
 .text.fsUnexemptFromSession
                0x0000000000107464       0x54 /opt/devkitpro/libctru/lib/libctru.a(fs.o)
                0x0000000000107464                fsUnexemptFromSession
 .text.fsMakePath
                0x00000000001074b8       0x88 /opt/devkitpro/libctru/lib/libctru.a(fs.o)
                0x00000000001074b8                fsMakePath
 .text.FSUSER_OpenFile
                0x0000000000107540       0xbc /opt/devkitpro/libctru/lib/libctru.a(fs.o)
                0x0000000000107540                FSUSER_OpenFile
 .text.FSUSER_OpenFileDirectly
                0x00000000001075fc       0xd4 /opt/devkitpro/libctru/lib/libctru.a(fs.o)
                0x00000000001075fc                FSUSER_OpenFileDirectly
 .text.FSUSER_DeleteFile
                0x00000000001076d0       0xa4 /opt/devkitpro/libctru/lib/libctru.a(fs.o)
                0x00000000001076d0                FSUSER_DeleteFile
 .text.FSUSER_RenameFile
                0x0000000000107774       0xdc /opt/devkitpro/libctru/lib/libctru.a(fs.o)
                0x0000000000107774                FSUSER_RenameFile
 .text.FSUSER_DeleteDirectory
                0x0000000000107850       0xa4 /opt/devkitpro/libctru/lib/libctru.a(fs.o)
                0x0000000000107850                FSUSER_DeleteDirectory
 .text.FSUSER_CreateFile
                0x00000000001078f4       0xbc /opt/devkitpro/libctru/lib/libctru.a(fs.o)
                0x00000000001078f4                FSUSER_CreateFile
 .text.FSUSER_CreateDirectory
                0x00000000001079b0       0xac /opt/devkitpro/libctru/lib/libctru.a(fs.o)
                0x00000000001079b0                FSUSER_CreateDirectory
 .text.FSUSER_RenameDirectory
                0x0000000000107a5c       0xdc /opt/devkitpro/libctru/lib/libctru.a(fs.o)
                0x0000000000107a5c                FSUSER_RenameDirectory
 .text.FSUSER_OpenDirectory
                0x0000000000107b38       0xa0 /opt/devkitpro/libctru/lib/libctru.a(fs.o)
                0x0000000000107b38                FSUSER_OpenDirectory
 .text.FSUSER_OpenArchive
                0x0000000000107bd8       0x98 /opt/devkitpro/libctru/lib/libctru.a(fs.o)
                0x0000000000107bd8                FSUSER_OpenArchive
 .text.FSUSER_CloseArchive
                0x0000000000107c70       0x70 /opt/devkitpro/libctru/lib/libctru.a(fs.o)
                0x0000000000107c70                FSUSER_CloseArchive
 .text.FSUSER_GetSdmcArchiveResource
                0x0000000000107ce0       0x78 /opt/devkitpro/libctru/lib/libctru.a(fs.o)
                0x0000000000107ce0                FSUSER_GetSdmcArchiveResource
 .text.FSUSER_IsSdmcWritable
                0x0000000000107d58       0x64 /opt/devkitpro/libctru/lib/libctru.a(fs.o)
                0x0000000000107d58                FSUSER_IsSdmcWritable
 .text.FSUSER_GetSdmcCid
                0x0000000000107dbc       0x58 /opt/devkitpro/libctru/lib/libctru.a(fs.o)
                0x0000000000107dbc                FSUSER_GetSdmcCid
 .text.FSUSER_GetNandCid
                0x0000000000107e14       0x58 /opt/devkitpro/libctru/lib/libctru.a(fs.o)
                0x0000000000107e14                FSUSER_GetNandCid
 .text.FSUSER_GetArchiveResource
                0x0000000000107e6c       0x7c /opt/devkitpro/libctru/lib/libctru.a(fs.o)
                0x0000000000107e6c                FSUSER_GetArchiveResource
 .text.FSFILE_Read
                0x0000000000107ee8       0x58 /opt/devkitpro/libctru/lib/libctru.a(fs.o)
                0x0000000000107ee8                FSFILE_Read
 .text.FSFILE_Write
                0x0000000000107f40       0x64 /opt/devkitpro/libctru/lib/libctru.a(fs.o)
                0x0000000000107f40                FSFILE_Write
 .text.FSFILE_GetSize
                0x0000000000107fa4       0x38 /opt/devkitpro/libctru/lib/libctru.a(fs.o)
                0x0000000000107fa4                FSFILE_GetSize
 .text.FSFILE_SetSize
                0x0000000000107fdc       0x28 /opt/devkitpro/libctru/lib/libctru.a(fs.o)
                0x0000000000107fdc                FSFILE_SetSize
 .text.FSFILE_Close
                0x0000000000108004       0x3c /opt/devkitpro/libctru/lib/libctru.a(fs.o)
                0x0000000000108004                FSFILE_Close
 .text.FSFILE_Flush
                0x0000000000108040       0x24 /opt/devkitpro/libctru/lib/libctru.a(fs.o)
                0x0000000000108040                FSFILE_Flush
 .text.FSDIR_Read
                0x0000000000108064       0x54 /opt/devkitpro/libctru/lib/libctru.a(fs.o)
                0x0000000000108064                FSDIR_Read
 .text.FSDIR_Close
                0x00000000001080b8       0x3c /opt/devkitpro/libctru/lib/libctru.a(fs.o)
                0x00000000001080b8                FSDIR_Close
 .text.gethostid
                0x00000000001080f4       0x50 /opt/devkitpro/libctru/lib/libctru.a(soc_gethostid.o)
                0x00000000001080f4                gethostid
 .text.soc_open
                0x0000000000108144       0x10 /opt/devkitpro/libctru/lib/libctru.a(soc_init.o)
 .text.soc_read
                0x0000000000108154       0x30 /opt/devkitpro/libctru/lib/libctru.a(soc_init.o)
 .text.soc_write
                0x0000000000108184       0x30 /opt/devkitpro/libctru/lib/libctru.a(soc_init.o)
 .text.soc_close
                0x00000000001081b4       0x90 /opt/devkitpro/libctru/lib/libctru.a(soc_init.o)
 .text.socInit  0x0000000000108244      0x14c /opt/devkitpro/libctru/lib/libctru.a(soc_init.o)
                0x0000000000108244                socInit
 .text.socExit  0x0000000000108390       0x88 /opt/devkitpro/libctru/lib/libctru.a(soc_init.o)
                0x0000000000108390                socExit
 .text.socuipc_cmd7
                0x0000000000108418      0x13c /opt/devkitpro/libctru/lib/libctru.a(soc_recvfrom.o)
                0x0000000000108418                socuipc_cmd7
 .text.socuipc_cmd8
                0x0000000000108554      0x154 /opt/devkitpro/libctru/lib/libctru.a(soc_recvfrom.o)
                0x0000000000108554                socuipc_cmd8
 .text.soc_recvfrom
                0x00000000001086a8       0x10 /opt/devkitpro/libctru/lib/libctru.a(soc_recvfrom.o)
                0x00000000001086a8                soc_recvfrom
 .text.socuipc_cmd9
                0x00000000001086b8      0x15c /opt/devkitpro/libctru/lib/libctru.a(soc_sendto.o)
                0x00000000001086b8                socuipc_cmd9
 .text.socuipc_cmda
                0x0000000000108814      0x160 /opt/devkitpro/libctru/lib/libctru.a(soc_sendto.o)
                0x0000000000108814                socuipc_cmda
 .text.soc_sendto
                0x0000000000108974       0x10 /opt/devkitpro/libctru/lib/libctru.a(soc_sendto.o)
                0x0000000000108974                soc_sendto
 .text.utf16_to_utf8
                0x0000000000108984       0xe8 /opt/devkitpro/libctru/lib/libctru.a(utf16_to_utf8.o)
                0x0000000000108984                utf16_to_utf8
 .text.decode_utf16
                0x0000000000108a6c       0x60 /opt/devkitpro/libctru/lib/libctru.a(decode_utf16.o)
                0x0000000000108a6c                decode_utf16
 .text.utf8_to_utf16
                0x0000000000108acc       0xc0 /opt/devkitpro/libctru/lib/libctru.a(utf8_to_utf16.o)
                0x0000000000108acc                utf8_to_utf16
 .text.__libctru_init
                0x0000000000108b8c       0x38 /opt/devkitpro/libctru/lib/libctru.a(initSystem.o)
                0x0000000000108b8c                __libctru_init
 .text.__libctru_nanosleep
                0x0000000000108bc4       0x38 /opt/devkitpro/libctru/lib/libctru.a(syscalls.o)
 .text.__ctru_get_reent
                0x0000000000108bfc       0x30 /opt/devkitpro/libctru/lib/libctru.a(syscalls.o)
 .text.__system_initSyscalls
                0x0000000000108c2c       0xfc /opt/devkitpro/libctru/lib/libctru.a(syscalls.o)
                0x0000000000108c2c                __system_initSyscalls
 .text.__system_allocateHeaps
                0x0000000000108d28      0x104 /opt/devkitpro/libctru/lib/libctru.a(allocateHeaps.o)
                0x0000000000108d28                __system_allocateHeaps
 .text.__system_initArgv
                0x0000000000108e2c       0xf0 /opt/devkitpro/libctru/lib/libctru.a(initArgv.o)
                0x0000000000108e2c                __system_initArgv
 .text.svcControlMemory
                0x0000000000108f1c       0x20 /opt/devkitpro/libctru/lib/libctru.a(svc.o)
                0x0000000000108f1c                svcControlMemory
 .text.svcExitProcess
                0x0000000000108f3c        0x8 /opt/devkitpro/libctru/lib/libctru.a(svc.o)
                0x0000000000108f3c                svcExitProcess
 .text.svcCreateThread
                0x0000000000108f44       0x20 /opt/devkitpro/libctru/lib/libctru.a(svc.o)
                0x0000000000108f44                svcCreateThread
 .text.svcExitThread
                0x0000000000108f64        0x8 /opt/devkitpro/libctru/lib/libctru.a(svc.o)
                0x0000000000108f64                svcExitThread
 .text.svcSleepThread
                0x0000000000108f6c        0x8 /opt/devkitpro/libctru/lib/libctru.a(svc.o)
                0x0000000000108f6c                svcSleepThread
 .text.svcReleaseMutex
                0x0000000000108f74        0x8 /opt/devkitpro/libctru/lib/libctru.a(svc.o)
                0x0000000000108f74                svcReleaseMutex
 .text.svcCreateEvent
                0x0000000000108f7c       0x14 /opt/devkitpro/libctru/lib/libctru.a(svc.o)
                0x0000000000108f7c                svcCreateEvent
 .text.svcSignalEvent
                0x0000000000108f90        0x8 /opt/devkitpro/libctru/lib/libctru.a(svc.o)
                0x0000000000108f90                svcSignalEvent
 .text.svcClearEvent
                0x0000000000108f98        0x8 /opt/devkitpro/libctru/lib/libctru.a(svc.o)
                0x0000000000108f98                svcClearEvent
 .text.svcCreateMemoryBlock
                0x0000000000108fa0       0x18 /opt/devkitpro/libctru/lib/libctru.a(svc.o)
                0x0000000000108fa0                svcCreateMemoryBlock
 .text.svcMapMemoryBlock
                0x0000000000108fb8        0x8 /opt/devkitpro/libctru/lib/libctru.a(svc.o)
                0x0000000000108fb8                svcMapMemoryBlock
 .text.svcUnmapMemoryBlock
                0x0000000000108fc0        0x8 /opt/devkitpro/libctru/lib/libctru.a(svc.o)
                0x0000000000108fc0                svcUnmapMemoryBlock
 .text.svcCreateAddressArbiter
                0x0000000000108fc8       0x14 /opt/devkitpro/libctru/lib/libctru.a(svc.o)
                0x0000000000108fc8                svcCreateAddressArbiter
 .text.svcArbitrateAddress
                0x0000000000108fdc       0x18 /opt/devkitpro/libctru/lib/libctru.a(svc.o)
                0x0000000000108fdc                svcArbitrateAddress
 .text.svcCloseHandle
                0x0000000000108ff4        0x8 /opt/devkitpro/libctru/lib/libctru.a(svc.o)
                0x0000000000108ff4                svcCloseHandle
 .text.svcWaitSynchronization
                0x0000000000108ffc        0x8 /opt/devkitpro/libctru/lib/libctru.a(svc.o)
                0x0000000000108ffc                svcWaitSynchronization
 .text.svcWaitSynchronizationN
                0x0000000000109004       0x28 /opt/devkitpro/libctru/lib/libctru.a(svc.o)
                0x0000000000109004                svcWaitSynchronizationN
 .text.svcDuplicateHandle
                0x000000000010902c       0x14 /opt/devkitpro/libctru/lib/libctru.a(svc.o)
                0x000000000010902c                svcDuplicateHandle
 .text.svcGetSystemTick
                0x0000000000109040        0x8 /opt/devkitpro/libctru/lib/libctru.a(svc.o)
                0x0000000000109040                svcGetSystemTick
 .text.svcGetSystemInfo
                0x0000000000109048       0x18 /opt/devkitpro/libctru/lib/libctru.a(svc.o)
                0x0000000000109048                svcGetSystemInfo
 .text.svcConnectToPort
                0x0000000000109060       0x14 /opt/devkitpro/libctru/lib/libctru.a(svc.o)
                0x0000000000109060                svcConnectToPort
 .text.svcSendSyncRequest
                0x0000000000109074        0x8 /opt/devkitpro/libctru/lib/libctru.a(svc.o)
                0x0000000000109074                svcSendSyncRequest
 .text.svcBreak
                0x000000000010907c        0x8 /opt/devkitpro/libctru/lib/libctru.a(svc.o)
                0x000000000010907c                svcBreak
 .text._ZL21addrMapNodeComparatorPK11rbtree_nodeS1_
                0x0000000000109084       0x24 /opt/devkitpro/libctru/lib/libctru.a(vram.o)
 .text._ZL21addrMapNodeDestructorP11rbtree_node
                0x00000000001090a8        0x4 /opt/devkitpro/libctru/lib/libctru.a(vram.o)
 .text.vramMemAlign
                0x00000000001090ac      0x110 /opt/devkitpro/libctru/lib/libctru.a(vram.o)
                0x00000000001090ac                vramMemAlign
 .text.vramAlloc
                0x00000000001091bc        0x8 /opt/devkitpro/libctru/lib/libctru.a(vram.o)
                0x00000000001091bc                vramAlloc
 .text.vramFree
                0x00000000001091c4       0x50 /opt/devkitpro/libctru/lib/libctru.a(vram.o)
                0x00000000001091c4                vramFree
 .text._ZL21addrMapNodeComparatorPK11rbtree_nodeS1_
                0x0000000000109214       0x24 /opt/devkitpro/libctru/lib/libctru.a(mappable.o)
 .text._ZL21addrMapNodeDestructorP11rbtree_node
                0x0000000000109238        0x4 /opt/devkitpro/libctru/lib/libctru.a(mappable.o)
 .text.mappableAlloc
                0x000000000010923c       0xe4 /opt/devkitpro/libctru/lib/libctru.a(mappable.o)
                0x000000000010923c                mappableAlloc
 .text.mappableFree
                0x0000000000109320       0x50 /opt/devkitpro/libctru/lib/libctru.a(mappable.o)
                0x0000000000109320                mappableFree
 .text._ZL21addrMapNodeComparatorPK11rbtree_nodeS1_
                0x0000000000109370       0x24 /opt/devkitpro/libctru/lib/libctru.a(linear.o)
 .text._ZL21addrMapNodeDestructorP11rbtree_node
                0x0000000000109394        0x4 /opt/devkitpro/libctru/lib/libctru.a(linear.o)
 .text.linearMemAlign
                0x0000000000109398      0x11c /opt/devkitpro/libctru/lib/libctru.a(linear.o)
                0x0000000000109398                linearMemAlign
 .text.linearAlloc
                0x00000000001094b4        0x8 /opt/devkitpro/libctru/lib/libctru.a(linear.o)
                0x00000000001094b4                linearAlloc
 .text.linearFree
                0x00000000001094bc       0x50 /opt/devkitpro/libctru/lib/libctru.a(linear.o)
                0x00000000001094bc                linearFree
 .text._ZN7MemPool13CoalesceRightEP8MemBlock
                0x000000000010950c       0x90 /opt/devkitpro/libctru/lib/libctru.a(mem_pool.o)
                0x000000000010950c                MemPool::CoalesceRight(MemBlock*)
 .text._ZN7MemPool8AllocateER8MemChunkmi
                0x000000000010959c      0x174 /opt/devkitpro/libctru/lib/libctru.a(mem_pool.o)
                0x000000000010959c                MemPool::Allocate(MemChunk&, unsigned long, int)
 .text._ZN7MemPool10DeallocateERK8MemChunk
                0x0000000000109710       0xfc /opt/devkitpro/libctru/lib/libctru.a(mem_pool.o)
                0x0000000000109710                MemPool::Deallocate(MemChunk const&)
 .text.romfs_close
                0x000000000010980c        0x8 /opt/devkitpro/libctru/lib/libctru.a(romfs_dev.o)
 .text.romfs_seek
                0x0000000000109814       0xbc /opt/devkitpro/libctru/lib/libctru.a(romfs_dev.o)
 .text.romfs_dirreset
                0x00000000001098d0       0x28 /opt/devkitpro/libctru/lib/libctru.a(romfs_dev.o)
 .text.romfs_fstat
                0x00000000001098f8       0x78 /opt/devkitpro/libctru/lib/libctru.a(romfs_dev.o)
 .text._romfs_read_chk
                0x0000000000109970       0x54 /opt/devkitpro/libctru/lib/libctru.a(romfs_dev.o)
 .text.romfs_read
                0x00000000001099c4       0xdc /opt/devkitpro/libctru/lib/libctru.a(romfs_dev.o)
 .text.romfs_free
                0x0000000000109aa0       0x84 /opt/devkitpro/libctru/lib/libctru.a(romfs_dev.o)
 .text.romfsMountCommon
                0x0000000000109b24      0x16c /opt/devkitpro/libctru/lib/libctru.a(romfs_dev.o)
 .text.romfs_dirnext
                0x0000000000109c90      0x250 /opt/devkitpro/libctru/lib/libctru.a(romfs_dev.o)
 .text.searchForFile.constprop.7
                0x0000000000109ee0       0xb4 /opt/devkitpro/libctru/lib/libctru.a(romfs_dev.o)
 .text.searchForDir.constprop.8
                0x0000000000109f94       0xb8 /opt/devkitpro/libctru/lib/libctru.a(romfs_dev.o)
 .text.navigateToDir.constprop.6
                0x000000000010a04c      0x1b4 /opt/devkitpro/libctru/lib/libctru.a(romfs_dev.o)
 .text.romfs_open
                0x000000000010a200      0x120 /opt/devkitpro/libctru/lib/libctru.a(romfs_dev.o)
 .text.romfs_stat
                0x000000000010a320      0x208 /opt/devkitpro/libctru/lib/libctru.a(romfs_dev.o)
 .text.romfs_chdir
                0x000000000010a528       0x54 /opt/devkitpro/libctru/lib/libctru.a(romfs_dev.o)
 .text.romfs_diropen
                0x000000000010a57c       0x78 /opt/devkitpro/libctru/lib/libctru.a(romfs_dev.o)
 .text.romfs_dirclose
                0x000000000010a5f4        0x8 /opt/devkitpro/libctru/lib/libctru.a(romfs_dev.o)
 .text.romfsMountFromFile
                0x000000000010a5fc       0x68 /opt/devkitpro/libctru/lib/libctru.a(romfs_dev.o)
                0x000000000010a5fc                romfsMountFromFile
 .text.romfsUnmount
                0x000000000010a664       0x78 /opt/devkitpro/libctru/lib/libctru.a(romfs_dev.o)
                0x000000000010a664                romfsUnmount
 .text.LightLock_Unlock.part.1
                0x000000000010a6dc       0x38 /opt/devkitpro/libctru/lib/libctru.a(synchronization.o)
 .text.__sync_init
                0x000000000010a714        0xc /opt/devkitpro/libctru/lib/libctru.a(synchronization.o)
                0x000000000010a714                __sync_init
 .text.__sync_fini
                0x000000000010a720       0x18 /opt/devkitpro/libctru/lib/libctru.a(synchronization.o)
                0x000000000010a720                __sync_fini
 .text.__sync_get_arbiter
                0x000000000010a738       0x10 /opt/devkitpro/libctru/lib/libctru.a(synchronization.o)
                0x000000000010a738                __sync_get_arbiter
 .text.LightLock_Init
                0x000000000010a748       0x18 /opt/devkitpro/libctru/lib/libctru.a(synchronization.o)
                0x000000000010a748                LightLock_Init
 .text.LightLock_Lock
                0x000000000010a760       0x9c /opt/devkitpro/libctru/lib/libctru.a(synchronization.o)
                0x000000000010a760                LightLock_Lock
 .text.LightLock_TryLock
                0x000000000010a7fc       0x34 /opt/devkitpro/libctru/lib/libctru.a(synchronization.o)
                0x000000000010a7fc                LightLock_TryLock
 .text.LightLock_Unlock
                0x000000000010a830       0x20 /opt/devkitpro/libctru/lib/libctru.a(synchronization.o)
                0x000000000010a830                LightLock_Unlock
 .text.RecursiveLock_Init
                0x000000000010a850       0x24 /opt/devkitpro/libctru/lib/libctru.a(synchronization.o)
                0x000000000010a850                RecursiveLock_Init
 .text.RecursiveLock_Lock
                0x000000000010a874       0x30 /opt/devkitpro/libctru/lib/libctru.a(synchronization.o)
                0x000000000010a874                RecursiveLock_Lock
 .text.RecursiveLock_TryLock
                0x000000000010a8a4       0x58 /opt/devkitpro/libctru/lib/libctru.a(synchronization.o)
                0x000000000010a8a4                RecursiveLock_TryLock
 .text.RecursiveLock_Unlock
                0x000000000010a8fc       0x38 /opt/devkitpro/libctru/lib/libctru.a(synchronization.o)
                0x000000000010a8fc                RecursiveLock_Unlock
 .text.LightEvent_Init
                0x000000000010a934       0x38 /opt/devkitpro/libctru/lib/libctru.a(synchronization.o)
                0x000000000010a934                LightEvent_Init
 .text.LightEvent_Clear
                0x000000000010a96c       0x7c /opt/devkitpro/libctru/lib/libctru.a(synchronization.o)
                0x000000000010a96c                LightEvent_Clear
 .text.LightEvent_Signal
                0x000000000010a9e8       0xdc /opt/devkitpro/libctru/lib/libctru.a(synchronization.o)
                0x000000000010a9e8                LightEvent_Signal
 .text.LightEvent_Wait
                0x000000000010aac4       0xc0 /opt/devkitpro/libctru/lib/libctru.a(synchronization.o)
                0x000000000010aac4                LightEvent_Wait
 .text.envGetHandle
                0x000000000010ab84       0x80 /opt/devkitpro/libctru/lib/libctru.a(env.o)
                0x000000000010ab84                envGetHandle
 .text.envDestroyHandles
                0x000000000010ac04       0x4c /opt/devkitpro/libctru/lib/libctru.a(env.o)
                0x000000000010ac04                envDestroyHandles
 .text.threadFree.part.0
                0x000000000010ac50       0x1c /opt/devkitpro/libctru/lib/libctru.a(thread.o)
 .text.threadCreate
                0x000000000010ac6c      0x194 /opt/devkitpro/libctru/lib/libctru.a(thread.o)
                0x000000000010ac6c                threadCreate
 .text.threadJoin
                0x000000000010ae00       0x24 /opt/devkitpro/libctru/lib/libctru.a(thread.o)
                0x000000000010ae00                threadJoin
 .text.threadExit
                0x000000000010ae24       0x68 /opt/devkitpro/libctru/lib/libctru.a(thread.o)
                0x000000000010ae24                threadExit
 .text._thread_begin
                0x000000000010ae8c       0x48 /opt/devkitpro/libctru/lib/libctru.a(thread.o)
 .text.irrstScanInput
                0x000000000010aed4       0xac /opt/devkitpro/libctru/lib/libctru.a(irrst.o)
                0x000000000010aed4                irrstScanInput
 .text.irrstKeysHeld
                0x000000000010af80       0x24 /opt/devkitpro/libctru/lib/libctru.a(irrst.o)
                0x000000000010af80                irrstKeysHeld
 .text.IRRST_GetHandles
                0x000000000010afa4       0x50 /opt/devkitpro/libctru/lib/libctru.a(irrst.o)
                0x000000000010afa4                IRRST_GetHandles
 .text.irrstInit
                0x000000000010aff4      0x154 /opt/devkitpro/libctru/lib/libctru.a(irrst.o)
                0x000000000010aff4                irrstInit
 .text.IRRST_Shutdown
                0x000000000010b148       0x2c /opt/devkitpro/libctru/lib/libctru.a(irrst.o)
                0x000000000010b148                IRRST_Shutdown
 .text.irrstExit
                0x000000000010b174       0xac /opt/devkitpro/libctru/lib/libctru.a(irrst.o)
                0x000000000010b174                irrstExit
 .text._net_convert_error
                0x000000000010b220       0x3c /opt/devkitpro/libctru/lib/libctru.a(soc_common.o)
                0x000000000010b220                _net_convert_error
 .text.rbtree_init
                0x000000000010b25c       0x14 /opt/devkitpro/libctru/lib/libctru.a(rbtree_init.o)
                0x000000000010b25c                rbtree_init
 .text.do_insert
                0x000000000010b270      0x18c /opt/devkitpro/libctru/lib/libctru.a(rbtree_insert.o)
 .text.rbtree_insert
                0x000000000010b3fc        0x8 /opt/devkitpro/libctru/lib/libctru.a(rbtree_insert.o)
                0x000000000010b3fc                rbtree_insert
 .text.rbtree_rotate
                0x000000000010b404       0x90 /opt/devkitpro/libctru/lib/libctru.a(rbtree_rotate.o)
                0x000000000010b404                rbtree_rotate
 .text.rbtree_remove
                0x000000000010b494      0x330 /opt/devkitpro/libctru/lib/libctru.a(rbtree_remove.o)
                0x000000000010b494                rbtree_remove
 .text.rbtree_find
                0x000000000010b7c4       0x74 /opt/devkitpro/libctru/lib/libctru.a(rbtree_find.o)
                0x000000000010b7c4                rbtree_find
 .text.encode_utf16
                0x000000000010b838       0x68 /opt/devkitpro/libctru/lib/libctru.a(encode_utf16.o)
                0x000000000010b838                encode_utf16
 .text.encode_utf8
                0x000000000010b8a0      0x104 /opt/devkitpro/libctru/lib/libctru.a(encode_utf8.o)
                0x000000000010b8a0                encode_utf8
 .text.decode_utf8
                0x000000000010b9a4      0x138 /opt/devkitpro/libctru/lib/libctru.a(decode_utf8.o)
                0x000000000010b9a4                decode_utf8
 .text.__appInit
                0x000000000010badc       0x1c /opt/devkitpro/libctru/lib/libctru.a(appInit.o)
                0x000000000010badc                __appInit
 .text.__appExit
                0x000000000010baf8       0x1c /opt/devkitpro/libctru/lib/libctru.a(appExit.o)
                0x000000000010baf8                __appExit
 .text.__libctru_exit
                0x000000000010bb14       0xa0 /opt/devkitpro/libctru/lib/libctru.a(ctru_exit.o)
                0x000000000010bb14                __libctru_exit
 .text.sdmc_link
                0x000000000010bbb4       0x10 /opt/devkitpro/libctru/lib/libctru.a(sdmc_dev.o)
 .text.sdmc_dirreset
                0x000000000010bbc4       0x10 /opt/devkitpro/libctru/lib/libctru.a(sdmc_dev.o)
 .text.sdmc_chmod
                0x000000000010bbd4       0x10 /opt/devkitpro/libctru/lib/libctru.a(sdmc_dev.o)
 .text.error_cmp
                0x000000000010bbe4       0x24 /opt/devkitpro/libctru/lib/libctru.a(sdmc_dev.o)
 .text.sdmc_translate_error
                0x000000000010bc08       0x50 /opt/devkitpro/libctru/lib/libctru.a(sdmc_dev.o)
 .text.sdmc_fsync
                0x000000000010bc58       0x34 /opt/devkitpro/libctru/lib/libctru.a(sdmc_dev.o)
 .text.sdmc_ftruncate
                0x000000000010bc8c       0x54 /opt/devkitpro/libctru/lib/libctru.a(sdmc_dev.o)
 .text.sdmc_statvfs
                0x000000000010bce0       0xb8 /opt/devkitpro/libctru/lib/libctru.a(sdmc_dev.o)
 .text.sdmc_dirclose
                0x000000000010bd98       0x38 /opt/devkitpro/libctru/lib/libctru.a(sdmc_dev.o)
 .text.sdmc_dirnext
                0x000000000010bdd0      0x12c /opt/devkitpro/libctru/lib/libctru.a(sdmc_dev.o)
 .text.sdmc_close
                0x000000000010befc       0x34 /opt/devkitpro/libctru/lib/libctru.a(sdmc_dev.o)
 .text.sdmc_fstat
                0x000000000010bf30       0x74 /opt/devkitpro/libctru/lib/libctru.a(sdmc_dev.o)
 .text.sdmc_seek
                0x000000000010bfa4       0xd8 /opt/devkitpro/libctru/lib/libctru.a(sdmc_dev.o)
 .text.sdmc_read
                0x000000000010c07c       0x84 /opt/devkitpro/libctru/lib/libctru.a(sdmc_dev.o)
 .text.sdmc_write
                0x000000000010c100       0xc0 /opt/devkitpro/libctru/lib/libctru.a(sdmc_dev.o)
 .text.sdmc_utf16path
                0x000000000010c1c0      0x1b0 /opt/devkitpro/libctru/lib/libctru.a(sdmc_dev.o)
 .text.sdmc_rmdir
                0x000000000010c370       0x74 /opt/devkitpro/libctru/lib/libctru.a(sdmc_dev.o)
 .text.sdmc_diropen
                0x000000000010c3e4       0xa4 /opt/devkitpro/libctru/lib/libctru.a(sdmc_dev.o)
 .text.sdmc_chdir
                0x000000000010c488       0xb0 /opt/devkitpro/libctru/lib/libctru.a(sdmc_dev.o)
 .text.sdmc_mkdir
                0x000000000010c538       0x94 /opt/devkitpro/libctru/lib/libctru.a(sdmc_dev.o)
 .text.sdmc_rename
                0x000000000010c5cc      0x108 /opt/devkitpro/libctru/lib/libctru.a(sdmc_dev.o)
 .text.sdmc_unlink
                0x000000000010c6d4       0x74 /opt/devkitpro/libctru/lib/libctru.a(sdmc_dev.o)
 .text.sdmc_stat
                0x000000000010c748      0x108 /opt/devkitpro/libctru/lib/libctru.a(sdmc_dev.o)
 .text.sdmc_open
                0x000000000010c850      0x198 /opt/devkitpro/libctru/lib/libctru.a(sdmc_dev.o)
 .text.sdmc_fchmod
                0x000000000010c9e8       0x10 /opt/devkitpro/libctru/lib/libctru.a(sdmc_dev.o)
 .text.sdmcInit
                0x000000000010c9f8      0x168 /opt/devkitpro/libctru/lib/libctru.a(sdmc_dev.o)
                0x000000000010c9f8                sdmcInit
 .text.sdmcExit
                0x000000000010cb60       0x60 /opt/devkitpro/libctru/lib/libctru.a(sdmc_dev.o)
                0x000000000010cb60                sdmcExit
 .text.rbtree_node_next
                0x000000000010cbc0       0x78 /opt/devkitpro/libctru/lib/libctru.a(rbtree_iterator.o)
                0x000000000010cbc0                rbtree_node_next
 .text.__aeabi_read_tp
                0x000000000010cc38        0xc /opt/devkitpro/libctru/lib/libctru.a(readtp.o)
                0x000000000010cc38                __aeabi_read_tp
 .text.__fixdfdi
                0x000000000010cc44       0x2c /opt/devkitpro/devkitARM/lib/gcc/arm-none-eabi/8.1.0/armv6k/fpu/libgcc.a(_fixdfdi.o)
                0x000000000010cc44                __aeabi_d2lz
                0x000000000010cc44                __fixdfdi
 .text.__fixunsdfdi
                0x000000000010cc70       0x40 /opt/devkitpro/devkitARM/lib/gcc/arm-none-eabi/8.1.0/armv6k/fpu/libgcc.a(_fixunsdfdi.o)
                0x000000000010cc70                __aeabi_d2ulz
                0x000000000010cc70                __fixunsdfdi
 .text.__udivmoddi4
                0x000000000010ccb0      0x128 /opt/devkitpro/devkitARM/lib/gcc/arm-none-eabi/8.1.0/armv6k/fpu/libgcc.a(_udivmoddi4.o)
                0x000000000010ccb0                __udivmoddi4
 .text.bsearch  0x000000000010cdd8       0x7c /opt/devkitpro/devkitARM/lib/gcc/arm-none-eabi/8.1.0/../../../../arm-none-eabi/lib/armv6k/fpu/libg.a(lib_a-bsearch.o)
                0x000000000010cdd8                bsearch
 .text.calloc   0x000000000010ce54       0x20 /opt/devkitpro/devkitARM/lib/gcc/arm-none-eabi/8.1.0/../../../../arm-none-eabi/lib/armv6k/fpu/libg.a(lib_a-calloc.o)
                0x000000000010ce54                calloc
 .text._calloc_r
                0x000000000010ce74       0x94 /opt/devkitpro/devkitARM/lib/gcc/arm-none-eabi/8.1.0/../../../../arm-none-eabi/lib/armv6k/fpu/libg.a(lib_a-callocr.o)
                0x000000000010ce74                _calloc_r
 .text.__errno  0x000000000010cf08        0xc /opt/devkitpro/devkitARM/lib/gcc/arm-none-eabi/8.1.0/../../../../arm-none-eabi/lib/armv6k/fpu/libg.a(lib_a-errno.o)
                0x000000000010cf08                __errno
 .text._fclose_r
                0x000000000010cf14      0x160 /opt/devkitpro/devkitARM/lib/gcc/arm-none-eabi/8.1.0/../../../../arm-none-eabi/lib/armv6k/fpu/libg.a(lib_a-fclose.o)
                0x000000000010cf14                _fclose_r
 .text.fclose   0x000000000010d074       0x18 /opt/devkitpro/devkitARM/lib/gcc/arm-none-eabi/8.1.0/../../../../arm-none-eabi/lib/armv6k/fpu/libg.a(lib_a-fclose.o)
                0x000000000010d074                fclose
 .text.__sflush_r
                0x000000000010d08c      0x270 /opt/devkitpro/devkitARM/lib/gcc/arm-none-eabi/8.1.0/../../../../arm-none-eabi/lib/armv6k/fpu/libg.a(lib_a-fflush.o)
                0x000000000010d08c                __sflush_r
 .text._fflush_r
                0x000000000010d2fc       0x94 /opt/devkitpro/devkitARM/lib/gcc/arm-none-eabi/8.1.0/../../../../arm-none-eabi/lib/armv6k/fpu/libg.a(lib_a-fflush.o)
                0x000000000010d2fc                _fflush_r
 .text.fflush   0x000000000010d390       0x38 /opt/devkitpro/devkitARM/lib/gcc/arm-none-eabi/8.1.0/../../../../arm-none-eabi/lib/armv6k/fpu/libg.a(lib_a-fflush.o)
                0x000000000010d390                fflush
 .text.std      0x000000000010d3c8       0x78 /opt/devkitpro/devkitARM/lib/gcc/arm-none-eabi/8.1.0/../../../../arm-none-eabi/lib/armv6k/fpu/libg.a(lib_a-findfp.o)
 .text._cleanup_r
                0x000000000010d440        0xc /opt/devkitpro/devkitARM/lib/gcc/arm-none-eabi/8.1.0/../../../../arm-none-eabi/lib/armv6k/fpu/libg.a(lib_a-findfp.o)
                0x000000000010d440                _cleanup_r
 .text.__sfmoreglue
                0x000000000010d44c       0x48 /opt/devkitpro/devkitARM/lib/gcc/arm-none-eabi/8.1.0/../../../../arm-none-eabi/lib/armv6k/fpu/libg.a(lib_a-findfp.o)
                0x000000000010d44c                __sfmoreglue
 .text.__sinit  0x000000000010d494       0x8c /opt/devkitpro/devkitARM/lib/gcc/arm-none-eabi/8.1.0/../../../../arm-none-eabi/lib/armv6k/fpu/libg.a(lib_a-findfp.o)
                0x000000000010d494                __sinit
 .text.__sfp    0x000000000010d520      0x110 /opt/devkitpro/devkitARM/lib/gcc/arm-none-eabi/8.1.0/../../../../arm-none-eabi/lib/armv6k/fpu/libg.a(lib_a-findfp.o)
                0x000000000010d520                __sfp
 .text.__sfp_lock_acquire
                0x000000000010d630        0xc /opt/devkitpro/devkitARM/lib/gcc/arm-none-eabi/8.1.0/../../../../arm-none-eabi/lib/armv6k/fpu/libg.a(lib_a-findfp.o)
                0x000000000010d630                __sfp_lock_acquire
 .text.__sfp_lock_release
                0x000000000010d63c        0xc /opt/devkitpro/devkitARM/lib/gcc/arm-none-eabi/8.1.0/../../../../arm-none-eabi/lib/armv6k/fpu/libg.a(lib_a-findfp.o)
                0x000000000010d63c                __sfp_lock_release
 .text.__libc_fini_array
                0x000000000010d648       0x40 /opt/devkitpro/devkitARM/lib/gcc/arm-none-eabi/8.1.0/../../../../arm-none-eabi/lib/armv6k/fpu/libg.a(lib_a-fini.o)
                0x000000000010d648                __libc_fini_array
 .text._fopen_r
                0x000000000010d688      0x13c /opt/devkitpro/devkitARM/lib/gcc/arm-none-eabi/8.1.0/../../../../arm-none-eabi/lib/armv6k/fpu/libg.a(lib_a-fopen.o)
                0x000000000010d688                _fopen_r
 .text.fopen    0x000000000010d7c4       0x20 /opt/devkitpro/devkitARM/lib/gcc/arm-none-eabi/8.1.0/../../../../arm-none-eabi/lib/armv6k/fpu/libg.a(lib_a-fopen.o)
                0x000000000010d7c4                fopen
 .text._fread_r
                0x000000000010d7e4      0x308 /opt/devkitpro/devkitARM/lib/gcc/arm-none-eabi/8.1.0/../../../../arm-none-eabi/lib/armv6k/fpu/libg.a(lib_a-fread.o)
                0x000000000010d7e4                _fread_r
 .text.fread    0x000000000010daec       0x38 /opt/devkitpro/devkitARM/lib/gcc/arm-none-eabi/8.1.0/../../../../arm-none-eabi/lib/armv6k/fpu/libg.a(lib_a-fread.o)
                0x000000000010daec                fread
 .text._malloc_trim_r
                0x000000000010db24       0xf8 /opt/devkitpro/devkitARM/lib/gcc/arm-none-eabi/8.1.0/../../../../arm-none-eabi/lib/armv6k/fpu/libg.a(lib_a-freer.o)
                0x000000000010db24                _malloc_trim_r
 .text._free_r  0x000000000010dc1c      0x2e4 /opt/devkitpro/devkitARM/lib/gcc/arm-none-eabi/8.1.0/../../../../arm-none-eabi/lib/armv6k/fpu/libg.a(lib_a-freer.o)
                0x000000000010dc1c                _free_r
 .text._fseek_r
                0x000000000010df00       0x1c /opt/devkitpro/devkitARM/lib/gcc/arm-none-eabi/8.1.0/../../../../arm-none-eabi/lib/armv6k/fpu/libg.a(lib_a-fseek.o)
                0x000000000010df00                _fseek_r
 .text._fseeko_r
                0x000000000010df1c      0x5d0 /opt/devkitpro/devkitARM/lib/gcc/arm-none-eabi/8.1.0/../../../../arm-none-eabi/lib/armv6k/fpu/libg.a(lib_a-fseeko.o)
                0x000000000010df1c                _fseeko_r
 .text._fwalk   0x000000000010e4ec       0x78 /opt/devkitpro/devkitARM/lib/gcc/arm-none-eabi/8.1.0/../../../../arm-none-eabi/lib/armv6k/fpu/libg.a(lib_a-fwalk.o)
                0x000000000010e4ec                _fwalk
 .text._fwalk_reent
                0x000000000010e564       0x80 /opt/devkitpro/devkitARM/lib/gcc/arm-none-eabi/8.1.0/../../../../arm-none-eabi/lib/armv6k/fpu/libg.a(lib_a-fwalk.o)
                0x000000000010e564                _fwalk_reent
 .text.gmtime   0x000000000010e5e4       0x1c /opt/devkitpro/devkitARM/lib/gcc/arm-none-eabi/8.1.0/../../../../arm-none-eabi/lib/armv6k/fpu/libg.a(lib_a-gmtime.o)
                0x000000000010e5e4                gmtime
 .text.gmtime_r
                0x000000000010e600      0x27c /opt/devkitpro/devkitARM/lib/gcc/arm-none-eabi/8.1.0/../../../../arm-none-eabi/lib/armv6k/fpu/libg.a(lib_a-gmtime_r.o)
                0x000000000010e600                gmtime_r
 .text.__libc_init_array
                0x000000000010e87c       0x7c /opt/devkitpro/devkitARM/lib/gcc/arm-none-eabi/8.1.0/../../../../arm-none-eabi/lib/armv6k/fpu/libg.a(lib_a-init.o)
                0x000000000010e87c                __libc_init_array
 .text.__swhatbuf_r
                0x000000000010e8f8       0x94 /opt/devkitpro/devkitARM/lib/gcc/arm-none-eabi/8.1.0/../../../../arm-none-eabi/lib/armv6k/fpu/libg.a(lib_a-makebuf.o)
                0x000000000010e8f8                __swhatbuf_r
 .text.__smakebuf_r
                0x000000000010e98c       0xf4 /opt/devkitpro/devkitARM/lib/gcc/arm-none-eabi/8.1.0/../../../../arm-none-eabi/lib/armv6k/fpu/libg.a(lib_a-makebuf.o)
                0x000000000010e98c                __smakebuf_r
 .text.memalign
                0x000000000010ea80       0x20 /opt/devkitpro/devkitARM/lib/gcc/arm-none-eabi/8.1.0/../../../../arm-none-eabi/lib/armv6k/fpu/libg.a(lib_a-malign.o)
                0x000000000010ea80                memalign
 .text._memalign_r
                0x000000000010eaa0      0x14c /opt/devkitpro/devkitARM/lib/gcc/arm-none-eabi/8.1.0/../../../../arm-none-eabi/lib/armv6k/fpu/libg.a(lib_a-malignr.o)
                0x000000000010eaa0                _memalign_r
 .text.malloc   0x000000000010ebec       0x18 /opt/devkitpro/devkitARM/lib/gcc/arm-none-eabi/8.1.0/../../../../arm-none-eabi/lib/armv6k/fpu/libg.a(lib_a-malloc.o)
                0x000000000010ebec                malloc
 .text.free     0x000000000010ec04       0x18 /opt/devkitpro/devkitARM/lib/gcc/arm-none-eabi/8.1.0/../../../../arm-none-eabi/lib/armv6k/fpu/libg.a(lib_a-malloc.o)
                0x000000000010ec04                free
 .text._malloc_r
                0x000000000010ec1c      0x78c /opt/devkitpro/devkitARM/lib/gcc/arm-none-eabi/8.1.0/../../../../arm-none-eabi/lib/armv6k/fpu/libg.a(lib_a-mallocr.o)
                0x000000000010ec1c                _malloc_r
 .text.memchr   0x000000000010f3a8      0x100 /opt/devkitpro/devkitARM/lib/gcc/arm-none-eabi/8.1.0/../../../../arm-none-eabi/lib/armv6k/fpu/libg.a(lib_a-memchr-stub.o)
                0x000000000010f3a8                memchr
 .text.memcmp   0x000000000010f4a8       0xfc /opt/devkitpro/devkitARM/lib/gcc/arm-none-eabi/8.1.0/../../../../arm-none-eabi/lib/armv6k/fpu/libg.a(lib_a-memcmp.o)
                0x000000000010f4a8                memcmp
 .text.memcpy   0x000000000010f5a4      0x118 /opt/devkitpro/devkitARM/lib/gcc/arm-none-eabi/8.1.0/../../../../arm-none-eabi/lib/armv6k/fpu/libg.a(lib_a-memcpy-stub.o)
                0x000000000010f5a4                memcpy
 .text.memset   0x000000000010f6bc      0x114 /opt/devkitpro/devkitARM/lib/gcc/arm-none-eabi/8.1.0/../../../../arm-none-eabi/lib/armv6k/fpu/libg.a(lib_a-memset.o)
                0x000000000010f6bc                memset
 .text.__malloc_lock
                0x000000000010f7d0        0xc /opt/devkitpro/devkitARM/lib/gcc/arm-none-eabi/8.1.0/../../../../arm-none-eabi/lib/armv6k/fpu/libg.a(lib_a-mlock.o)
                0x000000000010f7d0                __malloc_lock
 .text.__malloc_unlock
                0x000000000010f7dc        0xc /opt/devkitpro/devkitARM/lib/gcc/arm-none-eabi/8.1.0/../../../../arm-none-eabi/lib/armv6k/fpu/libg.a(lib_a-mlock.o)
                0x000000000010f7dc                __malloc_unlock
 .text.printf   0x000000000010f7e8       0x38 /opt/devkitpro/devkitARM/lib/gcc/arm-none-eabi/8.1.0/../../../../arm-none-eabi/lib/armv6k/fpu/libg.a(lib_a-printf.o)
                0x000000000010f7e8                printf
 .text._puts_r  0x000000000010f820       0xe0 /opt/devkitpro/devkitARM/lib/gcc/arm-none-eabi/8.1.0/../../../../arm-none-eabi/lib/armv6k/fpu/libg.a(lib_a-puts.o)
                0x000000000010f820                _puts_r
 .text.puts     0x000000000010f900       0x18 /opt/devkitpro/devkitARM/lib/gcc/arm-none-eabi/8.1.0/../../../../arm-none-eabi/lib/armv6k/fpu/libg.a(lib_a-puts.o)
                0x000000000010f900                puts
 .text.lflush   0x000000000010f918       0x1c /opt/devkitpro/devkitARM/lib/gcc/arm-none-eabi/8.1.0/../../../../arm-none-eabi/lib/armv6k/fpu/libg.a(lib_a-refill.o)
 .text.__srefill_r
                0x000000000010f934      0x1ac /opt/devkitpro/devkitARM/lib/gcc/arm-none-eabi/8.1.0/../../../../arm-none-eabi/lib/armv6k/fpu/libg.a(lib_a-refill.o)
                0x000000000010f934                __srefill_r
 .text.setvbuf  0x000000000010fae0      0x25c /opt/devkitpro/devkitARM/lib/gcc/arm-none-eabi/8.1.0/../../../../arm-none-eabi/lib/armv6k/fpu/libg.a(lib_a-setvbuf.o)
                0x000000000010fae0                setvbuf
 .text.snprintf
                0x000000000010fd3c       0xd4 /opt/devkitpro/devkitARM/lib/gcc/arm-none-eabi/8.1.0/../../../../arm-none-eabi/lib/armv6k/fpu/libg.a(lib_a-snprintf.o)
                0x000000000010fd3c                snprintf
 .text.sprintf  0x000000000010fe10       0x64 /opt/devkitpro/devkitARM/lib/gcc/arm-none-eabi/8.1.0/../../../../arm-none-eabi/lib/armv6k/fpu/libg.a(lib_a-sprintf.o)
                0x000000000010fe10                sprintf
 .text.sscanf   0x000000000010fe74       0x74 /opt/devkitpro/devkitARM/lib/gcc/arm-none-eabi/8.1.0/../../../../arm-none-eabi/lib/armv6k/fpu/libg.a(lib_a-sscanf.o)
                0x000000000010fe74                sscanf
 .text.__sread  0x000000000010fee8       0x3c /opt/devkitpro/devkitARM/lib/gcc/arm-none-eabi/8.1.0/../../../../arm-none-eabi/lib/armv6k/fpu/libg.a(lib_a-stdio.o)
                0x000000000010fee8                __sread
 .text.__seofread
                0x000000000010ff24        0x8 /opt/devkitpro/devkitARM/lib/gcc/arm-none-eabi/8.1.0/../../../../arm-none-eabi/lib/armv6k/fpu/libg.a(lib_a-stdio.o)
                0x000000000010ff24                __seofread
 .text.__swrite
                0x000000000010ff2c       0x68 /opt/devkitpro/devkitARM/lib/gcc/arm-none-eabi/8.1.0/../../../../arm-none-eabi/lib/armv6k/fpu/libg.a(lib_a-stdio.o)
                0x000000000010ff2c                __swrite
 .text.__sseek  0x000000000010ff94       0x48 /opt/devkitpro/devkitARM/lib/gcc/arm-none-eabi/8.1.0/../../../../arm-none-eabi/lib/armv6k/fpu/libg.a(lib_a-stdio.o)
                0x000000000010ff94                __sseek
 .text.__sclose
                0x000000000010ffdc        0x8 /opt/devkitpro/devkitARM/lib/gcc/arm-none-eabi/8.1.0/../../../../arm-none-eabi/lib/armv6k/fpu/libg.a(lib_a-stdio.o)
                0x000000000010ffdc                __sclose
 .text.stpcpy   0x000000000010ffe4       0x70 /opt/devkitpro/devkitARM/lib/gcc/arm-none-eabi/8.1.0/../../../../arm-none-eabi/lib/armv6k/fpu/libg.a(lib_a-stpcpy.o)
                0x000000000010ffe4                stpcpy
 .text.strcat   0x0000000000110054       0x70 /opt/devkitpro/devkitARM/lib/gcc/arm-none-eabi/8.1.0/../../../../arm-none-eabi/lib/armv6k/fpu/libg.a(lib_a-strcat.o)
                0x0000000000110054                strcat
 .text.strchr   0x00000000001100c4      0x180 /opt/devkitpro/devkitARM/lib/gcc/arm-none-eabi/8.1.0/../../../../arm-none-eabi/lib/armv6k/fpu/libg.a(lib_a-strchr.o)
                0x00000000001100c4                strchr
 .text.strcpy   0x0000000000110244       0xf0 /opt/devkitpro/devkitARM/lib/gcc/arm-none-eabi/8.1.0/../../../../arm-none-eabi/lib/armv6k/fpu/libg.a(lib_a-strcpy.o)
                0x0000000000110244                strcpy
 .text.strlen   0x0000000000110334       0x5c /opt/devkitpro/devkitARM/lib/gcc/arm-none-eabi/8.1.0/../../../../arm-none-eabi/lib/armv6k/fpu/libg.a(lib_a-strlen-stub.o)
                0x0000000000110334                strlen
 .text.strncat  0x0000000000110390       0x98 /opt/devkitpro/devkitARM/lib/gcc/arm-none-eabi/8.1.0/../../../../arm-none-eabi/lib/armv6k/fpu/libg.a(lib_a-strncat.o)
                0x0000000000110390                strncat
 .text.strncmp  0x0000000000110428      0x10c /opt/devkitpro/devkitARM/lib/gcc/arm-none-eabi/8.1.0/../../../../arm-none-eabi/lib/armv6k/fpu/libg.a(lib_a-strncmp.o)
                0x0000000000110428                strncmp
 .text.strncpy  0x0000000000110534       0xe0 /opt/devkitpro/devkitARM/lib/gcc/arm-none-eabi/8.1.0/../../../../arm-none-eabi/lib/armv6k/fpu/libg.a(lib_a-strncpy.o)
                0x0000000000110534                strncpy
 .text.strnlen  0x0000000000110614       0x5c /opt/devkitpro/devkitARM/lib/gcc/arm-none-eabi/8.1.0/../../../../arm-none-eabi/lib/armv6k/fpu/libg.a(lib_a-strnlen.o)
                0x0000000000110614                strnlen
 .text.critical_factorization
                0x0000000000110670      0x110 /opt/devkitpro/devkitARM/lib/gcc/arm-none-eabi/8.1.0/../../../../arm-none-eabi/lib/armv6k/fpu/libg.a(lib_a-strstr.o)
 .text.two_way_long_needle
                0x0000000000110780      0x3a0 /opt/devkitpro/devkitARM/lib/gcc/arm-none-eabi/8.1.0/../../../../arm-none-eabi/lib/armv6k/fpu/libg.a(lib_a-strstr.o)
 .text.strstr   0x0000000000110b20      0x370 /opt/devkitpro/devkitARM/lib/gcc/arm-none-eabi/8.1.0/../../../../arm-none-eabi/lib/armv6k/fpu/libg.a(lib_a-strstr.o)
                0x0000000000110b20                strstr
 .text.get_arg  0x0000000000110e90      0x630 /opt/devkitpro/devkitARM/lib/gcc/arm-none-eabi/8.1.0/../../../../arm-none-eabi/lib/armv6k/fpu/libg.a(lib_a-svfprintf.o)
 .text._svfprintf_r
                0x00000000001114c0     0x3640 /opt/devkitpro/devkitARM/lib/gcc/arm-none-eabi/8.1.0/../../../../arm-none-eabi/lib/armv6k/fpu/libg.a(lib_a-svfprintf.o)
                0x00000000001114c0                _svfprintf_r
 .text.get_arg  0x0000000000114b00       0x48 /opt/devkitpro/devkitARM/lib/gcc/arm-none-eabi/8.1.0/../../../../arm-none-eabi/lib/armv6k/fpu/libg.a(lib_a-svfscanf.o)
 .text.__ssvfscanf_r
                0x0000000000114b48     0x2b48 /opt/devkitpro/devkitARM/lib/gcc/arm-none-eabi/8.1.0/../../../../arm-none-eabi/lib/armv6k/fpu/libg.a(lib_a-svfscanf.o)
                0x0000000000114b48                __ssvfscanf_r
 .text.time     0x0000000000117690       0x3c /opt/devkitpro/devkitARM/lib/gcc/arm-none-eabi/8.1.0/../../../../arm-none-eabi/lib/armv6k/fpu/libg.a(lib_a-time.o)
                0x0000000000117690                time
 .text.__sprint_r
                0x00000000001176cc       0x34 /opt/devkitpro/devkitARM/lib/gcc/arm-none-eabi/8.1.0/../../../../arm-none-eabi/lib/armv6k/fpu/libg.a(lib_a-vfiprintf.o)
                0x00000000001176cc                __sprint_r
 .text.get_arg  0x0000000000117700      0x630 /opt/devkitpro/devkitARM/lib/gcc/arm-none-eabi/8.1.0/../../../../arm-none-eabi/lib/armv6k/fpu/libg.a(lib_a-vfprintf.o)
 .text._vfprintf_r
                0x0000000000117d30     0x3724 /opt/devkitpro/devkitARM/lib/gcc/arm-none-eabi/8.1.0/../../../../arm-none-eabi/lib/armv6k/fpu/libg.a(lib_a-vfprintf.o)
                0x0000000000117d30                _vfprintf_r
 .text.__sbprintf
                0x000000000011b454       0xd0 /opt/devkitpro/devkitARM/lib/gcc/arm-none-eabi/8.1.0/../../../../arm-none-eabi/lib/armv6k/fpu/libg.a(lib_a-vfprintf.o)
 .text._wcrtomb_r
                0x000000000011b524       0xa0 /opt/devkitpro/devkitARM/lib/gcc/arm-none-eabi/8.1.0/../../../../arm-none-eabi/lib/armv6k/fpu/libg.a(lib_a-wcrtomb.o)
                0x000000000011b524                _wcrtomb_r
 .text._wcsrtombs_r
                0x000000000011b5c4       0x20 /opt/devkitpro/devkitARM/lib/gcc/arm-none-eabi/8.1.0/../../../../arm-none-eabi/lib/armv6k/fpu/libg.a(lib_a-wcsrtombs.o)
                0x000000000011b5c4                _wcsrtombs_r
 .text.__swsetup_r
                0x000000000011b5e4      0x150 /opt/devkitpro/devkitARM/lib/gcc/arm-none-eabi/8.1.0/../../../../arm-none-eabi/lib/armv6k/fpu/libg.a(lib_a-wsetup.o)
                0x000000000011b5e4                __swsetup_r
 .text.quorem   0x000000000011b734      0x1c8 /opt/devkitpro/devkitARM/lib/gcc/arm-none-eabi/8.1.0/../../../../arm-none-eabi/lib/armv6k/fpu/libg.a(lib_a-dtoa.o)
 *fill*         0x000000000011b8fc        0x4 
 .text._dtoa_r  0x000000000011b900     0x12e4 /opt/devkitpro/devkitARM/lib/gcc/arm-none-eabi/8.1.0/../../../../arm-none-eabi/lib/armv6k/fpu/libg.a(lib_a-dtoa.o)
                0x000000000011b900                _dtoa_r
 .text.__sflags
                0x000000000011cbe4       0xb4 /opt/devkitpro/devkitARM/lib/gcc/arm-none-eabi/8.1.0/../../../../arm-none-eabi/lib/armv6k/fpu/libg.a(lib_a-flags.o)
                0x000000000011cbe4                __sflags
 .text.__sfvwrite_r
                0x000000000011cc98      0x4a4 /opt/devkitpro/devkitARM/lib/gcc/arm-none-eabi/8.1.0/../../../../arm-none-eabi/lib/armv6k/fpu/libg.a(lib_a-fvwrite.o)
                0x000000000011cc98                __sfvwrite_r
 .text.iswspace
                0x000000000011d13c       0x74 /opt/devkitpro/devkitARM/lib/gcc/arm-none-eabi/8.1.0/../../../../arm-none-eabi/lib/armv6k/fpu/libg.a(lib_a-iswspace.o)
                0x000000000011d13c                iswspace
 .text.__jp2uc  0x000000000011d1b0      0x1e0 /opt/devkitpro/devkitARM/lib/gcc/arm-none-eabi/8.1.0/../../../../arm-none-eabi/lib/armv6k/fpu/libg.a(lib_a-jp2uc.o)
 .text._jp2uc   0x000000000011d390       0xc4 /opt/devkitpro/devkitARM/lib/gcc/arm-none-eabi/8.1.0/../../../../arm-none-eabi/lib/armv6k/fpu/libg.a(lib_a-jp2uc.o)
                0x000000000011d390                _jp2uc
 .text.__localeconv_l
                0x000000000011d454        0x8 /opt/devkitpro/devkitARM/lib/gcc/arm-none-eabi/8.1.0/../../../../arm-none-eabi/lib/armv6k/fpu/libg.a(lib_a-localeconv.o)
                0x000000000011d454                __localeconv_l
 .text._localeconv_r
                0x000000000011d45c       0x24 /opt/devkitpro/devkitARM/lib/gcc/arm-none-eabi/8.1.0/../../../../arm-none-eabi/lib/armv6k/fpu/libg.a(lib_a-localeconv.o)
                0x000000000011d45c                _localeconv_r
 .text.__locale_mb_cur_max
                0x000000000011d480       0x24 /opt/devkitpro/devkitARM/lib/gcc/arm-none-eabi/8.1.0/../../../../arm-none-eabi/lib/armv6k/fpu/libg.a(lib_a-locale.o)
                0x000000000011d480                __locale_mb_cur_max
 .text.__locale_ctype_ptr_l
                0x000000000011d4a4        0x8 /opt/devkitpro/devkitARM/lib/gcc/arm-none-eabi/8.1.0/../../../../arm-none-eabi/lib/armv6k/fpu/libg.a(lib_a-locale.o)
                0x000000000011d4a4                __locale_ctype_ptr_l
 .text.__locale_ctype_ptr
                0x000000000011d4ac       0x24 /opt/devkitpro/devkitARM/lib/gcc/arm-none-eabi/8.1.0/../../../../arm-none-eabi/lib/armv6k/fpu/libg.a(lib_a-locale.o)
                0x000000000011d4ac                __locale_ctype_ptr
 .text._mbrtowc_r
                0x000000000011d4d0       0xb4 /opt/devkitpro/devkitARM/lib/gcc/arm-none-eabi/8.1.0/../../../../arm-none-eabi/lib/armv6k/fpu/libg.a(lib_a-mbrtowc.o)
                0x000000000011d4d0                _mbrtowc_r
 .text.__utf8_mbtowc
                0x000000000011d584      0x2fc /opt/devkitpro/devkitARM/lib/gcc/arm-none-eabi/8.1.0/../../../../arm-none-eabi/lib/armv6k/fpu/libg.a(lib_a-mbtowc_r.o)
                0x000000000011d584                __utf8_mbtowc
 .text.memmove  0x000000000011d880      0x154 /opt/devkitpro/devkitARM/lib/gcc/arm-none-eabi/8.1.0/../../../../arm-none-eabi/lib/armv6k/fpu/libg.a(lib_a-memmove.o)
                0x000000000011d880                memmove
 .text._Balloc  0x000000000011d9d4       0x88 /opt/devkitpro/devkitARM/lib/gcc/arm-none-eabi/8.1.0/../../../../arm-none-eabi/lib/armv6k/fpu/libg.a(lib_a-mprec.o)
                0x000000000011d9d4                _Balloc
 .text._Bfree   0x000000000011da5c       0x1c /opt/devkitpro/devkitARM/lib/gcc/arm-none-eabi/8.1.0/../../../../arm-none-eabi/lib/armv6k/fpu/libg.a(lib_a-mprec.o)
                0x000000000011da5c                _Bfree
 .text.__multadd
                0x000000000011da78       0xe0 /opt/devkitpro/devkitARM/lib/gcc/arm-none-eabi/8.1.0/../../../../arm-none-eabi/lib/armv6k/fpu/libg.a(lib_a-mprec.o)
                0x000000000011da78                __multadd
 .text.__s2b    0x000000000011db58       0xe4 /opt/devkitpro/devkitARM/lib/gcc/arm-none-eabi/8.1.0/../../../../arm-none-eabi/lib/armv6k/fpu/libg.a(lib_a-mprec.o)
                0x000000000011db58                __s2b
 .text.__hi0bits
                0x000000000011dc3c       0x58 /opt/devkitpro/devkitARM/lib/gcc/arm-none-eabi/8.1.0/../../../../arm-none-eabi/lib/armv6k/fpu/libg.a(lib_a-mprec.o)
                0x000000000011dc3c                __hi0bits
 .text.__lo0bits
                0x000000000011dc94       0x9c /opt/devkitpro/devkitARM/lib/gcc/arm-none-eabi/8.1.0/../../../../arm-none-eabi/lib/armv6k/fpu/libg.a(lib_a-mprec.o)
                0x000000000011dc94                __lo0bits
 .text.__i2b    0x000000000011dd30       0x20 /opt/devkitpro/devkitARM/lib/gcc/arm-none-eabi/8.1.0/../../../../arm-none-eabi/lib/armv6k/fpu/libg.a(lib_a-mprec.o)
                0x000000000011dd30                __i2b
 .text.__multiply
                0x000000000011dd50      0x1c4 /opt/devkitpro/devkitARM/lib/gcc/arm-none-eabi/8.1.0/../../../../arm-none-eabi/lib/armv6k/fpu/libg.a(lib_a-mprec.o)
                0x000000000011dd50                __multiply
 .text.__pow5mult
                0x000000000011df14      0x100 /opt/devkitpro/devkitARM/lib/gcc/arm-none-eabi/8.1.0/../../../../arm-none-eabi/lib/armv6k/fpu/libg.a(lib_a-mprec.o)
                0x000000000011df14                __pow5mult
 .text.__lshift
                0x000000000011e014       0xf4 /opt/devkitpro/devkitARM/lib/gcc/arm-none-eabi/8.1.0/../../../../arm-none-eabi/lib/armv6k/fpu/libg.a(lib_a-mprec.o)
                0x000000000011e014                __lshift
 .text.__mcmp   0x000000000011e108       0x5c /opt/devkitpro/devkitARM/lib/gcc/arm-none-eabi/8.1.0/../../../../arm-none-eabi/lib/armv6k/fpu/libg.a(lib_a-mprec.o)
                0x000000000011e108                __mcmp
 .text.__mdiff  0x000000000011e164      0x168 /opt/devkitpro/devkitARM/lib/gcc/arm-none-eabi/8.1.0/../../../../arm-none-eabi/lib/armv6k/fpu/libg.a(lib_a-mprec.o)
                0x000000000011e164                __mdiff
 .text.__ulp    0x000000000011e2cc       0x74 /opt/devkitpro/devkitARM/lib/gcc/arm-none-eabi/8.1.0/../../../../arm-none-eabi/lib/armv6k/fpu/libg.a(lib_a-mprec.o)
                0x000000000011e2cc                __ulp
 .text.__b2d    0x000000000011e340       0xd4 /opt/devkitpro/devkitARM/lib/gcc/arm-none-eabi/8.1.0/../../../../arm-none-eabi/lib/armv6k/fpu/libg.a(lib_a-mprec.o)
                0x000000000011e340                __b2d
 .text.__d2b    0x000000000011e414      0x100 /opt/devkitpro/devkitARM/lib/gcc/arm-none-eabi/8.1.0/../../../../arm-none-eabi/lib/armv6k/fpu/libg.a(lib_a-mprec.o)
                0x000000000011e414                __d2b
 .text.__ratio  0x000000000011e514       0x84 /opt/devkitpro/devkitARM/lib/gcc/arm-none-eabi/8.1.0/../../../../arm-none-eabi/lib/armv6k/fpu/libg.a(lib_a-mprec.o)
                0x000000000011e514                __ratio
 .text.__copybits
                0x000000000011e598       0x6c /opt/devkitpro/devkitARM/lib/gcc/arm-none-eabi/8.1.0/../../../../arm-none-eabi/lib/armv6k/fpu/libg.a(lib_a-mprec.o)
                0x000000000011e598                __copybits
 .text.__any_on
                0x000000000011e604       0x78 /opt/devkitpro/devkitARM/lib/gcc/arm-none-eabi/8.1.0/../../../../arm-none-eabi/lib/armv6k/fpu/libg.a(lib_a-mprec.o)
                0x000000000011e604                __any_on
 .text.realloc  0x000000000011e67c       0x20 /opt/devkitpro/devkitARM/lib/gcc/arm-none-eabi/8.1.0/../../../../arm-none-eabi/lib/armv6k/fpu/libg.a(lib_a-realloc.o)
                0x000000000011e67c                realloc
 .text._realloc_r
                0x000000000011e69c      0x4bc /opt/devkitpro/devkitARM/lib/gcc/arm-none-eabi/8.1.0/../../../../arm-none-eabi/lib/armv6k/fpu/libg.a(lib_a-reallocr.o)
                0x000000000011e69c                _realloc_r
 .text.__sccl   0x000000000011eb58       0xcc /opt/devkitpro/devkitARM/lib/gcc/arm-none-eabi/8.1.0/../../../../arm-none-eabi/lib/armv6k/fpu/libg.a(lib_a-sccl.o)
                0x000000000011eb58                __sccl
 .text.nanf     0x000000000011ec24        0xc /opt/devkitpro/devkitARM/lib/gcc/arm-none-eabi/8.1.0/../../../../arm-none-eabi/lib/armv6k/fpu/libg.a(lib_a-sf_nan.o)
                0x000000000011ec24                nanf
 .text.frexp    0x000000000011ec30       0xa8 /opt/devkitpro/devkitARM/lib/gcc/arm-none-eabi/8.1.0/../../../../arm-none-eabi/lib/armv6k/fpu/libg.a(lib_a-s_frexp.o)
                0x000000000011ec30                frexp
 .text.stpncpy  0x000000000011ecd8      0x100 /opt/devkitpro/devkitARM/lib/gcc/arm-none-eabi/8.1.0/../../../../arm-none-eabi/lib/armv6k/fpu/libg.a(lib_a-stpncpy.o)
                0x000000000011ecd8                stpncpy
 .text.sulp     0x000000000011edd8       0x54 /opt/devkitpro/devkitARM/lib/gcc/arm-none-eabi/8.1.0/../../../../arm-none-eabi/lib/armv6k/fpu/libg.a(lib_a-strtod.o)
 *fill*         0x000000000011ee2c        0x4 
 .text._strtod_l
                0x000000000011ee30     0x1404 /opt/devkitpro/devkitARM/lib/gcc/arm-none-eabi/8.1.0/../../../../arm-none-eabi/lib/armv6k/fpu/libg.a(lib_a-strtod.o)
                0x000000000011ee30                _strtod_l
 .text._strtod_r
                0x0000000000120234       0x3c /opt/devkitpro/devkitARM/lib/gcc/arm-none-eabi/8.1.0/../../../../arm-none-eabi/lib/armv6k/fpu/libg.a(lib_a-strtod.o)
                0x0000000000120234                _strtod_r
 .text._strtoll_l.isra.0
                0x0000000000120270      0x260 /opt/devkitpro/devkitARM/lib/gcc/arm-none-eabi/8.1.0/../../../../arm-none-eabi/lib/armv6k/fpu/libg.a(lib_a-strtoll.o)
 .text._strtoll_r
                0x00000000001204d0       0x50 /opt/devkitpro/devkitARM/lib/gcc/arm-none-eabi/8.1.0/../../../../arm-none-eabi/lib/armv6k/fpu/libg.a(lib_a-strtoll.o)
                0x00000000001204d0                _strtoll_r
 .text._strtol_l.isra.0
                0x0000000000120520      0x1b8 /opt/devkitpro/devkitARM/lib/gcc/arm-none-eabi/8.1.0/../../../../arm-none-eabi/lib/armv6k/fpu/libg.a(lib_a-strtol.o)
 .text._strtol_r
                0x00000000001206d8       0x50 /opt/devkitpro/devkitARM/lib/gcc/arm-none-eabi/8.1.0/../../../../arm-none-eabi/lib/armv6k/fpu/libg.a(lib_a-strtol.o)
                0x00000000001206d8                _strtol_r
 .text._strtoull_l.isra.0
                0x0000000000120728      0x260 /opt/devkitpro/devkitARM/lib/gcc/arm-none-eabi/8.1.0/../../../../arm-none-eabi/lib/armv6k/fpu/libg.a(lib_a-strtoull.o)
 .text._strtoull_r
                0x0000000000120988       0x50 /opt/devkitpro/devkitARM/lib/gcc/arm-none-eabi/8.1.0/../../../../arm-none-eabi/lib/armv6k/fpu/libg.a(lib_a-strtoull.o)
                0x0000000000120988                _strtoull_r
 .text._strtoul_l.isra.0
                0x00000000001209d8      0x1cc /opt/devkitpro/devkitARM/lib/gcc/arm-none-eabi/8.1.0/../../../../arm-none-eabi/lib/armv6k/fpu/libg.a(lib_a-strtoul.o)
 .text._strtoul_r
                0x0000000000120ba4       0x50 /opt/devkitpro/devkitARM/lib/gcc/arm-none-eabi/8.1.0/../../../../arm-none-eabi/lib/armv6k/fpu/libg.a(lib_a-strtoul.o)
                0x0000000000120ba4                _strtoul_r
 .text.__ssprint_r
                0x0000000000120bf4      0x188 /opt/devkitpro/devkitARM/lib/gcc/arm-none-eabi/8.1.0/../../../../arm-none-eabi/lib/armv6k/fpu/libg.a(lib_a-svfiprintf.o)
                0x0000000000120bf4                __ssprint_r
 .text._sungetc_r
                0x0000000000120d7c       0xe4 /opt/devkitpro/devkitARM/lib/gcc/arm-none-eabi/8.1.0/../../../../arm-none-eabi/lib/armv6k/fpu/libg.a(lib_a-svfiscanf.o)
                0x0000000000120d7c                _sungetc_r
 .text.__ssrefill_r
                0x0000000000120e60       0x6c /opt/devkitpro/devkitARM/lib/gcc/arm-none-eabi/8.1.0/../../../../arm-none-eabi/lib/armv6k/fpu/libg.a(lib_a-svfiscanf.o)
                0x0000000000120e60                __ssrefill_r
 .text._sfread_r
                0x0000000000120ecc       0xc8 /opt/devkitpro/devkitARM/lib/gcc/arm-none-eabi/8.1.0/../../../../arm-none-eabi/lib/armv6k/fpu/libg.a(lib_a-svfiscanf.o)
                0x0000000000120ecc                _sfread_r
 .text.__submore
                0x0000000000120f94       0xa4 /opt/devkitpro/devkitARM/lib/gcc/arm-none-eabi/8.1.0/../../../../arm-none-eabi/lib/armv6k/fpu/libg.a(lib_a-ungetc.o)
                0x0000000000120f94                __submore
 .text._wcsnrtombs_l
                0x0000000000121038      0x184 /opt/devkitpro/devkitARM/lib/gcc/arm-none-eabi/8.1.0/../../../../arm-none-eabi/lib/armv6k/fpu/libg.a(lib_a-wcsnrtombs.o)
                0x0000000000121038                _wcsnrtombs_l
 .text._wcsnrtombs_r
                0x00000000001211bc       0x64 /opt/devkitpro/devkitARM/lib/gcc/arm-none-eabi/8.1.0/../../../../arm-none-eabi/lib/armv6k/fpu/libg.a(lib_a-wcsnrtombs.o)
                0x00000000001211bc                _wcsnrtombs_r
 .text.__utf8_wctomb
                0x0000000000121220       0xe8 /opt/devkitpro/devkitARM/lib/gcc/arm-none-eabi/8.1.0/../../../../arm-none-eabi/lib/armv6k/fpu/libg.a(lib_a-wctomb_r.o)
                0x0000000000121220                __utf8_wctomb
 .text.rshift   0x0000000000121308       0xec /opt/devkitpro/devkitARM/lib/gcc/arm-none-eabi/8.1.0/../../../../arm-none-eabi/lib/armv6k/fpu/libg.a(lib_a-gdtoa-gethex.o)
 .text.__gethex
                0x00000000001213f4      0x828 /opt/devkitpro/devkitARM/lib/gcc/arm-none-eabi/8.1.0/../../../../arm-none-eabi/lib/armv6k/fpu/libg.a(lib_a-gdtoa-gethex.o)
                0x00000000001213f4                __gethex
 .text.__match  0x0000000000121c1c       0x60 /opt/devkitpro/devkitARM/lib/gcc/arm-none-eabi/8.1.0/../../../../arm-none-eabi/lib/armv6k/fpu/libg.a(lib_a-gdtoa-hexnan.o)
                0x0000000000121c1c                __match
 .text.__hexnan
                0x0000000000121c7c      0x254 /opt/devkitpro/devkitARM/lib/gcc/arm-none-eabi/8.1.0/../../../../arm-none-eabi/lib/armv6k/fpu/libg.a(lib_a-gdtoa-hexnan.o)
                0x0000000000121c7c                __hexnan
 .text.null_write
                0x0000000000121ed0        0x8 /opt/devkitpro/devkitARM/lib/gcc/arm-none-eabi/8.1.0/../../../../arm-none-eabi/lib/armv6k/fpu/libsysbase.a(iosupport.o)
 .text.setDefaultDevice
                0x0000000000121ed8       0x18 /opt/devkitpro/devkitARM/lib/gcc/arm-none-eabi/8.1.0/../../../../arm-none-eabi/lib/armv6k/fpu/libsysbase.a(iosupport.o)
                0x0000000000121ed8                setDefaultDevice
 .text.FindDevice
                0x0000000000121ef0       0xcc /opt/devkitpro/devkitARM/lib/gcc/arm-none-eabi/8.1.0/../../../../arm-none-eabi/lib/armv6k/fpu/libsysbase.a(iosupport.o)
                0x0000000000121ef0                FindDevice
 .text.RemoveDevice
                0x0000000000121fbc       0x28 /opt/devkitpro/devkitARM/lib/gcc/arm-none-eabi/8.1.0/../../../../arm-none-eabi/lib/armv6k/fpu/libsysbase.a(iosupport.o)
                0x0000000000121fbc                RemoveDevice
 .text.AddDevice
                0x0000000000121fe4       0x98 /opt/devkitpro/devkitARM/lib/gcc/arm-none-eabi/8.1.0/../../../../arm-none-eabi/lib/armv6k/fpu/libsysbase.a(iosupport.o)
                0x0000000000121fe4                AddDevice
 .text._close_r
                0x000000000012207c       0x84 /opt/devkitpro/devkitARM/lib/gcc/arm-none-eabi/8.1.0/../../../../arm-none-eabi/lib/armv6k/fpu/libsysbase.a(close.o)
                0x000000000012207c                _close_r
 .text._fstat_r
                0x0000000000122100       0x74 /opt/devkitpro/devkitARM/lib/gcc/arm-none-eabi/8.1.0/../../../../arm-none-eabi/lib/armv6k/fpu/libsysbase.a(fstat.o)