Archive member included to satisfy reference by file (symbol)

/opt/devkitpro/libctru/lib/libcitro2d.a(base.o)
                              main.o (C2D_Init)
/opt/devkitpro/libctru/lib/libcitro2d.a(text.o)
                              main.o (C2D_TextBufNew)
/opt/devkitpro/libctru/lib/libcitro2d.a(spritesheet.o)
                              main.o (C2D_SpriteSheetLoad)
/opt/devkitpro/libctru/lib/libcitro2d.a(render2d.shbin.o)
                              /opt/devkitpro/libctru/lib/libcitro2d.a(base.o) (render2d_shbin_size)
/opt/devkitpro/libctru/lib/libcitro3d.a(base.o)
                              main.o (C3D_Init)
/opt/devkitpro/libctru/lib/libcitro3d.a(renderqueue.o)
                              menus.o (C3D_FrameBegin)
/opt/devkitpro/libctru/lib/libcitro3d.a(texture.o)
                              /opt/devkitpro/libctru/lib/libcitro2d.a(base.o) (C3D_TexBind)
/opt/devkitpro/libctru/lib/libcitro3d.a(tex3ds.o)
                              /opt/devkitpro/libctru/lib/libcitro2d.a(spritesheet.o) (Tex3DS_TextureImport)
/opt/devkitpro/libctru/lib/libcitro3d.a(framebuffer.o)
                              /opt/devkitpro/libctru/lib/libcitro3d.a(renderqueue.o) (C3D_CalcColorBufSize)
/opt/devkitpro/libctru/lib/libcitro3d.a(texenv.o)
                              /opt/devkitpro/libctru/lib/libcitro2d.a(base.o) (C3D_GetTexEnv)
/opt/devkitpro/libctru/lib/libcitro3d.a(proctex.o)
                              /opt/devkitpro/libctru/lib/libcitro2d.a(base.o) (C3D_ProcTexInit)
/opt/devkitpro/libctru/lib/libcitro3d.a(uniforms.o)
                              /opt/devkitpro/libctru/lib/libcitro3d.a(base.o) (C3D_UpdateUniforms)
/opt/devkitpro/libctru/lib/libcitro3d.a(buffers.o)
                              /opt/devkitpro/libctru/lib/libcitro2d.a(base.o) (BufInfo_Init)
/opt/devkitpro/libctru/lib/libcitro3d.a(drawArrays.o)
                              /opt/devkitpro/libctru/lib/libcitro2d.a(base.o) (C3D_DrawArrays)
/opt/devkitpro/libctru/lib/libcitro3d.a(effect.o)
                              /opt/devkitpro/libctru/lib/libcitro3d.a(base.o) (C3D_DepthMap)
/opt/devkitpro/libctru/lib/libcitro3d.a(attribs.o)
                              /opt/devkitpro/libctru/lib/libcitro2d.a(base.o) (AttrInfo_Init)
/opt/devkitpro/libctru/lib/libcitro3d.a(immediate.o)
                              /opt/devkitpro/libctru/lib/libcitro3d.a(base.o) (C3D_ImmSendAttrib)
/opt/devkitpro/libctru/lib/libcitro3d.a(mtx_ortho.o)
                              /opt/devkitpro/libctru/lib/libcitro2d.a(base.o) (Mtx_Ortho)
/opt/devkitpro/libctru/lib/libcitro3d.a(mtx_orthotilt.o)
                              /opt/devkitpro/libctru/lib/libcitro2d.a(base.o) (Mtx_OrthoTilt)
/opt/devkitpro/libctru/lib/libctru.a(vram.o)
                              /opt/devkitpro/libctru/lib/libcitro3d.a(renderqueue.o) (vramAlloc)
/opt/devkitpro/libctru/lib/libctru.a(linear.o)
                              /opt/devkitpro/libctru/lib/libcitro2d.a(base.o) (linearAlloc)
/opt/devkitpro/libctru/lib/libctru.a(mem_pool.o)
                              /opt/devkitpro/libctru/lib/libctru.a(vram.o) (MemPool::Allocate(MemChunk&, unsigned long, int))
/opt/devkitpro/libctru/lib/libctru.a(romfs_dev.o)
                              main.o (romfsMount)
/opt/devkitpro/libctru/lib/libctru.a(os.o)
                              /opt/devkitpro/libctru/lib/libcitro3d.a(texture.o) (osConvertVirtToPhys)
/opt/devkitpro/libctru/lib/libctru.a(font.o)
                              /opt/devkitpro/libctru/lib/libcitro2d.a(text.o) (fontEnsureMapped)
/opt/devkitpro/libctru/lib/libctru.a(os-versionbin.o)
                              kernel.o (osGetSystemVersionData)
/opt/devkitpro/libctru/lib/libctru.a(srv.o)
                              ac.o (srvGetServiceHandle)
/opt/devkitpro/libctru/lib/libctru.a(gfx.o)
                              /opt/devkitpro/libctru/lib/libcitro3d.a(renderqueue.o) (gfxIs3D)
/opt/devkitpro/libctru/lib/libctru.a(shaderProgram.o)
                              /opt/devkitpro/libctru/lib/libcitro2d.a(base.o) (shaderInstanceGetUniformLocation)
/opt/devkitpro/libctru/lib/libctru.a(shbin.o)
                              /opt/devkitpro/libctru/lib/libcitro2d.a(base.o) (DVLB_ParseFile)
/opt/devkitpro/libctru/lib/libctru.a(gx.o)
                              /opt/devkitpro/libctru/lib/libctru.a(gfx.o) (gxCmdBuf)
/opt/devkitpro/libctru/lib/libctru.a(gxqueue.o)
                              /opt/devkitpro/libctru/lib/libcitro3d.a(renderqueue.o) (gxCmdQueueClear)
/opt/devkitpro/libctru/lib/libctru.a(gpu.o)
                              /opt/devkitpro/libctru/lib/libcitro3d.a(base.o) (gpuCmdBufOffset)
/opt/devkitpro/libctru/lib/libctru.a(cfgu.o)
                              main.o (cfguInit)
/opt/devkitpro/libctru/lib/libctru.a(srvpm.o)
                              /opt/devkitpro/libctru/lib/libctru.a(srv.o) (srvPmGetSessionHandle)
/opt/devkitpro/libctru/lib/libctru.a(dsp.o)
                              main.o (dspExit)
/opt/devkitpro/libctru/lib/libctru.a(gspgpu.o)
[...]
Memory Configuration

Name             Origin             Length             Attributes
*default*        0x0000000000000000 0xffffffffffffffff

Linker script and memory map

                0x0000000000100000                PROVIDE (__start__ = 0x100000)
                0x0000000000100000                . = __start__

.text           0x0000000000100000    0x23854
 *(.crt0)
 .crt0          0x0000000000100000       0x94 /opt/devkitpro/devkitARM/lib/gcc/arm-none-eabi/8.1.0/../../../../arm-none-eabi/lib/armv6k/fpu/3dsx_crt0.o
                0x0000000000100000                _start
                0x0000000000100008                __service_ptr
                0x000000000010000c                __apt_appid
                0x0000000000100010                __heap_size
                0x0000000000100014                __linear_heap_size
                0x0000000000100018                __system_arglist
                0x000000000010001c                __system_runflags
 *(.init)
 .init          0x0000000000100094        0xc /opt/devkitpro/devkitARM/lib/gcc/arm-none-eabi/8.1.0/armv6k/fpu/crti.o
                0x0000000000100094                _init
 .init          0x00000000001000a0        0xc /opt/devkitpro/devkitARM/lib/gcc/arm-none-eabi/8.1.0/armv6k/fpu/crtn.o
                0x00000000001000ac                . = ALIGN (0x4)
 *(.text)
 .text          0x00000000001000ac       0x64 /opt/devkitpro/libctru/lib/libctru.a(stack_adjust.o)
                0x00000000001000ac                initSystem
                0x00000000001000f0                __ctru_exit
 .text          0x0000000000100110      0x20c /opt/devkitpro/devkitARM/lib/gcc/arm-none-eabi/8.1.0/armv6k/fpu/libgcc.a(_udivsi3.o)
                0x0000000000100110                __udivsi3
                0x0000000000100110                __aeabi_uidiv
                0x00000000001002fc                __aeabi_uidivmod
 .text          0x000000000010031c      0x240 /opt/devkitpro/devkitARM/lib/gcc/arm-none-eabi/8.1.0/armv6k/fpu/libgcc.a(_divsi3.o)
                0x000000000010031c                __aeabi_idiv
                0x000000000010031c                __divsi3
                0x000000000010053c                __aeabi_idivmod
 .text          0x000000000010055c        0x4 /opt/devkitpro/devkitARM/lib/gcc/arm-none-eabi/8.1.0/armv6k/fpu/libgcc.a(_dvmd_tls.o)
                0x000000000010055c                __aeabi_ldiv0
                0x000000000010055c                __aeabi_idiv0
 .text          0x0000000000100560      0x3c0 /opt/devkitpro/devkitARM/lib/gcc/arm-none-eabi/8.1.0/armv6k/fpu/libgcc.a(_arm_addsubdf3.o)
                0x0000000000100560                __aeabi_drsub
                0x0000000000100568                __aeabi_dsub
                0x0000000000100568                __subdf3
                0x000000000010056c                __adddf3
                0x000000000010056c                __aeabi_dadd
                0x0000000000100818                __aeabi_ui2d
                0x0000000000100818                __floatunsidf
                0x000000000010083c                __floatsidf
                0x000000000010083c                __aeabi_i2d
                0x0000000000100864                __extendsfdf2
                0x0000000000100864                __aeabi_f2d
                0x00000000001008ac                __aeabi_ul2d
                0x00000000001008ac                __floatundidf
                0x00000000001008c0                __floatdidf
                0x00000000001008c0                __aeabi_l2d
 .text          0x0000000000100920       0x3c /opt/devkitpro/devkitARM/lib/gcc/arm-none-eabi/8.1.0/armv6k/fpu/libgcc.a(_aeabi_uldivmod.o)
                0x0000000000100920                __aeabi_uldivmod
 .text          0x000000000010095c       0x2c /opt/devkitpro/devkitARM/lib/gcc/arm-none-eabi/8.1.0/../../../../arm-none-eabi/lib/armv6k/fpu/libg.a(lib_a-setjmp.o)
                0x000000000010095c                setjmp
                0x0000000000100970                longjmp
 *fill*         0x0000000000100988       0x18 
 .text          0x00000000001009a0      0x390 /opt/devkitpro/devkitARM/lib/gcc/arm-none-eabi/8.1.0/../../../../arm-none-eabi/lib/armv6k/fpu/libg.a(lib_a-strcmp.o)
                0x00000000001009a8                strcmp
 .text          0x0000000000100d30       0xd4 /opt/devkitpro/devkitARM/lib/gcc/arm-none-eabi/8.1.0/armv6k/fpu/libgcc.a(_aeabi_ldivmod.o)
                0x0000000000100d30                __aeabi_ldivmod
 *(.text.*)
 .text.deregister_tm_clones
                0x0000000000100e04       0x2c /opt/devkitpro/devkitARM/lib/gcc/arm-none-eabi/8.1.0/armv6k/fpu/crtbegin.o
 .text.register_tm_clones
                0x0000000000100e30       0x38 /opt/devkitpro/devkitARM/lib/gcc/arm-none-eabi/8.1.0/armv6k/fpu/crtbegin.o
 .text.__do_global_dtors_aux
                0x0000000000100e68       0x44 /opt/devkitpro/devkitARM/lib/gcc/arm-none-eabi/8.1.0/armv6k/fpu/crtbegin.o
 .text.frame_dummy
                0x0000000000100eac       0x34 /opt/devkitpro/devkitARM/lib/gcc/arm-none-eabi/8.1.0/armv6k/fpu/crtbegin.o
 .text.Draw_EndFrame
                0x0000000000100ee0       0x30 C2D_helper.o
                0x0000000000100ee0                Draw_EndFrame
 .text.Draw_Text
                0x0000000000100f10       0x74 C2D_helper.o
                0x0000000000100f10                Draw_Text
 .text.Draw_Textf
                0x0000000000100f84       0x54 C2D_helper.o
                0x0000000000100f84                Draw_Textf
 .text.Draw_GetTextSize
                0x0000000000100fd8       0x50 C2D_helper.o
                0x0000000000100fd8                Draw_GetTextSize
 .text.Draw_GetTextHeight
                0x0000000000101028       0x2c C2D_helper.o
                0x0000000000101028                Draw_GetTextHeight
 .text.Draw_Rect
                0x0000000000101054       0x20 C2D_helper.o
                0x0000000000101054                Draw_Rect
 .text.Draw_Image
                0x0000000000101074       0x74 C2D_helper.o
                0x0000000000101074                Draw_Image
 .text.Menu_DrawItem
                0x00000000001010e8       0xbc menus.o
 .text.Menu_NNID
                0x00000000001011a4      0x1e4 menus.o
 .text.Menu_WiFi
                0x0000000000101388      0x418 menus.o
 .text.Menu_Main
                0x00000000001017a0     0x2a48 menus.o
                0x00000000001017a0                Menu_Main
 .text.Config_GetUsername
                0x00000000001041e8       0x54 config.o
                0x00000000001041e8                Config_GetUsername
 .text.Config_GetBirthday
                0x000000000010423c       0x58 config.o
                0x000000000010423c                Config_GetBirthday
 .text.Config_GetEulaVersion
                0x0000000000104294       0x54 config.o
                0x0000000000104294                Config_GetEulaVersion
 .text.Config_GetSoundOutputMode
                0x00000000001042e8       0x3c config.o
                0x00000000001042e8                Config_GetSoundOutputMode
 .text.Config_GetParentalPin
                0x0000000000104324       0x78 config.o
                0x0000000000104324                Config_GetParentalPin
 .text.Config_GetParentalEmail
                0x000000000010439c       0x50 config.o
                0x000000000010439c                Config_GetParentalEmail
 .text.Config_GetParentalSecretAnswer
                0x00000000001043ec       0x4c config.o
                0x00000000001043ec                Config_GetParentalSecretAnswer
 .text.Config_IsPowerSaveEnabled
                0x0000000000104438       0x3c config.o
                0x0000000000104438                Config_IsPowerSaveEnabled
 .text.Config_IsAutoBrightnessEnabled
                0x0000000000104474       0x3c config.o
                0x0000000000104474                Config_IsAutoBrightnessEnabled
 .text.Term_Services
                0x00000000001044b0       0xa4 main.o
 .text.startup.main
                0x0000000000104554      0x184 main.o
                0x0000000000104554                main
 .text.Hardware_GetAudioJackStatus
                0x00000000001046d8       0x5c hardware.o
                0x00000000001046d8                Hardware_GetAudioJackStatus
 .text.Hardware_GetCardSlotStatus
                0x0000000000104734       0xa0 hardware.o
                0x0000000000104734                Hardware_GetCardSlotStatus
 .text.Hardware_DetectSD
                0x00000000001047d4       0x5c hardware.o
                0x00000000001047d4                Hardware_DetectSD
 .text.Hardware_GetBrightness
                0x0000000000104830       0x8c hardware.o
                0x0000000000104830                Hardware_GetBrightness
 .text.System_GetModel
                0x00000000001048bc       0x6c system.o
                0x00000000001048bc                System_GetModel
 .text.System_GetRegion
                0x0000000000104928       0x6c system.o
                0x0000000000104928                System_GetRegion
 .text.System_GetFirmRegion
                0x0000000000104994       0xf8 system.o
                0x0000000000104994                System_GetFirmRegion
 .text.System_GetLang
                0x0000000000104a8c       0x74 system.o
                0x0000000000104a8c                System_GetLang
 .text.System_GetMacAddress
                0x0000000000104b00       0x64 system.o
                0x0000000000104b00                System_GetMacAddress
 .text.System_GetRunningHW
                0x0000000000104b64       0x38 system.o
                0x0000000000104b64                System_GetRunningHW
 .text.System_GetScreenType
                0x0000000000104b9c      0x180 system.o
                0x0000000000104b9c                System_GetScreenType
 .text.System_GetLocalFriendCodeSeed
                0x0000000000104d1c       0x38 system.o
                0x0000000000104d1c                System_GetLocalFriendCodeSeed
 .text.System_GetSerialNumber
                0x0000000000104d54       0x24 system.o
                0x0000000000104d54                System_GetSerialNumber
 .text.System_GetSoapId
                0x0000000000104d78       0x34 system.o
                0x0000000000104d78                System_GetSoapId
 .text.Storage_GetFreeStorage
                0x0000000000104dac       0x48 storage.o
                0x0000000000104dac                Storage_GetFreeStorage
 .text.Storage_GetTotalStorage
                0x0000000000104df4       0x48 storage.o
                0x0000000000104df4                Storage_GetTotalStorage
 .text.Storage_GetUsedStorage
                0x0000000000104e3c       0x58 storage.o
                0x0000000000104e3c                Storage_GetUsedStorage
 *fill*         0x0000000000104e94        0x4 
 .text.Utils_GetSizeString
                0x0000000000104e98       0x9c utils.o
                0x0000000000104e98                Utils_GetSizeString
 .text.Utils_IsN3DS
                0x0000000000104f34       0x2c utils.o
                0x0000000000104f34                Utils_IsN3DS
 .text.Utils_U16_To_U8
                0x0000000000104f60       0x1c utils.o
                0x0000000000104f60                Utils_U16_To_U8
 .text.Utils_ExtractBetween
                0x0000000000104f7c       0x70 utils.o
                0x0000000000104f7c                Utils_ExtractBetween
 .text.generateScreenshotFileName.constprop.0
                0x0000000000104fec       0xa8 screenshot.o
 *fill*         0x0000000000105094        0x4 
 .text.Screenshot_Capture
                0x0000000000105098      0x2d4 screenshot.o
                0x0000000000105098                Screenshot_Capture
 .text.Misc_TitleCount
                0x000000000010536c       0x2c misc.o
                0x000000000010536c                Misc_TitleCount
 .text.Misc_TicketCount
                0x0000000000105398       0x2c misc.o
                0x0000000000105398                Misc_TicketCount
 .text.WiFi_GetSecurityMode
                0x00000000001053c4       0x5c wifi.o
                0x00000000001053c4                WiFi_GetSecurityMode
 .text.Kernel_GetInitalVersion
                0x0000000000105420      0x1b0 kernel.o
                0x0000000000105420                Kernel_GetInitalVersion
 .text.Kernel_GetVersion
                0x00000000001055d0      0x188 kernel.o
                0x00000000001055d0                Kernel_GetVersion
 .text.Kernel_GetSDMCCID
                0x0000000000105758       0xbc kernel.o
                0x0000000000105758                Kernel_GetSDMCCID
 .text.Kernel_GetNANDCID
                0x0000000000105814       0xbc kernel.o
                0x0000000000105814                Kernel_GetNANDCID
 .text.Kernel_GetDeviceId
                0x00000000001058d0       0x2c kernel.o
                0x00000000001058d0                Kernel_GetDeviceId
 .text.FS_OpenArchive
                0x00000000001058fc       0x4c fs.o
                0x00000000001058fc                FS_OpenArchive
 .text.FS_CloseArchive
                0x0000000000105948       0x10 fs.o
                0x0000000000105948                FS_CloseArchive
 .text.FS_MakeDir
                0x0000000000105958       0x48 fs.o
                0x0000000000105958                FS_MakeDir
 .text.FS_FileExists
                0x00000000001059a0       0x70 fs.o
                0x00000000001059a0                FS_FileExists
 .text.FS_DirExists
                0x0000000000105a10       0x5c fs.o
                0x0000000000105a10                FS_DirExists
 .text.aciInit  0x0000000000105a6c       0x14 ac.o
                0x0000000000105a6c                aciInit
 .text.aciExit  0x0000000000105a80       0x10 ac.o
                0x0000000000105a80                aciExit
 .text.ACI_LoadWiFiSlot
                0x0000000000105a90       0x34 ac.o
                0x0000000000105a90                ACI_LoadWiFiSlot
 .text.ACI_GetSSID
                0x0000000000105ac4       0x40 ac.o
                0x0000000000105ac4                ACI_GetSSID
 .text.ACI_GetPassphrase
                0x0000000000105b04       0x40 ac.o
                0x0000000000105b04                ACI_GetPassphrase
 .text.ACI_GetSecurityMode
                0x0000000000105b44       0x3c ac.o
                0x0000000000105b44                ACI_GetSecurityMode
 .text.actInit  0x0000000000105b80       0x88 actu.o
                0x0000000000105b80                actInit
 .text.actExit  0x0000000000105c08       0x34 actu.o
                0x0000000000105c08                actExit
 .text.ACTU_GetAccountDataBlock
                0x0000000000105c3c       0x50 actu.o
                0x0000000000105c3c                ACTU_GetAccountDataBlock
 .text.C2D_Init
                0x0000000000105c8c      0x2b0 /opt/devkitpro/libctru/lib/libcitro2d.a(base.o)
                0x0000000000105c8c                C2D_Init
 .text.C2D_Prepare
                0x0000000000105f3c       0xfc /opt/devkitpro/libctru/lib/libcitro2d.a(base.o)
                0x0000000000105f3c                C2D_Prepare
 .text.C2D_SceneSize
                0x0000000000106038      0x100 /opt/devkitpro/libctru/lib/libcitro2d.a(base.o)
                0x0000000000106038                C2D_SceneSize
 .text.C2D_CreateScreenTarget
                0x0000000000106138       0x44 /opt/devkitpro/libctru/lib/libcitro2d.a(base.o)
                0x0000000000106138                C2D_CreateScreenTarget
 .text.C2Di_CalcQuad
                0x000000000010617c      0x140 /opt/devkitpro/libctru/lib/libcitro2d.a(base.o)
                0x000000000010617c                C2Di_CalcQuad
 .text.C2Di_AppendVtx
                0x00000000001062bc       0x48 /opt/devkitpro/libctru/lib/libcitro2d.a(base.o)
                0x00000000001062bc                C2Di_AppendVtx
 .text.C2Di_FlushVtxBuf
                0x0000000000106304       0x30 /opt/devkitpro/libctru/lib/libcitro2d.a(base.o)
                0x0000000000106304                C2Di_FlushVtxBuf
 .text.C2Di_FrameEndHook
                0x0000000000106334       0x20 /opt/devkitpro/libctru/lib/libcitro2d.a(base.o)
 .text.C2D_Flush
                0x0000000000106354       0x18 /opt/devkitpro/libctru/lib/libcitro2d.a(base.o)
                0x0000000000106354                C2D_Flush
 .text.C2D_TargetClear
                0x000000000010636c       0x30 /opt/devkitpro/libctru/lib/libcitro2d.a(base.o)
                0x000000000010636c                C2D_TargetClear
 .text.C2Di_Update
                0x000000000010639c      0x158 /opt/devkitpro/libctru/lib/libcitro2d.a(base.o)
                0x000000000010639c                C2Di_Update
 .text.C2D_DrawImage
                0x00000000001064f4      0x2d8 /opt/devkitpro/libctru/lib/libcitro2d.a(base.o)
                0x00000000001064f4                C2D_DrawImage
 .text.C2D_DrawRectangle
                0x00000000001067cc      0x1b0 /opt/devkitpro/libctru/lib/libcitro2d.a(base.o)
                0x00000000001067cc                C2D_DrawRectangle
 .text.C2Di_GlyphComp
                0x000000000010697c       0x18 /opt/devkitpro/libctru/lib/libcitro2d.a(text.o)
 .text.C2D_TextBufNew
                0x0000000000106994      0x154 /opt/devkitpro/libctru/lib/libcitro2d.a(text.o)
                0x0000000000106994                C2D_TextBufNew
 .text.C2D_TextBufDelete
                0x0000000000106ae8        0x4 /opt/devkitpro/libctru/lib/libcitro2d.a(text.o)
                0x0000000000106ae8                C2D_TextBufDelete
 .text.C2D_TextBufClear
                0x0000000000106aec        0xc /opt/devkitpro/libctru/lib/libcitro2d.a(text.o)
                0x0000000000106aec                C2D_TextBufClear
 .text.C2D_TextParseLine
                0x0000000000106af8      0x17c /opt/devkitpro/libctru/lib/libcitro2d.a(text.o)
                0x0000000000106af8                C2D_TextParseLine
 .text.C2D_TextParse
                0x0000000000106c74       0x80 /opt/devkitpro/libctru/lib/libcitro2d.a(text.o)
                0x0000000000106c74                C2D_TextParse
 .text.C2D_TextOptimize
                0x0000000000106cf4       0x2c /opt/devkitpro/libctru/lib/libcitro2d.a(text.o)
                0x0000000000106cf4                C2D_TextOptimize
 .text.C2D_TextGetDimensions
                0x0000000000106d20       0x68 /opt/devkitpro/libctru/lib/libcitro2d.a(text.o)
                0x0000000000106d20                C2D_TextGetDimensions
 .text.C2D_DrawText
                0x0000000000106d88      0x204 /opt/devkitpro/libctru/lib/libcitro2d.a(text.o)
                0x0000000000106d88                C2D_DrawText
 .text.C2D_SpriteSheetLoadFromHandle
                0x0000000000106f8c       0x6c /opt/devkitpro/libctru/lib/libcitro2d.a(spritesheet.o)
                0x0000000000106f8c                C2D_SpriteSheetLoadFromHandle
 .text.C2D_SpriteSheetLoad
                0x0000000000106ff8       0x34 /opt/devkitpro/libctru/lib/libcitro2d.a(spritesheet.o)
                0x0000000000106ff8                C2D_SpriteSheetLoad
 .text.C2D_SpriteSheetFree
                0x000000000010702c       0x28 /opt/devkitpro/libctru/lib/libcitro2d.a(spritesheet.o)
                0x000000000010702c                C2D_SpriteSheetFree
 .text.C2D_SpriteSheetGetImage
                0x0000000000107054       0x28 /opt/devkitpro/libctru/lib/libcitro2d.a(spritesheet.o)
                0x0000000000107054                C2D_SpriteSheetGetImage
 .text.C3Di_SplitFrame.part.1
                0x000000000010707c       0xc4 /opt/devkitpro/libctru/lib/libcitro3d.a(base.o)
 .text.C3Di_LightEnvUpdate
                0x0000000000107140        0x4 /opt/devkitpro/libctru/lib/libcitro3d.a(base.o)
                0x0000000000107140                C3Di_LightEnvUpdate
 .text.C3Di_LightEnvDirty
                0x0000000000107144        0x4 /opt/devkitpro/libctru/lib/libcitro3d.a(base.o)
                0x0000000000107144                C3Di_LightEnvDirty
 .text.C3Di_AptEventHook
                0x0000000000107148       0x8c /opt/devkitpro/libctru/lib/libcitro3d.a(base.o)
 .text.C3D_Init
                0x00000000001071d4      0x21c /opt/devkitpro/libctru/lib/libcitro3d.a(base.o)
                0x00000000001071d4                C3D_Init
 .text.C3D_SetViewport
                0x00000000001073f0       0x98 /opt/devkitpro/libctru/lib/libcitro3d.a(base.o)
                0x00000000001073f0                C3D_SetViewport
 .text.C3Di_UpdateContext
                0x0000000000107488      0x4b4 /opt/devkitpro/libctru/lib/libcitro3d.a(base.o)
                0x0000000000107488                C3Di_UpdateContext
 .text.C3Di_SplitFrame
                0x000000000010793c       0x20 /opt/devkitpro/libctru/lib/libcitro3d.a(base.o)
                0x000000000010793c                C3Di_SplitFrame
 .text.C3D_BindProgram
                0x000000000010795c      0x114 /opt/devkitpro/libctru/lib/libcitro3d.a(base.o)
                0x000000000010795c                C3D_BindProgram
 .text.C3Di_RenderQueueInit
                0x0000000000107a70       0x54 /opt/devkitpro/libctru/lib/libcitro3d.a(renderqueue.o)
 .text.onVBlank1
                0x0000000000107ac4       0xcc /opt/devkitpro/libctru/lib/libcitro3d.a(renderqueue.o)
 .text.onVBlank0
                0x0000000000107b90      0x19c /opt/devkitpro/libctru/lib/libcitro3d.a(renderqueue.o)
 .text.C3Di_RenderTargetNew
                0x0000000000107d2c        0xc /opt/devkitpro/libctru/lib/libcitro3d.a(renderqueue.o)
 .text.C3Di_WaitAndClearQueue
                0x0000000000107d38       0x7c /opt/devkitpro/libctru/lib/libcitro3d.a(renderqueue.o)
 .text.onQueueFinish
                0x0000000000107db4       0xc0 /opt/devkitpro/libctru/lib/libcitro3d.a(renderqueue.o)
 .text.C3D_FrameSplit.part.6
                0x0000000000107e74       0x44 /opt/devkitpro/libctru/lib/libcitro3d.a(renderqueue.o)
 .text.C3D_FrameSync
                0x0000000000107eb8       0x30 /opt/devkitpro/libctru/lib/libcitro3d.a(renderqueue.o)
                0x0000000000107eb8                C3D_FrameSync
 .text.C3Di_RenderQueueWaitDone
                0x0000000000107ee8       0x20 /opt/devkitpro/libctru/lib/libcitro3d.a(renderqueue.o)
                0x0000000000107ee8                C3Di_RenderQueueWaitDone
 .text.C3D_FrameBegin
                0x0000000000107f08       0x7c /opt/devkitpro/libctru/lib/libcitro3d.a(renderqueue.o)
                0x0000000000107f08                C3D_FrameBegin
 .text.C3D_FrameDrawOn
                0x0000000000107f84       0x48 /opt/devkitpro/libctru/lib/libcitro3d.a(renderqueue.o)
                0x0000000000107f84                C3D_FrameDrawOn
 .text.C3D_FrameSplit
                0x0000000000107fcc       0x18 /opt/devkitpro/libctru/lib/libcitro3d.a(renderqueue.o)
                0x0000000000107fcc                C3D_FrameSplit
 .text.C3D_FrameEnd
                0x0000000000107fe4      0x1b0 /opt/devkitpro/libctru/lib/libcitro3d.a(renderqueue.o)
                0x0000000000107fe4                C3D_FrameEnd
 .text.C3D_FrameEndHook
                0x0000000000108194       0x1c /opt/devkitpro/libctru/lib/libcitro3d.a(renderqueue.o)
                0x0000000000108194                C3D_FrameEndHook
 .text.C3D_RenderTargetCreate
                0x00000000001081b0      0x17c /opt/devkitpro/libctru/lib/libcitro3d.a(renderqueue.o)
                0x00000000001081b0                C3D_RenderTargetCreate
 .text.C3D_RenderTargetSetOutput
                0x000000000010832c       0x4c /opt/devkitpro/libctru/lib/libcitro3d.a(renderqueue.o)
                0x000000000010832c                C3D_RenderTargetSetOutput
 .text.C3D_SyncTextureCopy
                0x0000000000108378       0xb4 /opt/devkitpro/libctru/lib/libcitro3d.a(renderqueue.o)
                0x0000000000108378                C3D_SyncTextureCopy
 .text.C3D_TexInitWithParams
                0x000000000010842c      0x284 /opt/devkitpro/libctru/lib/libcitro3d.a(texture.o)
                0x000000000010842c                C3D_TexInitWithParams
 .text.C3D_TexLoadImage
                0x00000000001086b0       0xdc /opt/devkitpro/libctru/lib/libcitro3d.a(texture.o)
                0x00000000001086b0                C3D_TexLoadImage
 .text.C3D_TexBind
                0x000000000010878c       0x48 /opt/devkitpro/libctru/lib/libcitro3d.a(texture.o)
                0x000000000010878c                C3D_TexBind
 .text.C3D_TexDelete
                0x00000000001087d4       0x7c /opt/devkitpro/libctru/lib/libcitro3d.a(texture.o)
                0x00000000001087d4                C3D_TexDelete
 .text.C3Di_SetTex
                0x0000000000108850      0x174 /opt/devkitpro/libctru/lib/libcitro3d.a(texture.o)
                0x0000000000108850                C3Di_SetTex
 .text.Tex3DSi_ImportCommon
                0x00000000001089c4      0x3e8 /opt/devkitpro/libctru/lib/libcitro3d.a(tex3ds.o)
 .text.Tex3DS_TextureImportStdio
                0x0000000000108dac       0x34 /opt/devkitpro/libctru/lib/libcitro3d.a(tex3ds.o)
                0x0000000000108dac                Tex3DS_TextureImportStdio
 .text.Tex3DS_GetSubTexture
                0x0000000000108de0       0x1c /opt/devkitpro/libctru/lib/libcitro3d.a(tex3ds.o)
                0x0000000000108de0                Tex3DS_GetSubTexture
 .text.Tex3DS_TextureFree
                0x0000000000108dfc        0x4 /opt/devkitpro/libctru/lib/libcitro3d.a(tex3ds.o)
                0x0000000000108dfc                Tex3DS_TextureFree
 .text.C3D_CalcColorBufSize
                0x0000000000108e00       0x1c /opt/devkitpro/libctru/lib/libcitro3d.a(framebuffer.o)
                0x0000000000108e00                C3D_CalcColorBufSize
 .text.C3D_CalcDepthBufSize
                0x0000000000108e1c       0x1c /opt/devkitpro/libctru/lib/libcitro3d.a(framebuffer.o)
                0x0000000000108e1c                C3D_CalcDepthBufSize
 .text.C3D_SetFrameBuf
                0x0000000000108e38       0x44 /opt/devkitpro/libctru/lib/libcitro3d.a(framebuffer.o)
                0x0000000000108e38                C3D_SetFrameBuf
 .text.C3Di_FrameBufBind
                0x0000000000108e7c      0x168 /opt/devkitpro/libctru/lib/libcitro3d.a(framebuffer.o)
                0x0000000000108e7c                C3Di_FrameBufBind
 .text.C3D_FrameBufClear
                0x0000000000108fe4       0xc8 /opt/devkitpro/libctru/lib/libcitro3d.a(framebuffer.o)
                0x0000000000108fe4                C3D_FrameBufClear
 .text.C3D_FrameBufTransfer
                0x00000000001090ac       0x48 /opt/devkitpro/libctru/lib/libcitro3d.a(framebuffer.o)
                0x00000000001090ac                C3D_FrameBufTransfer
 .text.C3D_GetTexEnv
                0x00000000001090f4       0x34 /opt/devkitpro/libctru/lib/libcitro3d.a(texenv.o)
                0x00000000001090f4                C3D_GetTexEnv
 .text.C3Di_TexEnvBind
                0x0000000000109128       0x24 /opt/devkitpro/libctru/lib/libcitro3d.a(texenv.o)
                0x0000000000109128                C3Di_TexEnvBind
 .text.C3D_ProcTexInit
                0x000000000010914c       0x6c /opt/devkitpro/libctru/lib/libcitro3d.a(proctex.o)
                0x000000000010914c                C3D_ProcTexInit
 .text.C3D_ProcTexBind
                0x00000000001091b8       0x50 /opt/devkitpro/libctru/lib/libcitro3d.a(proctex.o)
                0x00000000001091b8                C3D_ProcTexBind
 .text.C3D_ProcTexLutBind
                0x0000000000109208       0x60 /opt/devkitpro/libctru/lib/libcitro3d.a(proctex.o)
                0x0000000000109208                C3D_ProcTexLutBind
 .text.ProcTexLut_FromArray
                0x0000000000109268       0xa4 /opt/devkitpro/libctru/lib/libcitro3d.a(proctex.o)
                0x0000000000109268                ProcTexLut_FromArray
 .text.C3Di_ProcTexUpdate
                0x000000000010930c      0x174 /opt/devkitpro/libctru/lib/libcitro3d.a(proctex.o)
                0x000000000010930c                C3Di_ProcTexUpdate
 .text.C3Di_ProcTexDirty
                0x0000000000109480       0x68 /opt/devkitpro/libctru/lib/libcitro3d.a(proctex.o)
                0x0000000000109480                C3Di_ProcTexDirty
 .text.C3D_UpdateUniforms
                0x00000000001094e8      0x2b8 /opt/devkitpro/libctru/lib/libcitro3d.a(uniforms.o)
                0x00000000001094e8                C3D_UpdateUniforms
 .text.C3Di_DirtyUniforms
                0x00000000001097a0       0xc0 /opt/devkitpro/libctru/lib/libcitro3d.a(uniforms.o)
                0x00000000001097a0                C3Di_DirtyUniforms
 .text.C3Di_LoadShaderUniforms
                0x0000000000109860       0xe0 /opt/devkitpro/libctru/lib/libcitro3d.a(uniforms.o)
                0x0000000000109860                C3Di_LoadShaderUniforms
 .text.C3Di_ClearShaderUniforms
                0x0000000000109940       0x28 /opt/devkitpro/libctru/lib/libcitro3d.a(uniforms.o)
                0x0000000000109940                C3Di_ClearShaderUniforms
 .text.BufInfo_Init
                0x0000000000109968       0x24 /opt/devkitpro/libctru/lib/libcitro3d.a(buffers.o)
                0x0000000000109968                BufInfo_Init
 .text.BufInfo_Add
                0x000000000010998c       0x84 /opt/devkitpro/libctru/lib/libcitro3d.a(buffers.o)
                0x000000000010998c                BufInfo_Add
 .text.C3D_SetBufInfo
                0x0000000000109a10       0x40 /opt/devkitpro/libctru/lib/libcitro3d.a(buffers.o)
                0x0000000000109a10                C3D_SetBufInfo
 .text.C3Di_BufInfoBind
                0x0000000000109a50       0x48 /opt/devkitpro/libctru/lib/libcitro3d.a(buffers.o)
                0x0000000000109a50                C3Di_BufInfoBind
 .text.C3D_DrawArrays
                0x0000000000109a98      0x148 /opt/devkitpro/libctru/lib/libcitro3d.a(drawArrays.o)
                0x0000000000109a98                C3D_DrawArrays
 .text.C3D_DepthMap
                0x0000000000109be0       0x40 /opt/devkitpro/libctru/lib/libcitro3d.a(effect.o)
                0x0000000000109be0                C3D_DepthMap
 .text.C3D_CullFace
                0x0000000000109c20       0x1c /opt/devkitpro/libctru/lib/libcitro3d.a(effect.o)
                0x0000000000109c20                C3D_CullFace
 .text.C3D_StencilTest
                0x0000000000109c3c       0x40 /opt/devkitpro/libctru/lib/libcitro3d.a(effect.o)
                0x0000000000109c3c                C3D_StencilTest
 .text.C3D_StencilOp
                0x0000000000109c7c       0x24 /opt/devkitpro/libctru/lib/libcitro3d.a(effect.o)
                0x0000000000109c7c                C3D_StencilOp
 .text.C3D_BlendingColor
                0x0000000000109ca0       0x1c /opt/devkitpro/libctru/lib/libcitro3d.a(effect.o)
                0x0000000000109ca0                C3D_BlendingColor
 .text.C3D_EarlyDepthTest
                0x0000000000109cbc       0x24 /opt/devkitpro/libctru/lib/libcitro3d.a(effect.o)
                0x0000000000109cbc                C3D_EarlyDepthTest
 .text.C3D_DepthTest
                0x0000000000109ce0       0x2c /opt/devkitpro/libctru/lib/libcitro3d.a(effect.o)
                0x0000000000109ce0                C3D_DepthTest
 .text.C3D_AlphaTest
                0x0000000000109d0c       0x2c /opt/devkitpro/libctru/lib/libcitro3d.a(effect.o)
                0x0000000000109d0c                C3D_AlphaTest
 .text.C3D_AlphaBlend
                0x0000000000109d38       0x50 /opt/devkitpro/libctru/lib/libcitro3d.a(effect.o)
                0x0000000000109d38                C3D_AlphaBlend
 .text.C3D_FragOpMode
                0x0000000000109d88       0x30 /opt/devkitpro/libctru/lib/libcitro3d.a(effect.o)
                0x0000000000109d88                C3D_FragOpMode
 .text.C3D_FragOpShadow
                0x0000000000109db8       0x44 /opt/devkitpro/libctru/lib/libcitro3d.a(effect.o)
                0x0000000000109db8                C3D_FragOpShadow
 .text.C3Di_EffectBind
                0x0000000000109dfc      0x174 /opt/devkitpro/libctru/lib/libcitro3d.a(effect.o)
                0x0000000000109dfc                C3Di_EffectBind
 .text.AttrInfo_Init
                0x0000000000109f70       0x28 /opt/devkitpro/libctru/lib/libcitro3d.a(attribs.o)
                0x0000000000109f70                AttrInfo_Init
 .text.AttrInfo_AddLoader
                0x0000000000109f98       0xa0 /opt/devkitpro/libctru/lib/libcitro3d.a(attribs.o)
                0x0000000000109f98                AttrInfo_AddLoader
 .text.C3D_SetAttrInfo
                0x000000000010a038       0x54 /opt/devkitpro/libctru/lib/libcitro3d.a(attribs.o)
                0x000000000010a038                C3D_SetAttrInfo
 .text.C3Di_AttrInfoBind
                0x000000000010a08c       0x80 /opt/devkitpro/libctru/lib/libcitro3d.a(attribs.o)
                0x000000000010a08c                C3Di_AttrInfoBind
 .text.C3D_ImmSendAttrib
                0x000000000010a10c       0xa4 /opt/devkitpro/libctru/lib/libcitro3d.a(immediate.o)
                0x000000000010a10c                C3D_ImmSendAttrib
 .text.Mtx_Ortho
                0x000000000010a1b0       0xcc /opt/devkitpro/libctru/lib/libcitro3d.a(mtx_ortho.o)
                0x000000000010a1b0                Mtx_Ortho
 .text.Mtx_OrthoTilt
                0x000000000010a27c       0xcc /opt/devkitpro/libctru/lib/libcitro3d.a(mtx_orthotilt.o)
                0x000000000010a27c                Mtx_OrthoTilt
 .text._ZL21addrMapNodeComparatorPK11rbtree_nodeS1_
                0x000000000010a348       0x24 /opt/devkitpro/libctru/lib/libctru.a(vram.o)
 .text._ZL21addrMapNodeDestructorP11rbtree_node
                0x000000000010a36c        0x4 /opt/devkitpro/libctru/lib/libctru.a(vram.o)
 .text.vramMemAlign
                0x000000000010a370      0x110 /opt/devkitpro/libctru/lib/libctru.a(vram.o)
                0x000000000010a370                vramMemAlign
 .text.vramAlloc
                0x000000000010a480        0x8 /opt/devkitpro/libctru/lib/libctru.a(vram.o)
                0x000000000010a480                vramAlloc
 .text.vramFree
                0x000000000010a488       0x50 /opt/devkitpro/libctru/lib/libctru.a(vram.o)
                0x000000000010a488                vramFree
 .text._ZL21addrMapNodeComparatorPK11rbtree_nodeS1_
                0x000000000010a4d8       0x24 /opt/devkitpro/libctru/lib/libctru.a(linear.o)
 .text._ZL21addrMapNodeDestructorP11rbtree_node
                0x000000000010a4fc        0x4 /opt/devkitpro/libctru/lib/libctru.a(linear.o)
 .text.linearMemAlign
                0x000000000010a500      0x11c /opt/devkitpro/libctru/lib/libctru.a(linear.o)
                0x000000000010a500                linearMemAlign
 .text.linearAlloc
                0x000000000010a61c        0x8 /opt/devkitpro/libctru/lib/libctru.a(linear.o)
                0x000000000010a61c                linearAlloc
 .text.linearFree
                0x000000000010a624       0x50 /opt/devkitpro/libctru/lib/libctru.a(linear.o)
                0x000000000010a624                linearFree
 .text._ZN7MemPool13CoalesceRightEP8MemBlock
                0x000000000010a674       0x90 /opt/devkitpro/libctru/lib/libctru.a(mem_pool.o)
                0x000000000010a674                MemPool::CoalesceRight(MemBlock*)
 .text._ZN7MemPool8AllocateER8MemChunkmi
                0x000000000010a704      0x174 /opt/devkitpro/libctru/lib/libctru.a(mem_pool.o)
                0x000000000010a704                MemPool::Allocate(MemChunk&, unsigned long, int)
 .text._ZN7MemPool10DeallocateERK8MemChunk
                0x000000000010a878       0xfc /opt/devkitpro/libctru/lib/libctru.a(mem_pool.o)
                0x000000000010a878                MemPool::Deallocate(MemChunk const&)
 .text.romfs_close
                0x000000000010a974        0x8 /opt/devkitpro/libctru/lib/libctru.a(romfs_dev.o)
 .text.romfs_seek
                0x000000000010a97c       0xbc /opt/devkitpro/libctru/lib/libctru.a(romfs_dev.o)
 .text.romfs_dirreset
                0x000000000010aa38       0x28 /opt/devkitpro/libctru/lib/libctru.a(romfs_dev.o)
 .text.romfs_fstat
                0x000000000010aa60       0x78 /opt/devkitpro/libctru/lib/libctru.a(romfs_dev.o)
 .text._romfs_read_chk
                0x000000000010aad8       0x54 /opt/devkitpro/libctru/lib/libctru.a(romfs_dev.o)
 .text.romfs_read
                0x000000000010ab2c       0xdc /opt/devkitpro/libctru/lib/libctru.a(romfs_dev.o)
 .text.romfs_free
                0x000000000010ac08       0x84 /opt/devkitpro/libctru/lib/libctru.a(romfs_dev.o)
 .text.romfsMountCommon
                0x000000000010ac8c      0x16c /opt/devkitpro/libctru/lib/libctru.a(romfs_dev.o)
 .text.romfs_dirnext
                0x000000000010adf8      0x250 /opt/devkitpro/libctru/lib/libctru.a(romfs_dev.o)
 .text.romfsInitMtime.isra.4
                0x000000000010b048       0xbc /opt/devkitpro/libctru/lib/libctru.a(romfs_dev.o)
 .text.searchForFile.constprop.7
                0x000000000010b104       0xb4 /opt/devkitpro/libctru/lib/libctru.a(romfs_dev.o)
 .text.searchForDir.constprop.8
                0x000000000010b1b8       0xb8 /opt/devkitpro/libctru/lib/libctru.a(romfs_dev.o)
 .text.navigateToDir.constprop.6
                0x000000000010b270      0x1b4 /opt/devkitpro/libctru/lib/libctru.a(romfs_dev.o)
 .text.romfs_open
                0x000000000010b424      0x120 /opt/devkitpro/libctru/lib/libctru.a(romfs_dev.o)
 .text.romfs_stat
                0x000000000010b544      0x208 /opt/devkitpro/libctru/lib/libctru.a(romfs_dev.o)
 .text.romfs_chdir
                0x000000000010b74c       0x54 /opt/devkitpro/libctru/lib/libctru.a(romfs_dev.o)
 .text.romfs_diropen
                0x000000000010b7a0       0x78 /opt/devkitpro/libctru/lib/libctru.a(romfs_dev.o)
 .text.romfs_dirclose
                0x000000000010b818        0x8 /opt/devkitpro/libctru/lib/libctru.a(romfs_dev.o)
 .text.romfsMount
                0x000000000010b820      0x340 /opt/devkitpro/libctru/lib/libctru.a(romfs_dev.o)
                0x000000000010b820                romfsMount
 .text.romfsMountFromFile
                0x000000000010bb60       0x68 /opt/devkitpro/libctru/lib/libctru.a(romfs_dev.o)
                0x000000000010bb60                romfsMountFromFile
 .text.romfsUnmount
                0x000000000010bbc8       0x78 /opt/devkitpro/libctru/lib/libctru.a(romfs_dev.o)
                0x000000000010bbc8                romfsUnmount
 .text.getSysTime
                0x000000000010bc40       0x58 /opt/devkitpro/libctru/lib/libctru.a(os.o)
 .text.__ctru_speedup_config.part.0
                0x000000000010bc98       0x28 /opt/devkitpro/libctru/lib/libctru.a(os.o)
 .text.osConvertVirtToPhys
                0x000000000010bcc0       0x4c /opt/devkitpro/libctru/lib/libctru.a(os.o)
                0x000000000010bcc0                osConvertVirtToPhys
 .text.osGetMemRegionUsed
                0x000000000010bd0c       0x24 /opt/devkitpro/libctru/lib/libctru.a(os.o)
                0x000000000010bd0c                osGetMemRegionUsed
 .text.__libctru_gtod
                0x000000000010bd30      0x128 /opt/devkitpro/libctru/lib/libctru.a(os.o)
                0x000000000010bd30                __libctru_gtod
 .text.__ctru_speedup_config
                0x000000000010be58       0x18 /opt/devkitpro/libctru/lib/libctru.a(os.o)
                0x000000000010be58                __ctru_speedup_config
 .text.osSetSpeedupEnable
                0x000000000010be70       0x24 /opt/devkitpro/libctru/lib/libctru.a(os.o)
                0x000000000010be70                osSetSpeedupEnable
 .text.fontEnsureMapped
                0x000000000010be94       0xbc /opt/devkitpro/libctru/lib/libctru.a(font.o)
                0x000000000010be94                fontEnsureMapped
 .text.fontGlyphIndexFromCodePoint
                0x000000000010bf50       0xdc /opt/devkitpro/libctru/lib/libctru.a(font.o)
                0x000000000010bf50                fontGlyphIndexFromCodePoint
 .text.fontCalcGlyphPos
                0x000000000010c02c      0x1d8 /opt/devkitpro/libctru/lib/libctru.a(font.o)
                0x000000000010c02c                fontCalcGlyphPos
 .text.__read_versionbin.constprop.0
                0x000000000010c204       0xdc /opt/devkitpro/libctru/lib/libctru.a(os-versionbin.o)
 .text.osGetSystemVersionData
                0x000000000010c2e0      0x114 /opt/devkitpro/libctru/lib/libctru.a(os-versionbin.o)
                0x000000000010c2e0                osGetSystemVersionData
 .text.srvExit  0x000000000010c3f4       0x58 /opt/devkitpro/libctru/lib/libctru.a(srv.o)
                0x000000000010c3f4                srvExit
 .text.srvRegisterClient
                0x000000000010c44c       0x38 /opt/devkitpro/libctru/lib/libctru.a(srv.o)
                0x000000000010c44c                srvRegisterClient
 .text.srvInit  0x000000000010c484       0xc8 /opt/devkitpro/libctru/lib/libctru.a(srv.o)
                0x000000000010c484                srvInit
 .text.srvGetServiceHandleDirect
                0x000000000010c54c       0x80 /opt/devkitpro/libctru/lib/libctru.a(srv.o)
                0x000000000010c54c                srvGetServiceHandleDirect
 .text.srvGetServiceHandle
                0x000000000010c5cc       0x38 /opt/devkitpro/libctru/lib/libctru.a(srv.o)
                0x000000000010c5cc                srvGetServiceHandle
 .text.gfxSetFramebufferInfo.part.0
                0x000000000010c604       0x8c /opt/devkitpro/libctru/lib/libctru.a(gfx.o)
 .text.gfxSetFramebufferInfo
                0x000000000010c690       0x6c /opt/devkitpro/libctru/lib/libctru.a(gfx.o)
 .text.gfxGetFramebuffer.part.1
                0x000000000010c6fc       0x58 /opt/devkitpro/libctru/lib/libctru.a(gfx.o)
 .text.gfxIs3D  0x000000000010c754       0x10 /opt/devkitpro/libctru/lib/libctru.a(gfx.o)
                0x000000000010c754                gfxIs3D
 .text.__get_bytes_per_pixel
                0x000000000010c764       0x18 /opt/devkitpro/libctru/lib/libctru.a(gfx.o)
                0x000000000010c764                __get_bytes_per_pixel
 .text.gfxSetScreenFormat
                0x000000000010c77c      0x184 /opt/devkitpro/libctru/lib/libctru.a(gfx.o)
                0x000000000010c77c                gfxSetScreenFormat
 .text.gfxInit  0x000000000010c900      0x210 /opt/devkitpro/libctru/lib/libctru.a(gfx.o)
                0x000000000010c900                gfxInit
 .text.gfxInitDefault
                0x000000000010cb10       0x10 /opt/devkitpro/libctru/lib/libctru.a(gfx.o)
                0x000000000010cb10                gfxInitDefault
 .text.gfxGetFramebuffer
                0x000000000010cb20       0x60 /opt/devkitpro/libctru/lib/libctru.a(gfx.o)
                0x000000000010cb20                gfxGetFramebuffer
 .text.gfxConfigScreen
                0x000000000010cb80       0xf8 /opt/devkitpro/libctru/lib/libctru.a(gfx.o)
                0x000000000010cb80                gfxConfigScreen
 .text.shaderInstanceInit
                0x000000000010cc78      0x1ec /opt/devkitpro/libctru/lib/libctru.a(shaderProgram.o)
                0x000000000010cc78                shaderInstanceInit
 .text.shaderInstanceFree
                0x000000000010ce64       0x34 /opt/devkitpro/libctru/lib/libctru.a(shaderProgram.o)
                0x000000000010ce64                shaderInstanceFree
 .text.shaderInstanceGetUniformLocation
                0x000000000010ce98       0x18 /opt/devkitpro/libctru/lib/libctru.a(shaderProgram.o)
                0x000000000010ce98                shaderInstanceGetUniformLocation
 .text.shaderProgramInit
                0x000000000010ceb0       0x18 /opt/devkitpro/libctru/lib/libctru.a(shaderProgram.o)
                0x000000000010ceb0                shaderProgramInit
 .text.shaderProgramSetVsh
                0x000000000010cec8       0x6c /opt/devkitpro/libctru/lib/libctru.a(shaderProgram.o)
                0x000000000010cec8                shaderProgramSetVsh
 .text.shaderProgramConfigure
                0x000000000010cf34      0x8d4 /opt/devkitpro/libctru/lib/libctru.a(shaderProgram.o)
                0x000000000010cf34                shaderProgramConfigure
 .text.DVLE_GenerateOutmap.part.0
                0x000000000010d808      0x1f8 /opt/devkitpro/libctru/lib/libctru.a(shbin.o)
 .text.DVLB_ParseFile
                0x000000000010da00      0x1cc /opt/devkitpro/libctru/lib/libctru.a(shbin.o)
                0x000000000010da00                DVLB_ParseFile
 .text.DVLE_GetUniformRegister
                0x000000000010dbcc       0x78 /opt/devkitpro/libctru/lib/libctru.a(shbin.o)
                0x000000000010dbcc                DVLE_GetUniformRegister
 .text.submitGxCommand
                0x000000000010dc44       0x38 /opt/devkitpro/libctru/lib/libctru.a(gx.o)
 .text.GX_BindQueue
                0x000000000010dc7c       0x10 /opt/devkitpro/libctru/lib/libctru.a(gx.o)
                0x000000000010dc7c                GX_BindQueue
 .text.GX_ProcessCommandList
                0x000000000010dc8c       0x50 /opt/devkitpro/libctru/lib/libctru.a(gx.o)
                0x000000000010dc8c                GX_ProcessCommandList
 .text.GX_MemoryFill
                0x000000000010dcdc       0x54 /opt/devkitpro/libctru/lib/libctru.a(gx.o)
                0x000000000010dcdc                GX_MemoryFill
 .text.GX_DisplayTransfer
                0x000000000010dd30       0x48 /opt/devkitpro/libctru/lib/libctru.a(gx.o)
                0x000000000010dd30                GX_DisplayTransfer
 .text.GX_TextureCopy
                0x000000000010dd78       0x4c /opt/devkitpro/libctru/lib/libctru.a(gx.o)
                0x000000000010dd78                GX_TextureCopy
 .text.gxCmdQueueDoCommands.part.0
                0x000000000010ddc4       0x74 /opt/devkitpro/libctru/lib/libctru.a(gxqueue.o)
 .text.gxCmdQueueInterrupt
                0x000000000010de38       0xc8 /opt/devkitpro/libctru/lib/libctru.a(gxqueue.o)
                0x000000000010de38                gxCmdQueueInterrupt
 .text.gxCmdQueueClear
                0x000000000010df00       0x4c /opt/devkitpro/libctru/lib/libctru.a(gxqueue.o)
                0x000000000010df00                gxCmdQueueClear
 .text.gxCmdQueueAdd
                0x000000000010df4c       0xf8 /opt/devkitpro/libctru/lib/libctru.a(gxqueue.o)
                0x000000000010df4c                gxCmdQueueAdd
 .text.gxCmdQueueRun
                0x000000000010e044       0x80 /opt/devkitpro/libctru/lib/libctru.a(gxqueue.o)
                0x000000000010e044                gxCmdQueueRun
 .text.gxCmdQueueStop
                0x000000000010e0c4       0x60 /opt/devkitpro/libctru/lib/libctru.a(gxqueue.o)
                0x000000000010e0c4                gxCmdQueueStop
 .text.gxCmdQueueWait
                0x000000000010e124       0x84 /opt/devkitpro/libctru/lib/libctru.a(gxqueue.o)
                0x000000000010e124                gxCmdQueueWait
 .text.GPUCMD_Add
                0x000000000010e1a8      0x130 /opt/devkitpro/libctru/lib/libctru.a(gpu.o)
                0x000000000010e1a8                GPUCMD_Add
 .text.GPUCMD_Split
                0x000000000010e2d8       0xb0 /opt/devkitpro/libctru/lib/libctru.a(gpu.o)
                0x000000000010e2d8                GPUCMD_Split
 .text.f32tof16
                0x000000000010e388       0x34 /opt/devkitpro/libctru/lib/libctru.a(gpu.o)
                0x000000000010e388                f32tof16
 .text.f32tof24
                0x000000000010e3bc       0x34 /opt/devkitpro/libctru/lib/libctru.a(gpu.o)
                0x000000000010e3bc                f32tof24
 .text.f32tof31
                0x000000000010e3f0       0x38 /opt/devkitpro/libctru/lib/libctru.a(gpu.o)
                0x000000000010e3f0                f32tof31
 .text.cfguInit
                0x000000000010e428       0xa4 /opt/devkitpro/libctru/lib/libctru.a(cfgu.o)
                0x000000000010e428                cfguInit
 .text.cfguExit
                0x000000000010e4cc       0x3c /opt/devkitpro/libctru/lib/libctru.a(cfgu.o)
                0x000000000010e4cc                cfguExit
 .text.CFGU_SecureInfoGetRegion
                0x000000000010e508       0x38 /opt/devkitpro/libctru/lib/libctru.a(cfgu.o)
                0x000000000010e508                CFGU_SecureInfoGetRegion
 .text.CFGU_GetSystemModel
                0x000000000010e540       0x38 /opt/devkitpro/libctru/lib/libctru.a(cfgu.o)
                0x000000000010e540                CFGU_GetSystemModel
 .text.CFGU_GetConfigInfoBlk2
                0x000000000010e578       0x44 /opt/devkitpro/libctru/lib/libctru.a(cfgu.o)
                0x000000000010e578                CFGU_GetConfigInfoBlk2
 .text.CFG_GetConfigInfoBlk8
                0x000000000010e5bc       0x44 /opt/devkitpro/libctru/lib/libctru.a(cfgu.o)
                0x000000000010e5bc                CFG_GetConfigInfoBlk8
 .text.CFGU_GetSystemLanguage
                0x000000000010e600       0x14 /opt/devkitpro/libctru/lib/libctru.a(cfgu.o)
                0x000000000010e600                CFGU_GetSystemLanguage
 .text.CFGI_SecureInfoGetSerialNumber
                0x000000000010e614       0x44 /opt/devkitpro/libctru/lib/libctru.a(cfgu.o)
                0x000000000010e614                CFGI_SecureInfoGetSerialNumber
 .text.CFGI_GetLocalFriendCodeSeed
                0x000000000010e658       0x3c /opt/devkitpro/libctru/lib/libctru.a(cfgu.o)
                0x000000000010e658                CFGI_GetLocalFriendCodeSeed
 .text.srvPmGetSessionHandle
                0x000000000010e694        0xc /opt/devkitpro/libctru/lib/libctru.a(srvpm.o)
                0x000000000010e694                srvPmGetSessionHandle
 .text.dspExit  0x000000000010e6a0       0x3c /opt/devkitpro/libctru/lib/libctru.a(dsp.o)
                0x000000000010e6a0                dspExit
 .text.DSP_UnloadComponent
                0x000000000010e6dc       0x2c /opt/devkitpro/libctru/lib/libctru.a(dsp.o)
                0x000000000010e6dc                DSP_UnloadComponent
 .text.dspInit  0x000000000010e708       0x80 /opt/devkitpro/libctru/lib/libctru.a(dsp.o)
                0x000000000010e708                dspInit
 .text.gspInit  0x000000000010e788       0x74 /opt/devkitpro/libctru/lib/libctru.a(gspgpu.o)
                0x000000000010e788                gspInit
 .text.gspExit  0x000000000010e7fc       0x3c /opt/devkitpro/libctru/lib/libctru.a(gspgpu.o)
                0x000000000010e7fc                gspExit
 .text.gspSetEventCallback
                0x000000000010e838       0x34 /opt/devkitpro/libctru/lib/libctru.a(gspgpu.o)
                0x000000000010e838                gspSetEventCallback
 .text.gspInitEventHandler
                0x000000000010e86c       0xa0 /opt/devkitpro/libctru/lib/libctru.a(gspgpu.o)
                0x000000000010e86c                gspInitEventHandler
 .text.gspWaitForEvent
                0x000000000010e90c       0x44 /opt/devkitpro/libctru/lib/libctru.a(gspgpu.o)
                0x000000000010e90c                gspWaitForEvent
 .text.gspWaitForAnyEvent
                0x000000000010e950       0x64 /opt/devkitpro/libctru/lib/libctru.a(gspgpu.o)
                0x000000000010e950                gspWaitForAnyEvent
 .text.gspEventThreadMain
                0x000000000010e9b4      0x178 /opt/devkitpro/libctru/lib/libctru.a(gspgpu.o)
 .text.gspSubmitGxCommand
                0x000000000010eb2c      0x120 /opt/devkitpro/libctru/lib/libctru.a(gspgpu.o)
                0x000000000010eb2c                gspSubmitGxCommand
 .text.GSPGPU_ReadHWRegs
                0x000000000010ec4c       0x68 /opt/devkitpro/libctru/lib/libctru.a(gspgpu.o)
                0x000000000010ec4c                GSPGPU_ReadHWRegs
 .text.GSPGPU_SetBufferSwap
                0x000000000010ecb4       0x6c /opt/devkitpro/libctru/lib/libctru.a(gspgpu.o)
                0x000000000010ecb4                GSPGPU_SetBufferSwap
 .text.GSPGPU_FlushDataCache
                0x000000000010ed20       0x4c /opt/devkitpro/libctru/lib/libctru.a(gspgpu.o)
                0x000000000010ed20                GSPGPU_FlushDataCache
 .text.GSPGPU_SetLcdForceBlack
                0x000000000010ed6c       0x34 /opt/devkitpro/libctru/lib/libctru.a(gspgpu.o)
                0x000000000010ed6c                GSPGPU_SetLcdForceBlack
 .text.GSPGPU_RegisterInterruptRelayQueue
                0x000000000010eda0       0x64 /opt/devkitpro/libctru/lib/libctru.a(gspgpu.o)
                0x000000000010eda0                GSPGPU_RegisterInterruptRelayQueue
 .text.GSPGPU_AcquireRight
                0x000000000010ee04       0x48 /opt/devkitpro/libctru/lib/libctru.a(gspgpu.o)
                0x000000000010ee04                GSPGPU_AcquireRight
 .text.GSPGPU_ReleaseRight
                0x000000000010ee4c       0x2c /opt/devkitpro/libctru/lib/libctru.a(gspgpu.o)
                0x000000000010ee4c                GSPGPU_ReleaseRight
 .text.GSPGPU_ImportDisplayCaptureInfo
                0x000000000010ee78       0x80 /opt/devkitpro/libctru/lib/libctru.a(gspgpu.o)
                0x000000000010ee78                GSPGPU_ImportDisplayCaptureInfo
 .text.GSPGPU_SaveVramSysArea
                0x000000000010eef8       0x2c /opt/devkitpro/libctru/lib/libctru.a(gspgpu.o)
                0x000000000010eef8                GSPGPU_SaveVramSysArea
 .text.GSPGPU_RestoreVramSysArea
                0x000000000010ef24       0x2c /opt/devkitpro/libctru/lib/libctru.a(gspgpu.o)
                0x000000000010ef24                GSPGPU_RestoreVramSysArea
 .text.mcuHwcInit
                0x000000000010ef50       0x74 /opt/devkitpro/libctru/lib/libctru.a(mcuhwc.o)
                0x000000000010ef50                mcuHwcInit
 .text.mcuHwcExit
                0x000000000010efc4       0x3c /opt/devkitpro/libctru/lib/libctru.a(mcuhwc.o)
                0x000000000010efc4                mcuHwcExit
 .text.MCUHWC_GetBatteryVoltage
                0x000000000010f000       0x38 /opt/devkitpro/libctru/lib/libctru.a(mcuhwc.o)
                0x000000000010f000                MCUHWC_GetBatteryVoltage
 .text.MCUHWC_GetBatteryLevel
                0x000000000010f038       0x38 /opt/devkitpro/libctru/lib/libctru.a(mcuhwc.o)
                0x000000000010f038                MCUHWC_GetBatteryLevel
 .text.MCUHWC_GetFwVerHigh
                0x000000000010f070       0x38 /opt/devkitpro/libctru/lib/libctru.a(mcuhwc.o)
                0x000000000010f070                MCUHWC_GetFwVerHigh
 .text.MCUHWC_GetFwVerLow
                0x000000000010f0a8       0x38 /opt/devkitpro/libctru/lib/libctru.a(mcuhwc.o)
                0x000000000010f0a8                MCUHWC_GetFwVerLow
 .text.acExit   0x000000000010f0e0       0x3c /opt/devkitpro/libctru/lib/libctru.a(ac.o)
                0x000000000010f0e0                acExit
 .text.amInit   0x000000000010f11c       0xa4 /opt/devkitpro/libctru/lib/libctru.a(am.o)
                0x000000000010f11c                amInit
 .text.amAppInit
                0x000000000010f1c0       0x8c /opt/devkitpro/libctru/lib/libctru.a(am.o)
                0x000000000010f1c0                amAppInit
 .text.amExit   0x000000000010f24c       0x3c /opt/devkitpro/libctru/lib/libctru.a(am.o)
                0x000000000010f24c                amExit
 .text.AM_GetTitleCount
                0x000000000010f288       0x48 /opt/devkitpro/libctru/lib/libctru.a(am.o)
                0x000000000010f288                AM_GetTitleCount
 .text.AM_GetTicketCount
                0x000000000010f2d0       0x40 /opt/devkitpro/libctru/lib/libctru.a(am.o)
                0x000000000010f2d0                AM_GetTicketCount
 .text.AM_GetDeviceId
                0x000000000010f310       0x40 /opt/devkitpro/libctru/lib/libctru.a(am.o)
                0x000000000010f310                AM_GetDeviceId
 .text._aptDebug
                0x000000000010f350        0x4 /opt/devkitpro/libctru/lib/libctru.a(apt.o)
                0x000000000010f350                _aptDebug
 .text.aptSendCommand
                0x000000000010f354      0x170 /opt/devkitpro/libctru/lib/libctru.a(apt.o)
                0x000000000010f354                aptSendCommand
 .text.aptExitProcess
                0x000000000010f4c4       0x3c /opt/devkitpro/libctru/lib/libctru.a(apt.o)
 .text.aptHook  0x000000000010f500       0x34 /opt/devkitpro/libctru/lib/libctru.a(apt.o)
                0x000000000010f500                aptHook
 .text.APT_GetAppletInfo
                0x000000000010f534       0x98 /opt/devkitpro/libctru/lib/libctru.a(apt.o)
                0x000000000010f534                APT_GetAppletInfo
 .text.APT_InquireNotification
                0x000000000010f5cc       0x4c /opt/devkitpro/libctru/lib/libctru.a(apt.o)
                0x000000000010f5cc                APT_InquireNotification
 .text.aptEventHandler
                0x000000000010f618      0x198 /opt/devkitpro/libctru/lib/libctru.a(apt.o)
 .text.APT_AppletUtility
                0x000000000010f7b0       0x74 /opt/devkitpro/libctru/lib/libctru.a(apt.o)
                0x000000000010f7b0                APT_AppletUtility
 .text.aptSetSleepAllowed
                0x000000000010f824       0xb0 /opt/devkitpro/libctru/lib/libctru.a(apt.o)
                0x000000000010f824                aptSetSleepAllowed
 .text.APT_GlanceParameter
                0x000000000010f8d4       0xb0 /opt/devkitpro/libctru/lib/libctru.a(apt.o)
                0x000000000010f8d4                APT_GlanceParameter
 .text.APT_ReceiveParameter
                0x000000000010f984       0xc4 /opt/devkitpro/libctru/lib/libctru.a(apt.o)
                0x000000000010f984                APT_ReceiveParameter
 .text.aptReceiveParameter.constprop.0
                0x000000000010fa48       0xbc /opt/devkitpro/libctru/lib/libctru.a(apt.o)
 *fill*         0x000000000010fb04        0x4 
 .text.aptScreenTransfer
                0x000000000010fb08      0x1e0 /opt/devkitpro/libctru/lib/libctru.a(apt.o)
 .text.aptWaitForWakeUp
                0x000000000010fce8      0x210 /opt/devkitpro/libctru/lib/libctru.a(apt.o)
 .text.APT_CancelParameter
                0x000000000010fef8       0x70 /opt/devkitpro/libctru/lib/libctru.a(apt.o)
                0x000000000010fef8                APT_CancelParameter
 .text.aptInit  0x000000000010ff68      0x25c /opt/devkitpro/libctru/lib/libctru.a(apt.o)
                0x000000000010ff68                aptInit
 .text.aptClearParamQueue
                0x00000000001101c4       0x88 /opt/devkitpro/libctru/lib/libctru.a(apt.o)
 .text.aptMainLoop
                0x000000000011024c      0x208 /opt/devkitpro/libctru/lib/libctru.a(apt.o)
                0x000000000011024c                aptMainLoop
 *fill*         0x0000000000110454        0x4 
 .text.aptExit  0x0000000000110458      0x23c /opt/devkitpro/libctru/lib/libctru.a(apt.o)
                0x0000000000110458                aptExit
 .text.APT_SetAppCpuTimeLimit
                0x0000000000110694       0x30 /opt/devkitpro/libctru/lib/libctru.a(apt.o)
                0x0000000000110694                APT_SetAppCpuTimeLimit
 .text.APT_GetAppCpuTimeLimit
                0x00000000001106c4       0x3c /opt/devkitpro/libctru/lib/libctru.a(apt.o)
                0x00000000001106c4                APT_GetAppCpuTimeLimit
 .text.APT_CheckNew3DS
                0x0000000000110700       0x7c /opt/devkitpro/libctru/lib/libctru.a(apt.o)
                0x0000000000110700                APT_CheckNew3DS
 .text.APT_GetSharedFont
                0x000000000011077c       0x48 /opt/devkitpro/libctru/lib/libctru.a(apt.o)
                0x000000000011077c                APT_GetSharedFont
 .text.ptmuInit
                0x00000000001107c4       0x74 /opt/devkitpro/libctru/lib/libctru.a(ptmu.o)
                0x00000000001107c4                ptmuInit
 .text.ptmuExit
                0x0000000000110838       0x3c /opt/devkitpro/libctru/lib/libctru.a(ptmu.o)
                0x0000000000110838                ptmuExit
 .text.PTMU_GetBatteryChargeState
                0x0000000000110874       0x38 /opt/devkitpro/libctru/lib/libctru.a(ptmu.o)
                0x0000000000110874                PTMU_GetBatteryChargeState
 .text.PTMU_GetAdapterState
                0x00000000001108ac       0x44 /opt/devkitpro/libctru/lib/libctru.a(ptmu.o)
                0x00000000001108ac                PTMU_GetAdapterState
 .text.hidCheckSectionUpdateTime.part.0
                0x00000000001108f0       0x28 /opt/devkitpro/libctru/lib/libctru.a(hid.o)
 .text.hidExit  0x0000000000110918       0xd0 /opt/devkitpro/libctru/lib/libctru.a(hid.o)
                0x0000000000110918                hidExit
 .text.hidScanInput
                0x00000000001109e8      0x210 /opt/devkitpro/libctru/lib/libctru.a(hid.o)
                0x00000000001109e8                hidScanInput
 .text.hidKeysHeld
                0x0000000000110bf8       0x10 /opt/devkitpro/libctru/lib/libctru.a(hid.o)
                0x0000000000110bf8                hidKeysHeld
 .text.hidKeysDown
                0x0000000000110c08       0x10 /opt/devkitpro/libctru/lib/libctru.a(hid.o)
                0x0000000000110c08                hidKeysDown
 .text.hidTouchRead
                0x0000000000110c18       0x18 /opt/devkitpro/libctru/lib/libctru.a(hid.o)
                0x0000000000110c18                hidTouchRead
 .text.HIDUSER_GetHandles
                0x0000000000110c30       0x90 /opt/devkitpro/libctru/lib/libctru.a(hid.o)
                0x0000000000110c30                HIDUSER_GetHandles
 .text.hidInit  0x0000000000110cc0      0x1a4 /opt/devkitpro/libctru/lib/libctru.a(hid.o)
                0x0000000000110cc0                hidInit
 .text.HIDUSER_GetSoundVolume
                0x0000000000110e64       0x38 /opt/devkitpro/libctru/lib/libctru.a(hid.o)
                0x0000000000110e64                HIDUSER_GetSoundVolume
 .text.ptmSysmInit
                0x0000000000110e9c       0x74 /opt/devkitpro/libctru/lib/libctru.a(ptmsysm.o)
                0x0000000000110e9c                ptmSysmInit
 .text.ptmSysmExit
                0x0000000000110f10       0x3c /opt/devkitpro/libctru/lib/libctru.a(ptmsysm.o)
                0x0000000000110f10                ptmSysmExit
 .text.PTMSYSM_ConfigureNew3DSCPU
                0x0000000000110f4c       0x34 /opt/devkitpro/libctru/lib/libctru.a(ptmsysm.o)
                0x0000000000110f4c                PTMSYSM_ConfigureNew3DSCPU
 .text.gspLcdInit
                0x0000000000110f80       0x74 /opt/devkitpro/libctru/lib/libctru.a(gsplcd.o)
                0x0000000000110f80                gspLcdInit
 .text.gspLcdExit
                0x0000000000110ff4       0x3c /opt/devkitpro/libctru/lib/libctru.a(gsplcd.o)
                0x0000000000110ff4                gspLcdExit
 .text.GSPLCD_GetVendors
                0x0000000000111030       0x40 /opt/devkitpro/libctru/lib/libctru.a(gsplcd.o)
                0x0000000000111030                GSPLCD_GetVendors
 .text.fsSessionForArchive.part.0
                0x0000000000111070       0x28 /opt/devkitpro/libctru/lib/libctru.a(fs.o)
 .text.fsInit   0x0000000000111098       0xc4 /opt/devkitpro/libctru/lib/libctru.a(fs.o)
                0x0000000000111098                fsInit
 .text.fsExit   0x000000000011115c       0x3c /opt/devkitpro/libctru/lib/libctru.a(fs.o)
                0x000000000011115c                fsExit
 .text.fsExemptFromSession
                0x0000000000111198       0x64 /opt/devkitpro/libctru/lib/libctru.a(fs.o)
                0x0000000000111198                fsExemptFromSession
 .text.fsUnexemptFromSession
                0x00000000001111fc       0x54 /opt/devkitpro/libctru/lib/libctru.a(fs.o)
                0x00000000001111fc                fsUnexemptFromSession
 .text.fsMakePath
                0x0000000000111250       0x88 /opt/devkitpro/libctru/lib/libctru.a(fs.o)
                0x0000000000111250                fsMakePath
 .text.FSUSER_OpenFile
                0x00000000001112d8       0xbc /opt/devkitpro/libctru/lib/libctru.a(fs.o)
                0x00000000001112d8                FSUSER_OpenFile
 .text.FSUSER_OpenFileDirectly
                0x0000000000111394       0xd4 /opt/devkitpro/libctru/lib/libctru.a(fs.o)
                0x0000000000111394                FSUSER_OpenFileDirectly
 .text.FSUSER_DeleteFile
                0x0000000000111468       0xa4 /opt/devkitpro/libctru/lib/libctru.a(fs.o)
                0x0000000000111468                FSUSER_DeleteFile
 .text.FSUSER_RenameFile
                0x000000000011150c       0xdc /opt/devkitpro/libctru/lib/libctru.a(fs.o)
                0x000000000011150c                FSUSER_RenameFile
 .text.FSUSER_DeleteDirectory
                0x00000000001115e8       0xa4 /opt/devkitpro/libctru/lib/libctru.a(fs.o)
                0x00000000001115e8                FSUSER_DeleteDirectory
 .text.FSUSER_CreateFile
                0x000000000011168c       0xbc /opt/devkitpro/libctru/lib/libctru.a(fs.o)
                0x000000000011168c                FSUSER_CreateFile
 .text.FSUSER_CreateDirectory
                0x0000000000111748       0xac /opt/devkitpro/libctru/lib/libctru.a(fs.o)
                0x0000000000111748                FSUSER_CreateDirectory
 .text.FSUSER_RenameDirectory
                0x00000000001117f4       0xdc /opt/devkitpro/libctru/lib/libctru.a(fs.o)
                0x00000000001117f4                FSUSER_RenameDirectory
 .text.FSUSER_OpenDirectory
                0x00000000001118d0       0xa0 /opt/devkitpro/libctru/lib/libctru.a(fs.o)
                0x00000000001118d0                FSUSER_OpenDirectory
 .text.FSUSER_OpenArchive
                0x0000000000111970       0x98 /opt/devkitpro/libctru/lib/libctru.a(fs.o)
                0x0000000000111970                FSUSER_OpenArchive
 .text.FSUSER_ControlArchive
                0x0000000000111a08       0x98 /opt/devkitpro/libctru/lib/libctru.a(fs.o)
                0x0000000000111a08                FSUSER_ControlArchive
 .text.FSUSER_CloseArchive
                0x0000000000111aa0       0x70 /opt/devkitpro/libctru/lib/libctru.a(fs.o)
                0x0000000000111aa0                FSUSER_CloseArchive
 .text.FSUSER_GetCardType
                0x0000000000111b10       0x58 /opt/devkitpro/libctru/lib/libctru.a(fs.o)
                0x0000000000111b10                FSUSER_GetCardType
 .text.FSUSER_GetSdmcArchiveResource
                0x0000000000111b68       0x78 /opt/devkitpro/libctru/lib/libctru.a(fs.o)
                0x0000000000111b68                FSUSER_GetSdmcArchiveResource
 .text.FSUSER_IsSdmcDetected
                0x0000000000111be0       0x64 /opt/devkitpro/libctru/lib/libctru.a(fs.o)
                0x0000000000111be0                FSUSER_IsSdmcDetected
 .text.FSUSER_IsSdmcWritable
                0x0000000000111c44       0x64 /opt/devkitpro/libctru/lib/libctru.a(fs.o)
                0x0000000000111c44                FSUSER_IsSdmcWritable
 .text.FSUSER_GetSdmcCid
                0x0000000000111ca8       0x58 /opt/devkitpro/libctru/lib/libctru.a(fs.o)
                0x0000000000111ca8                FSUSER_GetSdmcCid
 .text.FSUSER_GetNandCid
                0x0000000000111d00       0x58 /opt/devkitpro/libctru/lib/libctru.a(fs.o)
                0x0000000000111d00                FSUSER_GetNandCid
 .text.FSUSER_CardSlotIsInserted
                0x0000000000111d58       0x64 /opt/devkitpro/libctru/lib/libctru.a(fs.o)
                0x0000000000111d58                FSUSER_CardSlotIsInserted
 .text.FSUSER_GetArchiveResource
                0x0000000000111dbc       0x7c /opt/devkitpro/libctru/lib/libctru.a(fs.o)
                0x0000000000111dbc                FSUSER_GetArchiveResource
 .text.FSFILE_Read
                0x0000000000111e38       0x58 /opt/devkitpro/libctru/lib/libctru.a(fs.o)
                0x0000000000111e38                FSFILE_Read
 .text.FSFILE_Write
                0x0000000000111e90       0x64 /opt/devkitpro/libctru/lib/libctru.a(fs.o)
                0x0000000000111e90                FSFILE_Write
 .text.FSFILE_GetSize
                0x0000000000111ef4       0x38 /opt/devkitpro/libctru/lib/libctru.a(fs.o)
                0x0000000000111ef4                FSFILE_GetSize
 .text.FSFILE_SetSize
                0x0000000000111f2c       0x28 /opt/devkitpro/libctru/lib/libctru.a(fs.o)
                0x0000000000111f2c                FSFILE_SetSize
 .text.FSFILE_Close
                0x0000000000111f54       0x3c /opt/devkitpro/libctru/lib/libctru.a(fs.o)
                0x0000000000111f54                FSFILE_Close
 .text.FSFILE_Flush
                0x0000000000111f90       0x24 /opt/devkitpro/libctru/lib/libctru.a(fs.o)
                0x0000000000111f90                FSFILE_Flush
 .text.FSDIR_Read
                0x0000000000111fb4       0x54 /opt/devkitpro/libctru/lib/libctru.a(fs.o)
                0x0000000000111fb4                FSDIR_Read
 .text.FSDIR_Close
                0x0000000000112008       0x3c /opt/devkitpro/libctru/lib/libctru.a(fs.o)
                0x0000000000112008                FSDIR_Close
 .text.gethostid
                0x0000000000112044       0x50 /opt/devkitpro/libctru/lib/libctru.a(soc_gethostid.o)
                0x0000000000112044                gethostid
 .text.soc_open
                0x0000000000112094       0x10 /opt/devkitpro/libctru/lib/libctru.a(soc_init.o)
 .text.soc_read
                0x00000000001120a4       0x30 /opt/devkitpro/libctru/lib/libctru.a(soc_init.o)
 .text.soc_write
                0x00000000001120d4       0x30 /opt/devkitpro/libctru/lib/libctru.a(soc_init.o)
 .text.soc_close
                0x0000000000112104       0x90 /opt/devkitpro/libctru/lib/libctru.a(soc_init.o)
 .text.socInit  0x0000000000112194      0x14c /opt/devkitpro/libctru/lib/libctru.a(soc_init.o)
                0x0000000000112194                socInit
 .text.socExit  0x00000000001122e0       0x88 /opt/devkitpro/libctru/lib/libctru.a(soc_init.o)
                0x00000000001122e0                socExit
 .text.socuipc_cmd7
                0x0000000000112368      0x13c /opt/devkitpro/libctru/lib/libctru.a(soc_recvfrom.o)
                0x0000000000112368                socuipc_cmd7
 .text.socuipc_cmd8
                0x00000000001124a4      0x154 /opt/devkitpro/libctru/lib/libctru.a(soc_recvfrom.o)
                0x00000000001124a4                socuipc_cmd8
 .text.soc_recvfrom
                0x00000000001125f8       0x10 /opt/devkitpro/libctru/lib/libctru.a(soc_recvfrom.o)
                0x00000000001125f8                soc_recvfrom
 .text.socuipc_cmd9
                0x0000000000112608      0x15c /opt/devkitpro/libctru/lib/libctru.a(soc_sendto.o)
                0x0000000000112608                socuipc_cmd9
 .text.socuipc_cmda
                0x0000000000112764      0x160 /opt/devkitpro/libctru/lib/libctru.a(soc_sendto.o)
                0x0000000000112764                socuipc_cmda
 .text.soc_sendto
                0x00000000001128c4       0x10 /opt/devkitpro/libctru/lib/libctru.a(soc_sendto.o)
                0x00000000001128c4                soc_sendto
 .text.iov_memmove
                0x00000000001128d4      0x128 /opt/devkitpro/libctru/lib/libctru.a(decompress.o)
 .text.buffer_read
                0x00000000001129fc       0xd8 /opt/devkitpro/libctru/lib/libctru.a(decompress.o)
 .text.iov_read
                0x0000000000112ad4       0xdc /opt/devkitpro/libctru/lib/libctru.a(decompress.o)
 .text.decompress_lzss
                0x0000000000112bb0      0x268 /opt/devkitpro/libctru/lib/libctru.a(decompress.o)
 .text.decompress_huff.isra.1.part.2
                0x0000000000112e18      0x2c4 /opt/devkitpro/libctru/lib/libctru.a(decompress.o)
 .text.decompress_rle
                0x00000000001130dc      0x1d4 /opt/devkitpro/libctru/lib/libctru.a(decompress.o)
 .text.decompress_lz11
                0x00000000001132b0      0x444 /opt/devkitpro/libctru/lib/libctru.a(decompress.o)
 .text.decompressCallback_Stdio
                0x00000000001136f4       0x14 /opt/devkitpro/libctru/lib/libctru.a(decompress.o)
                0x00000000001136f4                decompressCallback_Stdio
 .text.decompressHeader
                0x0000000000113708       0xe8 /opt/devkitpro/libctru/lib/libctru.a(decompress.o)
                0x0000000000113708                decompressHeader
 .text.decompressV
                0x00000000001137f0      0x268 /opt/devkitpro/libctru/lib/libctru.a(decompress.o)
                0x00000000001137f0                decompressV
 .text.rbtree_init
                0x0000000000113a58       0x14 /opt/devkitpro/libctru/lib/libctru.a(rbtree_init.o)
                0x0000000000113a58                rbtree_init
 .text.do_insert
                0x0000000000113a6c      0x18c /opt/devkitpro/libctru/lib/libctru.a(rbtree_insert.o)
 .text.rbtree_insert
                0x0000000000113bf8        0x8 /opt/devkitpro/libctru/lib/libctru.a(rbtree_insert.o)
                0x0000000000113bf8                rbtree_insert
 .text.rbtree_rotate
                0x0000000000113c00       0x90 /opt/devkitpro/libctru/lib/libctru.a(rbtree_rotate.o)
                0x0000000000113c00                rbtree_rotate
 .text.rbtree_remove
                0x0000000000113c90      0x330 /opt/devkitpro/libctru/lib/libctru.a(rbtree_remove.o)
                0x0000000000113c90                rbtree_remove
 .text.rbtree_find
                0x0000000000113fc0       0x74 /opt/devkitpro/libctru/lib/libctru.a(rbtree_find.o)
                0x0000000000113fc0                rbtree_find
 .text.utf16_to_utf8
                0x0000000000114034       0xe8 /opt/devkitpro/libctru/lib/libctru.a(utf16_to_utf8.o)
                0x0000000000114034                utf16_to_utf8
 .text.decode_utf16
                0x000000000011411c       0x60 /opt/devkitpro/libctru/lib/libctru.a(decode_utf16.o)
                0x000000000011411c                decode_utf16
 .text.decode_utf8
                0x000000000011417c      0x138 /opt/devkitpro/libctru/lib/libctru.a(decode_utf8.o)
                0x000000000011417c                decode_utf8
 .text.utf8_to_utf16
                0x00000000001142b4       0xc0 /opt/devkitpro/libctru/lib/libctru.a(utf8_to_utf16.o)
                0x00000000001142b4                utf8_to_utf16
 .text.__libctru_init
                0x0000000000114374       0x38 /opt/devkitpro/libctru/lib/libctru.a(initSystem.o)
                0x0000000000114374                __libctru_init
 .text.__libctru_nanosleep
                0x00000000001143ac       0x38 /opt/devkitpro/libctru/lib/libctru.a(syscalls.o)
 .text.__ctru_get_reent
                0x00000000001143e4       0x30 /opt/devkitpro/libctru/lib/libctru.a(syscalls.o)
 .text.__system_initSyscalls
                0x0000000000114414       0xfc /opt/devkitpro/libctru/lib/libctru.a(syscalls.o)
                0x0000000000114414                __system_initSyscalls
 .text.__system_allocateHeaps
                0x0000000000114510      0x104 /opt/devkitpro/libctru/lib/libctru.a(allocateHeaps.o)
                0x0000000000114510                __system_allocateHeaps
 .text.__system_initArgv
                0x0000000000114614       0xf0 /opt/devkitpro/libctru/lib/libctru.a(initArgv.o)
                0x0000000000114614                __system_initArgv
 .text.svcControlMemory
                0x0000000000114704       0x20 /opt/devkitpro/libctru/lib/libctru.a(svc.o)
                0x0000000000114704                svcControlMemory
 .text.svcExitProcess
                0x0000000000114724        0x8 /opt/devkitpro/libctru/lib/libctru.a(svc.o)
                0x0000000000114724                svcExitProcess
 .text.svcCreateThread
                0x000000000011472c       0x20 /opt/devkitpro/libctru/lib/libctru.a(svc.o)
                0x000000000011472c                svcCreateThread
 .text.svcExitThread
                0x000000000011474c        0x8 /opt/devkitpro/libctru/lib/libctru.a(svc.o)
                0x000000000011474c                svcExitThread
 .text.svcSleepThread
                0x0000000000114754        0x8 /opt/devkitpro/libctru/lib/libctru.a(svc.o)
                0x0000000000114754                svcSleepThread
 .text.svcReleaseMutex
                0x000000000011475c        0x8 /opt/devkitpro/libctru/lib/libctru.a(svc.o)
                0x000000000011475c                svcReleaseMutex
 .text.svcCreateEvent
                0x0000000000114764       0x14 /opt/devkitpro/libctru/lib/libctru.a(svc.o)
                0x0000000000114764                svcCreateEvent
 .text.svcSignalEvent
                0x0000000000114778        0x8 /opt/devkitpro/libctru/lib/libctru.a(svc.o)
                0x0000000000114778                svcSignalEvent
 .text.svcClearEvent
                0x0000000000114780        0x8 /opt/devkitpro/libctru/lib/libctru.a(svc.o)
                0x0000000000114780                svcClearEvent
 .text.svcCreateMemoryBlock
                0x0000000000114788       0x18 /opt/devkitpro/libctru/lib/libctru.a(svc.o)
                0x0000000000114788                svcCreateMemoryBlock
 .text.svcMapMemoryBlock
                0x00000000001147a0        0x8 /opt/devkitpro/libctru/lib/libctru.a(svc.o)
                0x00000000001147a0                svcMapMemoryBlock
 .text.svcUnmapMemoryBlock
                0x00000000001147a8        0x8 /opt/devkitpro/libctru/lib/libctru.a(svc.o)
                0x00000000001147a8                svcUnmapMemoryBlock
 .text.svcCreateAddressArbiter
                0x00000000001147b0       0x14 /opt/devkitpro/libctru/lib/libctru.a(svc.o)
                0x00000000001147b0                svcCreateAddressArbiter
 .text.svcArbitrateAddress
                0x00000000001147c4       0x18 /opt/devkitpro/libctru/lib/libctru.a(svc.o)
                0x00000000001147c4                svcArbitrateAddress
 .text.svcCloseHandle
                0x00000000001147dc        0x8 /opt/devkitpro/libctru/lib/libctru.a(svc.o)
                0x00000000001147dc                svcCloseHandle
 .text.svcWaitSynchronization
                0x00000000001147e4        0x8 /opt/devkitpro/libctru/lib/libctru.a(svc.o)
                0x00000000001147e4                svcWaitSynchronization
 .text.svcWaitSynchronizationN
                0x00000000001147ec       0x28 /opt/devkitpro/libctru/lib/libctru.a(svc.o)
                0x00000000001147ec                svcWaitSynchronizationN
 .text.svcDuplicateHandle
                0x0000000000114814       0x14 /opt/devkitpro/libctru/lib/libctru.a(svc.o)
                0x0000000000114814                svcDuplicateHandle
 .text.svcGetSystemTick
                0x0000000000114828        0x8 /opt/devkitpro/libctru/lib/libctru.a(svc.o)
                0x0000000000114828                svcGetSystemTick
 .text.svcGetSystemInfo
                0x0000000000114830       0x18 /opt/devkitpro/libctru/lib/libctru.a(svc.o)
                0x0000000000114830                svcGetSystemInfo
 .text.svcConnectToPort
                0x0000000000114848       0x14 /opt/devkitpro/libctru/lib/libctru.a(svc.o)
                0x0000000000114848                svcConnectToPort
 .text.svcSendSyncRequest
                0x000000000011485c        0x8 /opt/devkitpro/libctru/lib/libctru.a(svc.o)
                0x000000000011485c                svcSendSyncRequest
 .text.svcBreak
                0x0000000000114864        0x8 /opt/devkitpro/libctru/lib/libctru.a(svc.o)
                0x0000000000114864                svcBreak
 .text._ZL21addrMapNodeComparatorPK11rbtree_nodeS1_
                0x000000000011486c       0x24 /opt/devkitpro/libctru/lib/libctru.a(mappable.o)
 .text._ZL21addrMapNodeDestructorP11rbtree_node
                0x0000000000114890        0x4 /opt/devkitpro/libctru/lib/libctru.a(mappable.o)
 .text.mappableAlloc
                0x0000000000114894       0xe4 /opt/devkitpro/libctru/lib/libctru.a(mappable.o)
                0x0000000000114894                mappableAlloc
 .text.mappableFree
                0x0000000000114978       0x50 /opt/devkitpro/libctru/lib/libctru.a(mappable.o)
                0x0000000000114978                mappableFree
 .text.LightLock_Unlock.part.1
                0x00000000001149c8       0x38 /opt/devkitpro/libctru/lib/libctru.a(synchronization.o)
 .text.__sync_init
                0x0000000000114a00        0xc /opt/devkitpro/libctru/lib/libctru.a(synchronization.o)
                0x0000000000114a00                __sync_init
 .text.__sync_fini
                0x0000000000114a0c       0x18 /opt/devkitpro/libctru/lib/libctru.a(synchronization.o)
                0x0000000000114a0c                __sync_fini
 .text.__sync_get_arbiter
                0x0000000000114a24       0x10 /opt/devkitpro/libctru/lib/libctru.a(synchronization.o)
                0x0000000000114a24                __sync_get_arbiter
 .text.LightLock_Init
                0x0000000000114a34       0x18 /opt/devkitpro/libctru/lib/libctru.a(synchronization.o)
                0x0000000000114a34                LightLock_Init
 .text.LightLock_Lock
                0x0000000000114a4c       0x9c /opt/devkitpro/libctru/lib/libctru.a(synchronization.o)
                0x0000000000114a4c                LightLock_Lock
 .text.LightLock_TryLock
                0x0000000000114ae8       0x34 /opt/devkitpro/libctru/lib/libctru.a(synchronization.o)
                0x0000000000114ae8                LightLock_TryLock
 .text.LightLock_Unlock
                0x0000000000114b1c       0x20 /opt/devkitpro/libctru/lib/libctru.a(synchronization.o)
                0x0000000000114b1c                LightLock_Unlock
 .text.RecursiveLock_Init
                0x0000000000114b3c       0x24 /opt/devkitpro/libctru/lib/libctru.a(synchronization.o)
                0x0000000000114b3c                RecursiveLock_Init
 .text.RecursiveLock_Lock
                0x0000000000114b60       0x30 /opt/devkitpro/libctru/lib/libctru.a(synchronization.o)
                0x0000000000114b60                RecursiveLock_Lock
 .text.RecursiveLock_TryLock
                0x0000000000114b90       0x58 /opt/devkitpro/libctru/lib/libctru.a(synchronization.o)
                0x0000000000114b90                RecursiveLock_TryLock
 .text.RecursiveLock_Unlock
                0x0000000000114be8       0x38 /opt/devkitpro/libctru/lib/libctru.a(synchronization.o)
                0x0000000000114be8                RecursiveLock_Unlock
 .text.LightEvent_Init
                0x0000000000114c20       0x38 /opt/devkitpro/libctru/lib/libctru.a(synchronization.o)
                0x0000000000114c20                LightEvent_Init
 .text.LightEvent_Clear
                0x0000000000114c58       0x7c /opt/devkitpro/libctru/lib/libctru.a(synchronization.o)
                0x0000000000114c58                LightEvent_Clear
 .text.LightEvent_Signal
                0x0000000000114cd4       0xdc /opt/devkitpro/libctru/lib/libctru.a(synchronization.o)
                0x0000000000114cd4                LightEvent_Signal
 .text.LightEvent_Wait
                0x0000000000114db0       0xc0 /opt/devkitpro/libctru/lib/libctru.a(synchronization.o)
                0x0000000000114db0                LightEvent_Wait
 .text.envGetHandle
                0x0000000000114e70       0x80 /opt/devkitpro/libctru/lib/libctru.a(env.o)
                0x0000000000114e70                envGetHandle
 .text.envDestroyHandles
                0x0000000000114ef0       0x4c /opt/devkitpro/libctru/lib/libctru.a(env.o)
                0x0000000000114ef0                envDestroyHandles
 .text.threadFree.part.0
                0x0000000000114f3c       0x1c /opt/devkitpro/libctru/lib/libctru.a(thread.o)
 .text.threadCreate
                0x0000000000114f58      0x194 /opt/devkitpro/libctru/lib/libctru.a(thread.o)
                0x0000000000114f58                threadCreate
 .text.threadJoin
                0x00000000001150ec       0x24 /opt/devkitpro/libctru/lib/libctru.a(thread.o)
                0x00000000001150ec                threadJoin
 .text.threadExit
                0x0000000000115110       0x68 /opt/devkitpro/libctru/lib/libctru.a(thread.o)
                0x0000000000115110                threadExit
 .text._thread_begin
                0x0000000000115178       0x48 /opt/devkitpro/libctru/lib/libctru.a(thread.o)
 .text.irrstScanInput
                0x00000000001151c0       0xac /opt/devkitpro/libctru/lib/libctru.a(irrst.o)
                0x00000000001151c0                irrstScanInput
 .text.irrstKeysHeld
                0x000000000011526c       0x24 /opt/devkitpro/libctru/lib/libctru.a(irrst.o)
                0x000000000011526c                irrstKeysHeld
 .text.IRRST_GetHandles
                0x0000000000115290       0x50 /opt/devkitpro/libctru/lib/libctru.a(irrst.o)
                0x0000000000115290                IRRST_GetHandles
 .text.irrstInit
                0x00000000001152e0      0x154 /opt/devkitpro/libctru/lib/libctru.a(irrst.o)
                0x00000000001152e0                irrstInit
 .text.IRRST_Shutdown
                0x0000000000115434       0x2c /opt/devkitpro/libctru/lib/libctru.a(irrst.o)
                0x0000000000115434                IRRST_Shutdown
 .text.irrstExit
                0x0000000000115460       0xac /opt/devkitpro/libctru/lib/libctru.a(irrst.o)
                0x0000000000115460                irrstExit
 .text._net_convert_error
                0x000000000011550c       0x3c /opt/devkitpro/libctru/lib/libctru.a(soc_common.o)
                0x000000000011550c                _net_convert_error
 .text.rbtree_node_next
                0x0000000000115548       0x78 /opt/devkitpro/libctru/lib/libctru.a(rbtree_iterator.o)
                0x0000000000115548                rbtree_node_next
 .text.encode_utf16
                0x00000000001155c0       0x68 /opt/devkitpro/libctru/lib/libctru.a(encode_utf16.o)
                0x00000000001155c0                encode_utf16
 .text.encode_utf8
                0x0000000000115628      0x104 /opt/devkitpro/libctru/lib/libctru.a(encode_utf8.o)
                0x0000000000115628                encode_utf8
 .text.__appInit
                0x000000000011572c       0x1c /opt/devkitpro/libctru/lib/libctru.a(appInit.o)
                0x000000000011572c                __appInit
 .text.__appExit
                0x0000000000115748       0x1c /opt/devkitpro/libctru/lib/libctru.a(appExit.o)
                0x0000000000115748                __appExit
 .text.__libctru_exit
                0x0000000000115764       0xa0 /opt/devkitpro/libctru/lib/libctru.a(ctru_exit.o)
                0x0000000000115764                __libctru_exit
 .text.sdmc_link
                0x0000000000115804       0x10 /opt/devkitpro/libctru/lib/libctru.a(sdmc_dev.o)
 .text.sdmc_dirreset
                0x0000000000115814       0x10 /opt/devkitpro/libctru/lib/libctru.a(sdmc_dev.o)
 .text.sdmc_chmod
                0x0000000000115824       0x10 /opt/devkitpro/libctru/lib/libctru.a(sdmc_dev.o)
 .text.error_cmp
                0x0000000000115834       0x24 /opt/devkitpro/libctru/lib/libctru.a(sdmc_dev.o)
 .text.sdmc_translate_error
                0x0000000000115858       0x50 /opt/devkitpro/libctru/lib/libctru.a(sdmc_dev.o)
 .text.sdmc_fsync
                0x00000000001158a8       0x34 /opt/devkitpro/libctru/lib/libctru.a(sdmc_dev.o)
 .text.sdmc_ftruncate
                0x00000000001158dc       0x54 /opt/devkitpro/libctru/lib/libctru.a(sdmc_dev.o)
 .text.sdmc_statvfs
                0x0000000000115930       0xb8 /opt/devkitpro/libctru/lib/libctru.a(sdmc_dev.o)
 .text.sdmc_dirclose
                0x00000000001159e8       0x38 /opt/devkitpro/libctru/lib/libctru.a(sdmc_dev.o)
 .text.sdmc_dirnext
                0x0000000000115a20      0x12c /opt/devkitpro/libctru/lib/libctru.a(sdmc_dev.o)
 .text.sdmc_close
                0x0000000000115b4c       0x34 /opt/devkitpro/libctru/lib/libctru.a(sdmc_dev.o)
 .text.sdmc_fstat
                0x0000000000115b80       0x74 /opt/devkitpro/libctru/lib/libctru.a(sdmc_dev.o)
 .text.sdmc_seek
                0x0000000000115bf4       0xd8 /opt/devkitpro/libctru/lib/libctru.a(sdmc_dev.o)
 .text.sdmc_read
                0x0000000000115ccc       0x84 /opt/devkitpro/libctru/lib/libctru.a(sdmc_dev.o)
 .text.sdmc_write
                0x0000000000115d50       0xc0 /opt/devkitpro/libctru/lib/libctru.a(sdmc_dev.o)
 .text.sdmc_utf16path
                0x0000000000115e10      0x1b0 /opt/devkitpro/libctru/lib/libctru.a(sdmc_dev.o)
 .text.sdmc_rmdir
                0x0000000000115fc0       0x74 /opt/devkitpro/libctru/lib/libctru.a(sdmc_dev.o)
 .text.sdmc_diropen
                0x0000000000116034       0xa4 /opt/devkitpro/libctru/lib/libctru.a(sdmc_dev.o)
 .text.sdmc_chdir
                0x00000000001160d8       0xb0 /opt/devkitpro/libctru/lib/libctru.a(sdmc_dev.o)
 .text.sdmc_mkdir
                0x0000000000116188       0x94 /opt/devkitpro/libctru/lib/libctru.a(sdmc_dev.o)
 .text.sdmc_rename
                0x000000000011621c      0x108 /opt/devkitpro/libctru/lib/libctru.a(sdmc_dev.o)
 .text.sdmc_unlink
                0x0000000000116324       0x74 /opt/devkitpro/libctru/lib/libctru.a(sdmc_dev.o)
 .text.sdmc_stat
                0x0000000000116398      0x108 /opt/devkitpro/libctru/lib/libctru.a(sdmc_dev.o)
 .text.sdmc_open
                0x00000000001164a0      0x198 /opt/devkitpro/libctru/lib/libctru.a(sdmc_dev.o)
 .text.sdmc_fchmod
                0x0000000000116638       0x10 /opt/devkitpro/libctru/lib/libctru.a(sdmc_dev.o)
 .text.sdmcInit
                0x0000000000116648      0x168 /opt/devkitpro/libctru/lib/libctru.a(sdmc_dev.o)
                0x0000000000116648                sdmcInit
 .text.sdmcExit
                0x00000000001167b0       0x60 /opt/devkitpro/libctru/lib/libctru.a(sdmc_dev.o)
                0x00000000001167b0                sdmcExit
 .text.__aeabi_read_tp
                0x0000000000116810        0xc /opt/devkitpro/libctru/lib/libctru.a(readtp.o)
                0x0000000000116810                __aeabi_read_tp
 .text.ceilf    0x000000000011681c       0xb4 /opt/devkitpro/devkitARM/lib/gcc/arm-none-eabi/8.1.0/../../../../arm-none-eabi/lib/armv6k/fpu/libm.a(lib_a-sf_ceil.o)
                0x000000000011681c                ceilf
 .text.cosf     0x00000000001168d0       0xc0 /opt/devkitpro/devkitARM/lib/gcc/arm-none-eabi/8.1.0/../../../../arm-none-eabi/lib/armv6k/fpu/libm.a(lib_a-sf_cos.o)
                0x00000000001168d0                cosf
 .text.sinf     0x0000000000116990       0xc8 /opt/devkitpro/devkitARM/lib/gcc/arm-none-eabi/8.1.0/../../../../arm-none-eabi/lib/armv6k/fpu/libm.a(lib_a-sf_sin.o)
                0x0000000000116990                sinf
 .text.__ieee754_rem_pio2f
                0x0000000000116a58      0x2e0 /opt/devkitpro/devkitARM/lib/gcc/arm-none-eabi/8.1.0/../../../../arm-none-eabi/lib/armv6k/fpu/libm.a(lib_a-ef_rem_pio2.o)
                0x0000000000116a58                __ieee754_rem_pio2f
 .text.__kernel_cosf
                0x0000000000116d38      0x124 /opt/devkitpro/devkitARM/lib/gcc/arm-none-eabi/8.1.0/../../../../arm-none-eabi/lib/armv6k/fpu/libm.a(lib_a-kf_cos.o)
                0x0000000000116d38                __kernel_cosf
 .text.__kernel_rem_pio2f
                0x0000000000116e5c      0x868 /opt/devkitpro/devkitARM/lib/gcc/arm-none-eabi/8.1.0/../../../../arm-none-eabi/lib/armv6k/fpu/libm.a(lib_a-kf_rem_pio2.o)
                0x0000000000116e5c                __kernel_rem_pio2f
 .text.__kernel_sinf
                0x00000000001176c4       0xa0 /opt/devkitpro/devkitARM/lib/gcc/arm-none-eabi/8.1.0/../../../../arm-none-eabi/lib/armv6k/fpu/libm.a(lib_a-kf_sin.o)
                0x00000000001176c4                __kernel_sinf
 .text.fabsf    0x0000000000117764       0x10 /opt/devkitpro/devkitARM/lib/gcc/arm-none-eabi/8.1.0/../../../../arm-none-eabi/lib/armv6k/fpu/libm.a(lib_a-sf_fabs.o)
                0x0000000000117764                fabsf
 .text.floorf   0x0000000000117774       0xb4 /opt/devkitpro/devkitARM/lib/gcc/arm-none-eabi/8.1.0/../../../../arm-none-eabi/lib/armv6k/fpu/libm.a(lib_a-sf_floor.o)
                0x0000000000117774                floorf
 .text.scalbnf  0x0000000000117828      0x124 /opt/devkitpro/devkitARM/lib/gcc/arm-none-eabi/8.1.0/../../../../arm-none-eabi/lib/armv6k/fpu/libm.a(lib_a-sf_scalbn.o)
                0x0000000000117828                scalbnf
 .text.copysignf
                0x000000000011794c       0x1c /opt/devkitpro/devkitARM/lib/gcc/arm-none-eabi/8.1.0/../../../../arm-none-eabi/lib/armv6k/fpu/libm.a(lib_a-sf_copysign.o)
                0x000000000011794c                copysignf
 .text.__fixdfdi
                0x0000000000117968       0x2c /opt/devkitpro/devkitARM/lib/gcc/arm-none-eabi/8.1.0/armv6k/fpu/libgcc.a(_fixdfdi.o)
                0x0000000000117968                __aeabi_d2lz
                0x0000000000117968                __fixdfdi
 *fill*         0x0000000000117994        0x4 
 .text.__fixunsdfdi
                0x0000000000117998       0x40 /opt/devkitpro/devkitARM/lib/gcc/arm-none-eabi/8.1.0/armv6k/fpu/libgcc.a(_fixunsdfdi.o)
                0x0000000000117998                __aeabi_d2ulz
                0x0000000000117998                __fixunsdfdi
 .text.__udivmoddi4
                0x00000000001179d8      0x128 /opt/devkitpro/devkitARM/lib/gcc/arm-none-eabi/8.1.0/armv6k/fpu/libgcc.a(_udivmoddi4.o)
                0x00000000001179d8                __udivmoddi4
 .text.bsearch  0x0000000000117b00       0x7c /opt/devkitpro/devkitARM/lib/gcc/arm-none-eabi/8.1.0/../../../../arm-none-eabi/lib/armv6k/fpu/libg.a(lib_a-bsearch.o)
                0x0000000000117b00                bsearch
 .text.calloc   0x0000000000117b7c       0x20 /opt/devkitpro/devkitARM/lib/gcc/arm-none-eabi/8.1.0/../../../../arm-none-eabi/lib/armv6k/fpu/libg.a(lib_a-calloc.o)
                0x0000000000117b7c                calloc
 .text._calloc_r
                0x0000000000117b9c       0x94 /opt/devkitpro/devkitARM/lib/gcc/arm-none-eabi/8.1.0/../../../../arm-none-eabi/lib/armv6k/fpu/libg.a(lib_a-callocr.o)
                0x0000000000117b9c                _calloc_r
 .text.__errno  0x0000000000117c30        0xc /opt/devkitpro/devkitARM/lib/gcc/arm-none-eabi/8.1.0/../../../../arm-none-eabi/lib/armv6k/fpu/libg.a(lib_a-errno.o)
                0x0000000000117c30                __errno
 .text._fclose_r
                0x0000000000117c3c      0x160 /opt/devkitpro/devkitARM/lib/gcc/arm-none-eabi/8.1.0/../../../../arm-none-eabi/lib/armv6k/fpu/libg.a(lib_a-fclose.o)
                0x0000000000117c3c                _fclose_r
 .text.fclose   0x0000000000117d9c       0x18 /opt/devkitpro/devkitARM/lib/gcc/arm-none-eabi/8.1.0/../../../../arm-none-eabi/lib/armv6k/fpu/libg.a(lib_a-fclose.o)
                0x0000000000117d9c                fclose
 .text.__sflush_r
                0x0000000000117db4      0x270 /opt/devkitpro/devkitARM/lib/gcc/arm-none-eabi/8.1.0/../../../../arm-none-eabi/lib/armv6k/fpu/libg.a(lib_a-fflush.o)
                0x0000000000117db4                __sflush_r
 .text._fflush_r
                0x0000000000118024       0x94 /opt/devkitpro/devkitARM/lib/gcc/arm-none-eabi/8.1.0/../../../../arm-none-eabi/lib/armv6k/fpu/libg.a(lib_a-fflush.o)
                0x0000000000118024                _fflush_r